Archive member included to satisfy reference by file (symbol)

c:/st/stm32cubeide_1.12.1/stm32cubeide/plugins/com.st.stm32cube.ide.mcu.externaltools.gnu-tools-for-stm32.10.3-2021.10.win32_1.0.200.202301161003/tools/bin/../lib/gcc/arm-none-eabi/10.3.1/../../../../arm-none-eabi/lib/thumb/v7e-m+fp/hard\libc_nano.a(lib_a-errno.o)
                              ./Core/Src/syscalls.o (__errno)
c:/st/stm32cubeide_1.12.1/stm32cubeide/plugins/com.st.stm32cube.ide.mcu.externaltools.gnu-tools-for-stm32.10.3-2021.10.win32_1.0.200.202301161003/tools/bin/../lib/gcc/arm-none-eabi/10.3.1/../../../../arm-none-eabi/lib/thumb/v7e-m+fp/hard\libc_nano.a(lib_a-exit.o)
                              c:/st/stm32cubeide_1.12.1/stm32cubeide/plugins/com.st.stm32cube.ide.mcu.externaltools.gnu-tools-for-stm32.10.3-2021.10.win32_1.0.200.202301161003/tools/bin/../lib/gcc/arm-none-eabi/10.3.1/../../../../arm-none-eabi/lib/thumb/v7e-m+fp/hard/crt0.o (exit)
c:/st/stm32cubeide_1.12.1/stm32cubeide/plugins/com.st.stm32cube.ide.mcu.externaltools.gnu-tools-for-stm32.10.3-2021.10.win32_1.0.200.202301161003/tools/bin/../lib/gcc/arm-none-eabi/10.3.1/../../../../arm-none-eabi/lib/thumb/v7e-m+fp/hard\libc_nano.a(lib_a-impure.o)
                              c:/st/stm32cubeide_1.12.1/stm32cubeide/plugins/com.st.stm32cube.ide.mcu.externaltools.gnu-tools-for-stm32.10.3-2021.10.win32_1.0.200.202301161003/tools/bin/../lib/gcc/arm-none-eabi/10.3.1/../../../../arm-none-eabi/lib/thumb/v7e-m+fp/hard\libc_nano.a(lib_a-exit.o) (_global_impure_ptr)
c:/st/stm32cubeide_1.12.1/stm32cubeide/plugins/com.st.stm32cube.ide.mcu.externaltools.gnu-tools-for-stm32.10.3-2021.10.win32_1.0.200.202301161003/tools/bin/../lib/gcc/arm-none-eabi/10.3.1/../../../../arm-none-eabi/lib/thumb/v7e-m+fp/hard\libc_nano.a(lib_a-init.o)
                              c:/st/stm32cubeide_1.12.1/stm32cubeide/plugins/com.st.stm32cube.ide.mcu.externaltools.gnu-tools-for-stm32.10.3-2021.10.win32_1.0.200.202301161003/tools/bin/../lib/gcc/arm-none-eabi/10.3.1/../../../../arm-none-eabi/lib/thumb/v7e-m+fp/hard/crt0.o (__libc_init_array)
c:/st/stm32cubeide_1.12.1/stm32cubeide/plugins/com.st.stm32cube.ide.mcu.externaltools.gnu-tools-for-stm32.10.3-2021.10.win32_1.0.200.202301161003/tools/bin/../lib/gcc/arm-none-eabi/10.3.1/../../../../arm-none-eabi/lib/thumb/v7e-m+fp/hard\libc_nano.a(lib_a-memcpy-stub.o)
                              ./Core/Src/lsm6_gyro.o (memcpy)
c:/st/stm32cubeide_1.12.1/stm32cubeide/plugins/com.st.stm32cube.ide.mcu.externaltools.gnu-tools-for-stm32.10.3-2021.10.win32_1.0.200.202301161003/tools/bin/../lib/gcc/arm-none-eabi/10.3.1/../../../../arm-none-eabi/lib/thumb/v7e-m+fp/hard\libc_nano.a(lib_a-memset.o)
                              c:/st/stm32cubeide_1.12.1/stm32cubeide/plugins/com.st.stm32cube.ide.mcu.externaltools.gnu-tools-for-stm32.10.3-2021.10.win32_1.0.200.202301161003/tools/bin/../lib/gcc/arm-none-eabi/10.3.1/../../../../arm-none-eabi/lib/thumb/v7e-m+fp/hard/crt0.o (memset)
c:/st/stm32cubeide_1.12.1/stm32cubeide/plugins/com.st.stm32cube.ide.mcu.externaltools.gnu-tools-for-stm32.10.3-2021.10.win32_1.0.200.202301161003/tools/bin/../lib/gcc/arm-none-eabi/10.3.1/../../../../arm-none-eabi/lib/thumb/v7e-m+fp/hard\libc_nano.a(lib_a-nano-vfprintf_float.o)
                              (_printf_float)
c:/st/stm32cubeide_1.12.1/stm32cubeide/plugins/com.st.stm32cube.ide.mcu.externaltools.gnu-tools-for-stm32.10.3-2021.10.win32_1.0.200.202301161003/tools/bin/../lib/gcc/arm-none-eabi/10.3.1/../../../../arm-none-eabi/lib/thumb/v7e-m+fp/hard\libc_nano.a(lib_a-nano-vfprintf_i.o)
                              c:/st/stm32cubeide_1.12.1/stm32cubeide/plugins/com.st.stm32cube.ide.mcu.externaltools.gnu-tools-for-stm32.10.3-2021.10.win32_1.0.200.202301161003/tools/bin/../lib/gcc/arm-none-eabi/10.3.1/../../../../arm-none-eabi/lib/thumb/v7e-m+fp/hard\libc_nano.a(lib_a-nano-vfprintf_float.o) (_printf_common)
c:/st/stm32cubeide_1.12.1/stm32cubeide/plugins/com.st.stm32cube.ide.mcu.externaltools.gnu-tools-for-stm32.10.3-2021.10.win32_1.0.200.202301161003/tools/bin/../lib/gcc/arm-none-eabi/10.3.1/../../../../arm-none-eabi/lib/thumb/v7e-m+fp/hard\libc_nano.a(lib_a-sprintf.o)
                              ./Core/Src/helpers.o (sprintf)
c:/st/stm32cubeide_1.12.1/stm32cubeide/plugins/com.st.stm32cube.ide.mcu.externaltools.gnu-tools-for-stm32.10.3-2021.10.win32_1.0.200.202301161003/tools/bin/../lib/gcc/arm-none-eabi/10.3.1/../../../../arm-none-eabi/lib/thumb/v7e-m+fp/hard\libc_nano.a(lib_a-strcpy.o)
                              ./Core/Src/gps_neoM9N.o (strcpy)
c:/st/stm32cubeide_1.12.1/stm32cubeide/plugins/com.st.stm32cube.ide.mcu.externaltools.gnu-tools-for-stm32.10.3-2021.10.win32_1.0.200.202301161003/tools/bin/../lib/gcc/arm-none-eabi/10.3.1/../../../../arm-none-eabi/lib/thumb/v7e-m+fp/hard\libc_nano.a(lib_a-strlen.o)
                              ./Core/Src/uart.o (strlen)
[...]
Memory Configuration

Name             Origin             Length             Attributes
RAM              0x0000000020000000 0x00000000000a0000 xrw
RAM2             0x0000000010000000 0x0000000000010000 xrw
RAM3             0x0000000020040000 0x0000000000060000 xrw
FLASH            0x0000000008000000 0x0000000000200000 xr
*default*        0x0000000000000000 0xffffffffffffffff

Linker script and memory map

LOAD c:/st/stm32cubeide_1.12.1/stm32cubeide/plugins/com.st.stm32cube.ide.mcu.externaltools.gnu-tools-for-stm32.10.3-2021.10.win32_1.0.200.202301161003/tools/bin/../lib/gcc/arm-none-eabi/10.3.1/thumb/v7e-m+fp/hard/crti.o
LOAD c:/st/stm32cubeide_1.12.1/stm32cubeide/plugins/com.st.stm32cube.ide.mcu.externaltools.gnu-tools-for-stm32.10.3-2021.10.win32_1.0.200.202301161003/tools/bin/../lib/gcc/arm-none-eabi/10.3.1/thumb/v7e-m+fp/hard/crtbegin.o
LOAD c:/st/stm32cubeide_1.12.1/stm32cubeide/plugins/com.st.stm32cube.ide.mcu.externaltools.gnu-tools-for-stm32.10.3-2021.10.win32_1.0.200.202301161003/tools/bin/../lib/gcc/arm-none-eabi/10.3.1/../../../../arm-none-eabi/lib/thumb/v7e-m+fp/hard/crt0.o
LOAD ./Core/Src/Fusion/Fusion.o
LOAD ./Core/Src/Fusion/FusionAhrs.o
LOAD ./Core/Src/Fusion/FusionCompass.o
LOAD ./Core/Src/Fusion/FusionOffset.o
LOAD ./Core/Src/freertos.o
LOAD ./Core/Src/gps_neoM9N.o
LOAD ./Core/Src/helpers.o
LOAD ./Core/Src/lsm6_gyro.o
LOAD ./Core/Src/main.o
LOAD ./Core/Src/message_handler.o
LOAD ./Core/Src/ring_buffer.o
LOAD ./Core/Src/stm32l4xx_hal_msp.o
LOAD ./Core/Src/stm32l4xx_hal_timebase_tim.o
LOAD ./Core/Src/stm32l4xx_it.o
LOAD ./Core/Src/syscalls.o
LOAD ./Core/Src/sysmem.o
LOAD ./Core/Src/system_stm32l4xx.o
LOAD ./Core/Src/uart.o
LOAD ./Core/Startup/startup_stm32l4s5vitx.o
LOAD ./Drivers/STM32L4xx_HAL_Driver/Src/stm32l4xx_hal.o
LOAD ./Drivers/STM32L4xx_HAL_Driver/Src/stm32l4xx_hal_cortex.o
LOAD ./Drivers/STM32L4xx_HAL_Driver/Src/stm32l4xx_hal_dma.o
LOAD ./Drivers/STM32L4xx_HAL_Driver/Src/stm32l4xx_hal_dma_ex.o
LOAD ./Drivers/STM32L4xx_HAL_Driver/Src/stm32l4xx_hal_exti.o
LOAD ./Drivers/STM32L4xx_HAL_Driver/Src/stm32l4xx_hal_flash.o
LOAD ./Drivers/STM32L4xx_HAL_Driver/Src/stm32l4xx_hal_flash_ex.o
LOAD ./Drivers/STM32L4xx_HAL_Driver/Src/stm32l4xx_hal_flash_ramfunc.o
LOAD ./Drivers/STM32L4xx_HAL_Driver/Src/stm32l4xx_hal_gpio.o
LOAD ./Drivers/STM32L4xx_HAL_Driver/Src/stm32l4xx_hal_i2c.o
LOAD ./Drivers/STM32L4xx_HAL_Driver/Src/stm32l4xx_hal_i2c_ex.o
LOAD ./Drivers/STM32L4xx_HAL_Driver/Src/stm32l4xx_hal_pwr.o
LOAD ./Drivers/STM32L4xx_HAL_Driver/Src/stm32l4xx_hal_pwr_ex.o
LOAD ./Drivers/STM32L4xx_HAL_Driver/Src/stm32l4xx_hal_rcc.o
LOAD ./Drivers/STM32L4xx_HAL_Driver/Src/stm32l4xx_hal_rcc_ex.o
LOAD ./Drivers/STM32L4xx_HAL_Driver/Src/stm32l4xx_hal_tim.o
LOAD ./Drivers/STM32L4xx_HAL_Driver/Src/stm32l4xx_hal_tim_ex.o
LOAD ./Drivers/STM32L4xx_HAL_Driver/Src/stm32l4xx_hal_uart.o
LOAD ./Drivers/STM32L4xx_HAL_Driver/Src/stm32l4xx_hal_uart_ex.o
LOAD ./Middlewares/Third_Party/FreeRTOS/Source/CMSIS_RTOS_V2/cmsis_os2.o
LOAD ./Middlewares/Third_Party/FreeRTOS/Source/croutine.o
LOAD ./Middlewares/Third_Party/FreeRTOS/Source/event_groups.o
LOAD ./Middlewares/Third_Party/FreeRTOS/Source/list.o
LOAD ./Middlewares/Third_Party/FreeRTOS/Source/queue.o
LOAD ./Middlewares/Third_Party/FreeRTOS/Source/stream_buffer.o
LOAD ./Middlewares/Third_Party/FreeRTOS/Source/tasks.o
LOAD ./Middlewares/Third_Party/FreeRTOS/Source/timers.o
LOAD ./Middlewares/Third_Party/FreeRTOS/Source/portable/GCC/ARM_CM4F/port.o
LOAD ./Middlewares/Third_Party/FreeRTOS/Source/portable/MemMang/heap_4.o
START GROUP
LOAD c:/st/stm32cubeide_1.12.1/stm32cubeide/plugins/com.st.stm32cube.ide.mcu.externaltools.gnu-tools-for-stm32.10.3-2021.10.win32_1.0.200.202301161003/tools/bin/../lib/gcc/arm-none-eabi/10.3.1/../../../../arm-none-eabi/lib/thumb/v7e-m+fp/hard\libc_nano.a
LOAD c:/st/stm32cubeide_1.12.1/stm32cubeide/plugins/com.st.stm32cube.ide.mcu.externaltools.gnu-tools-for-stm32.10.3-2021.10.win32_1.0.200.202301161003/tools/bin/../lib/gcc/arm-none-eabi/10.3.1/../../../../arm-none-eabi/lib/thumb/v7e-m+fp/hard\libm.a
END GROUP
START GROUP
LOAD c:/st/stm32cubeide_1.12.1/stm32cubeide/plugins/com.st.stm32cube.ide.mcu.externaltools.gnu-tools-for-stm32.10.3-2021.10.win32_1.0.200.202301161003/tools/bin/../lib/gcc/arm-none-eabi/10.3.1/thumb/v7e-m+fp/hard\libgcc.a
LOAD c:/st/stm32cubeide_1.12.1/stm32cubeide/plugins/com.st.stm32cube.ide.mcu.externaltools.gnu-tools-for-stm32.10.3-2021.10.win32_1.0.200.202301161003/tools/bin/../lib/gcc/arm-none-eabi/10.3.1/../../../../arm-none-eabi/lib/thumb/v7e-m+fp/hard\libc_nano.a
END GROUP
START GROUP
LOAD c:/st/stm32cubeide_1.12.1/stm32cubeide/plugins/com.st.stm32cube.ide.mcu.externaltools.gnu-tools-for-stm32.10.3-2021.10.win32_1.0.200.202301161003/tools/bin/../lib/gcc/arm-none-eabi/10.3.1/thumb/v7e-m+fp/hard\libgcc.a
LOAD c:/st/stm32cubeide_1.12.1/stm32cubeide/plugins/com.st.stm32cube.ide.mcu.externaltools.gnu-tools-for-stm32.10.3-2021.10.win32_1.0.200.202301161003/tools/bin/../lib/gcc/arm-none-eabi/10.3.1/../../../../arm-none-eabi/lib/thumb/v7e-m+fp/hard\libc_nano.a
LOAD c:/st/stm32cubeide_1.12.1/stm32cubeide/plugins/com.st.stm32cube.ide.mcu.externaltools.gnu-tools-for-stm32.10.3-2021.10.win32_1.0.200.202301161003/tools/bin/../lib/gcc/arm-none-eabi/10.3.1/../../../../arm-none-eabi/lib/thumb/v7e-m+fp/hard\libnosys.a
END GROUP
START GROUP
LOAD c:/st/stm32cubeide_1.12.1/stm32cubeide/plugins/com.st.stm32cube.ide.mcu.externaltools.gnu-tools-for-stm32.10.3-2021.10.win32_1.0.200.202301161003/tools/bin/../lib/gcc/arm-none-eabi/10.3.1/thumb/v7e-m+fp/hard\libgcc.a
LOAD c:/st/stm32cubeide_1.12.1/stm32cubeide/plugins/com.st.stm32cube.ide.mcu.externaltools.gnu-tools-for-stm32.10.3-2021.10.win32_1.0.200.202301161003/tools/bin/../lib/gcc/arm-none-eabi/10.3.1/../../../../arm-none-eabi/lib/thumb/v7e-m+fp/hard\libc_nano.a
LOAD c:/st/stm32cubeide_1.12.1/stm32cubeide/plugins/com.st.stm32cube.ide.mcu.externaltools.gnu-tools-for-stm32.10.3-2021.10.win32_1.0.200.202301161003/tools/bin/../lib/gcc/arm-none-eabi/10.3.1/../../../../arm-none-eabi/lib/thumb/v7e-m+fp/hard\libnosys.a
END GROUP
LOAD c:/st/stm32cubeide_1.12.1/stm32cubeide/plugins/com.st.stm32cube.ide.mcu.externaltools.gnu-tools-for-stm32.10.3-2021.10.win32_1.0.200.202301161003/tools/bin/../lib/gcc/arm-none-eabi/10.3.1/thumb/v7e-m+fp/hard/crtend.o
LOAD c:/st/stm32cubeide_1.12.1/stm32cubeide/plugins/com.st.stm32cube.ide.mcu.externaltools.gnu-tools-for-stm32.10.3-2021.10.win32_1.0.200.202301161003/tools/bin/../lib/gcc/arm-none-eabi/10.3.1/thumb/v7e-m+fp/hard/crtn.o
                0x00000000200a0000                _estack = (ORIGIN (RAM) + LENGTH (RAM))
                0x0000000000000200                _Min_Heap_Size = 0x200
                0x0000000000000400                _Min_Stack_Size = 0x400

.isr_vector     0x0000000008000000      0x1bc
                0x0000000008000000                . = ALIGN (0x4)
 *(.isr_vector)
 .isr_vector    0x0000000008000000      0x1bc ./Core/Startup/startup_stm32l4s5vitx.o
                0x0000000008000000                g_pfnVectors
                0x00000000080001bc                . = ALIGN (0x4)

.text           0x00000000080001c0    0x13a60
                0x00000000080001c0                . = ALIGN (0x4)
 *(.text)
 .text          0x00000000080001c0       0x40 c:/st/stm32cubeide_1.12.1/stm32cubeide/plugins/com.st.stm32cube.ide.mcu.externaltools.gnu-tools-for-stm32.10.3-2021.10.win32_1.0.200.202301161003/tools/bin/../lib/gcc/arm-none-eabi/10.3.1/thumb/v7e-m+fp/hard/crtbegin.o
 .text          0x0000000008000200       0x10 c:/st/stm32cubeide_1.12.1/stm32cubeide/plugins/com.st.stm32cube.ide.mcu.externaltools.gnu-tools-for-stm32.10.3-2021.10.win32_1.0.200.202301161003/tools/bin/../lib/gcc/arm-none-eabi/10.3.1/../../../../arm-none-eabi/lib/thumb/v7e-m+fp/hard\libc_nano.a(lib_a-strlen.o)
                0x0000000008000200                strlen
 .text          0x0000000008000210       0xa0 c:/st/stm32cubeide_1.12.1/stm32cubeide/plugins/com.st.stm32cube.ide.mcu.externaltools.gnu-tools-for-stm32.10.3-2021.10.win32_1.0.200.202301161003/tools/bin/../lib/gcc/arm-none-eabi/10.3.1/../../../../arm-none-eabi/lib/thumb/v7e-m+fp/hard\libc_nano.a(lib_a-memchr.o)
                0x0000000008000210                memchr
 .text          0x00000000080002b0      0x378 c:/st/stm32cubeide_1.12.1/stm32cubeide/plugins/com.st.stm32cube.ide.mcu.externaltools.gnu-tools-for-stm32.10.3-2021.10.win32_1.0.200.202301161003/tools/bin/../lib/gcc/arm-none-eabi/10.3.1/thumb/v7e-m+fp/hard\libgcc.a(_arm_addsubdf3.o)
                0x00000000080002b0                __aeabi_drsub
                0x00000000080002b8                __aeabi_dsub
                0x00000000080002b8                __subdf3
                0x00000000080002bc                __aeabi_dadd
                0x00000000080002bc                __adddf3
                0x0000000008000534                __floatunsidf
                0x0000000008000534                __aeabi_ui2d
                0x0000000008000554                __floatsidf
                0x0000000008000554                __aeabi_i2d
                0x0000000008000578                __aeabi_f2d
                0x0000000008000578                __extendsfdf2
                0x00000000080005bc                __floatundidf
                0x00000000080005bc                __aeabi_ul2d
                0x00000000080005cc                __floatdidf
                0x00000000080005cc                __aeabi_l2d
 .text          0x0000000008000628      0x424 c:/st/stm32cubeide_1.12.1/stm32cubeide/plugins/com.st.stm32cube.ide.mcu.externaltools.gnu-tools-for-stm32.10.3-2021.10.win32_1.0.200.202301161003/tools/bin/../lib/gcc/arm-none-eabi/10.3.1/thumb/v7e-m+fp/hard\libgcc.a(_arm_muldivdf3.o)
                0x0000000008000628                __aeabi_dmul
                0x0000000008000628                __muldf3
                0x000000000800087c                __divdf3
                0x000000000800087c                __aeabi_ddiv
 .text          0x0000000008000a4c      0x110 c:/st/stm32cubeide_1.12.1/stm32cubeide/plugins/com.st.stm32cube.ide.mcu.externaltools.gnu-tools-for-stm32.10.3-2021.10.win32_1.0.200.202301161003/tools/bin/../lib/gcc/arm-none-eabi/10.3.1/thumb/v7e-m+fp/hard\libgcc.a(_arm_cmpdf2.o)
                0x0000000008000a4c                __gtdf2
                0x0000000008000a4c                __gedf2
                0x0000000008000a54                __ltdf2
                0x0000000008000a54                __ledf2
                0x0000000008000a5c                __nedf2
                0x0000000008000a5c                __eqdf2
                0x0000000008000a5c                __cmpdf2
                0x0000000008000ad8                __aeabi_cdrcmple
                0x0000000008000ae8                __aeabi_cdcmpeq
                0x0000000008000ae8                __aeabi_cdcmple
                0x0000000008000af8                __aeabi_dcmpeq
                0x0000000008000b0c                __aeabi_dcmplt
                0x0000000008000b20                __aeabi_dcmple
                0x0000000008000b34                __aeabi_dcmpge
                0x0000000008000b48                __aeabi_dcmpgt
 .text          0x0000000008000b5c       0x2c c:/st/stm32cubeide_1.12.1/stm32cubeide/plugins/com.st.stm32cube.ide.mcu.externaltools.gnu-tools-for-stm32.10.3-2021.10.win32_1.0.200.202301161003/tools/bin/../lib/gcc/arm-none-eabi/10.3.1/thumb/v7e-m+fp/hard\libgcc.a(_arm_unorddf2.o)
                0x0000000008000b5c                __unorddf2
                0x0000000008000b5c                __aeabi_dcmpun
 .text          0x0000000008000b88       0x50 c:/st/stm32cubeide_1.12.1/stm32cubeide/plugins/com.st.stm32cube.ide.mcu.externaltools.gnu-tools-for-stm32.10.3-2021.10.win32_1.0.200.202301161003/tools/bin/../lib/gcc/arm-none-eabi/10.3.1/thumb/v7e-m+fp/hard\libgcc.a(_arm_fixdfsi.o)
                0x0000000008000b88                __aeabi_d2iz
                0x0000000008000b88                __fixdfsi
 .text          0x0000000008000bd8       0x30 c:/st/stm32cubeide_1.12.1/stm32cubeide/plugins/com.st.stm32cube.ide.mcu.externaltools.gnu-tools-for-stm32.10.3-2021.10.win32_1.0.200.202301161003/tools/bin/../lib/gcc/arm-none-eabi/10.3.1/thumb/v7e-m+fp/hard\libgcc.a(_aeabi_uldivmod.o)
                0x0000000008000bd8                __aeabi_uldivmod
 .text          0x0000000008000c08      0x2d0 c:/st/stm32cubeide_1.12.1/stm32cubeide/plugins/com.st.stm32cube.ide.mcu.externaltools.gnu-tools-for-stm32.10.3-2021.10.win32_1.0.200.202301161003/tools/bin/../lib/gcc/arm-none-eabi/10.3.1/thumb/v7e-m+fp/hard\libgcc.a(_udivmoddi4.o)
                0x0000000008000c08                __udivmoddi4
 .text          0x0000000008000ed8        0x4 c:/st/stm32cubeide_1.12.1/stm32cubeide/plugins/com.st.stm32cube.ide.mcu.externaltools.gnu-tools-for-stm32.10.3-2021.10.win32_1.0.200.202301161003/tools/bin/../lib/gcc/arm-none-eabi/10.3.1/thumb/v7e-m+fp/hard\libgcc.a(_dvmd_tls.o)
                0x0000000008000ed8                __aeabi_idiv0
                0x0000000008000ed8                __aeabi_ldiv0
 *(.text*)
 .text.FusionRadiansToDegrees
                0x0000000008000edc       0x28 ./Core/Src/Fusion/Fusion.o
 .text.FusionAsin
                0x0000000008000f04       0x58 ./Core/Src/Fusion/Fusion.o
 .text.FusionVectorSubtract
                0x0000000008000f5c       0x9c ./Core/Src/Fusion/Fusion.o
 .text.FusionVectorHadamardProduct
                0x0000000008000ff8       0x9c ./Core/Src/Fusion/Fusion.o
 .text.FusionMatrixMultiplyVector
                0x0000000008001094       0xf0 ./Core/Src/Fusion/Fusion.o
 .text.FusionQuaternionToEuler
                0x0000000008001184      0x14c ./Core/Src/Fusion/Fusion.o
 .text.FusionCalibrationInertial
                0x00000000080012d0      0x15a ./Core/Src/Fusion/Fusion.o
 .text.FusionCalibrationMagnetic
                0x000000000800142a       0xfe ./Core/Src/Fusion/Fusion.o
 .text.FusionInit
                0x0000000008001528       0x40 ./Core/Src/Fusion/Fusion.o
                0x0000000008001528                FusionInit
 .text.FusionCalcHeading
                0x0000000008001568      0x34c ./Core/Src/Fusion/Fusion.o
                0x0000000008001568                FusionCalcHeading
 .text.FusionDegreesToRadians
                0x00000000080018b4       0x28 ./Core/Src/Fusion/FusionAhrs.o
 .text.FusionFastInverseSqrt
                0x00000000080018dc       0x60 ./Core/Src/Fusion/FusionAhrs.o
 .text.FusionVectorIsZero
                0x000000000800193c       0x60 ./Core/Src/Fusion/FusionAhrs.o
 .text.FusionVectorAdd
                0x000000000800199c       0x9c ./Core/Src/Fusion/FusionAhrs.o
 .text.FusionVectorSum
                0x0000000008001a38       0x40 ./Core/Src/Fusion/FusionAhrs.o
 .text.FusionVectorMultiplyScalar
                0x0000000008001a78       0x88 ./Core/Src/Fusion/FusionAhrs.o
 .text.FusionVectorHadamardProduct
                0x0000000008001b00       0x9c ./Core/Src/Fusion/FusionAhrs.o
 .text.FusionVectorCrossProduct
                0x0000000008001b9c       0xcc ./Core/Src/Fusion/FusionAhrs.o
 .text.FusionVectorMagnitudeSquared
                0x0000000008001c68       0x94 ./Core/Src/Fusion/FusionAhrs.o
 .text.FusionVectorNormalise
                0x0000000008001cfc       0xa6 ./Core/Src/Fusion/FusionAhrs.o
 .text.FusionQuaternionAdd
                0x0000000008001da2       0xc4 ./Core/Src/Fusion/FusionAhrs.o
 .text.FusionQuaternionMultiply
                0x0000000008001e66      0x184 ./Core/Src/Fusion/FusionAhrs.o
 .text.FusionQuaternionMultiplyVector
                0x0000000008001fea      0x140 ./Core/Src/Fusion/FusionAhrs.o
 .text.FusionQuaternionNormalise
                0x000000000800212a       0xea ./Core/Src/Fusion/FusionAhrs.o
 .text.FusionAhrsInitialise
                0x0000000008002214       0x38 ./Core/Src/Fusion/FusionAhrs.o
                0x0000000008002214                FusionAhrsInitialise
 .text.FusionAhrsReset
                0x000000000800224c       0xbc ./Core/Src/Fusion/FusionAhrs.o
                0x000000000800224c                FusionAhrsReset
 .text.FusionAhrsSetSettings
                0x0000000008002308      0x11c ./Core/Src/Fusion/FusionAhrs.o
                0x0000000008002308                FusionAhrsSetSettings
 .text.FusionAhrsUpdate
                0x0000000008002424      0x6c2 ./Core/Src/Fusion/FusionAhrs.o
                0x0000000008002424                FusionAhrsUpdate
 .text.HalfGravity
                0x0000000008002ae6      0x17a ./Core/Src/Fusion/FusionAhrs.o
 .text.HalfMagnetic
                0x0000000008002c60      0x214 ./Core/Src/Fusion/FusionAhrs.o
 .text.FusionAhrsGetQuaternion
                0x0000000008002e74       0x46 ./Core/Src/Fusion/FusionAhrs.o
                0x0000000008002e74                FusionAhrsGetQuaternion
 .text.FusionAhrsSetHeading
                0x0000000008002eba      0x12c ./Core/Src/Fusion/FusionAhrs.o
                0x0000000008002eba                FusionAhrsSetHeading
 *fill*         0x0000000008002fe6        0x2 
 .text.FusionRadiansToDegrees
                0x0000000008002fe8       0x28 ./Core/Src/Fusion/FusionCompass.o
 .text.FusionFastInverseSqrt
                0x0000000008003010       0x60 ./Core/Src/Fusion/FusionCompass.o
 .text.FusionVectorSum
                0x0000000008003070       0x40 ./Core/Src/Fusion/FusionCompass.o
 .text.FusionVectorMultiplyScalar
                0x00000000080030b0       0x88 ./Core/Src/Fusion/FusionCompass.o
 .text.FusionVectorHadamardProduct
                0x0000000008003138       0x9c ./Core/Src/Fusion/FusionCompass.o
 .text.FusionVectorCrossProduct
                0x00000000080031d4       0xcc ./Core/Src/Fusion/FusionCompass.o
 .text.FusionVectorMagnitudeSquared
                0x00000000080032a0       0x94 ./Core/Src/Fusion/FusionCompass.o
 .text.FusionVectorNormalise
                0x0000000008003334       0xa6 ./Core/Src/Fusion/FusionCompass.o
 *fill*         0x00000000080033da        0x2 
 .text.FusionCompassCalculateHeading
                0x00000000080033dc      0x448 ./Core/Src/Fusion/FusionCompass.o
                0x00000000080033dc                FusionCompassCalculateHeading
 .text.FusionVectorAdd
                0x0000000008003824       0x9c ./Core/Src/Fusion/FusionOffset.o
 .text.FusionVectorSubtract
                0x00000000080038c0       0x9c ./Core/Src/Fusion/FusionOffset.o
 .text.FusionVectorMultiplyScalar
                0x000000000800395c       0x88 ./Core/Src/Fusion/FusionOffset.o
 .text.FusionOffsetInitialise
                0x00000000080039e4       0x64 ./Core/Src/Fusion/FusionOffset.o
                0x00000000080039e4                FusionOffsetInitialise
 .text.FusionOffsetUpdate
                0x0000000008003a48      0x1ac ./Core/Src/Fusion/FusionOffset.o
                0x0000000008003a48                FusionOffsetUpdate
 .text.ublox_i2c_bus_init
                0x0000000008003bf4       0x80 ./Core/Src/gps_neoM9N.o
                0x0000000008003bf4                ublox_i2c_bus_init
 .text.ublox_tick
                0x0000000008003c74       0x2c ./Core/Src/gps_neoM9N.o
                0x0000000008003c74                ublox_tick
 .text.ublox_transmit_rtc
                0x0000000008003ca0       0x28 ./Core/Src/gps_neoM9N.o
                0x0000000008003ca0                ublox_transmit_rtc
 .text.ublox_transmit_message
                0x0000000008003cc8       0xac ./Core/Src/gps_neoM9N.o
                0x0000000008003cc8                ublox_transmit_message
 .text.ubloxInit
                0x0000000008003d74       0xc4 ./Core/Src/gps_neoM9N.o
                0x0000000008003d74                ubloxInit
 .text.ubloxRead
                0x0000000008003e38       0xbc ./Core/Src/gps_neoM9N.o
                0x0000000008003e38                ubloxRead
 .text.parseNMEA
                0x0000000008003ef4      0x204 ./Core/Src/gps_neoM9N.o
                0x0000000008003ef4                parseNMEA
 .text.calcChecksum
                0x00000000080040f8       0xe8 ./Core/Src/gps_neoM9N.o
 .text.sendI2Cmessage
                0x00000000080041e0       0xd0 ./Core/Src/gps_neoM9N.o
                0x00000000080041e0                sendI2Cmessage
 .text.setPortOutput
                0x00000000080042b0       0x60 ./Core/Src/gps_neoM9N.o
                0x00000000080042b0                setPortOutput
 .text.configureNMEA
                0x0000000008004310       0x64 ./Core/Src/gps_neoM9N.o
                0x0000000008004310                configureNMEA
 .text.init_gps_data
                0x0000000008004374       0x78 ./Core/Src/gps_neoM9N.o
                0x0000000008004374                init_gps_data
 .text.strtoke  0x00000000080043ec       0x64 ./Core/Src/helpers.o
                0x00000000080043ec                strtoke
 .text.altAtol  0x0000000008004450      0x110 ./Core/Src/helpers.o
                0x0000000008004450                altAtol
 .text.coorsAtol
                0x0000000008004560      0x1e0 ./Core/Src/helpers.o
                0x0000000008004560                coorsAtol
 .text.tick_gyro
                0x0000000008004740       0x22 ./Core/Src/lsm6_gyro.o
                0x0000000008004740                tick_gyro
 *fill*         0x0000000008004762        0x2 
 .text.lsm6_bus_init
                0x0000000008004764       0x80 ./Core/Src/lsm6_gyro.o
                0x0000000008004764                lsm6_bus_init
 .text.gyro_init
                0x00000000080047e4       0x4c ./Core/Src/lsm6_gyro.o
                0x00000000080047e4                gyro_init
 .text.lsm6_acc_init
                0x0000000008004830       0x4c ./Core/Src/lsm6_gyro.o
                0x0000000008004830                lsm6_acc_init
 .text.magn_init
                0x000000000800487c       0xb8 ./Core/Src/lsm6_gyro.o
                0x000000000800487c                magn_init
 .text.gyro_read
                0x0000000008004934       0xf0 ./Core/Src/lsm6_gyro.o
                0x0000000008004934                gyro_read
 .text.lsm6_acc_read
                0x0000000008004a24       0xb8 ./Core/Src/lsm6_gyro.o
                0x0000000008004a24                lsm6_acc_read
 .text.lis3_magn_read
                0x0000000008004adc       0xb4 ./Core/Src/lsm6_gyro.o
                0x0000000008004adc                lis3_magn_read
 .text.main     0x0000000008004b90      0x260 ./Core/Src/main.o
                0x0000000008004b90                main
 .text.StartDefaultTask
                0x0000000008004df0       0x28 ./Core/Src/main.o
                0x0000000008004df0                StartDefaultTask
 .text.calcHeadingTask
                0x0000000008004e18       0x54 ./Core/Src/main.o
                0x0000000008004e18                calcHeadingTask
 .text.readMemsTask
                0x0000000008004e6c       0x4c ./Core/Src/main.o
                0x0000000008004e6c                readMemsTask
 .text.printOutTask
                0x0000000008004eb8       0x8c ./Core/Src/main.o
                0x0000000008004eb8                printOutTask
 .text.getCoorsTask
                0x0000000008004f44       0x50 ./Core/Src/main.o
                0x0000000008004f44                getCoorsTask
 .text.readMessageTask
                0x0000000008004f94       0x4c ./Core/Src/main.o
                0x0000000008004f94                readMessageTask
 .text.sendMessageTask
                0x0000000008004fe0       0x12 ./Core/Src/main.o
                0x0000000008004fe0                sendMessageTask
 .text.SystemClock_Config
                0x0000000008004ff2       0xa2 ./Core/Src/main.o
                0x0000000008004ff2                SystemClock_Config
 .text.MX_GPIO_Init
                0x0000000008005094      0x354 ./Core/Src/main.o
 .text.HAL_TIM_PeriodElapsedCallback
                0x00000000080053e8       0x24 ./Core/Src/main.o
                0x00000000080053e8                HAL_TIM_PeriodElapsedCallback
 .text.Error_Handler
                0x000000000800540c       0x20 ./Core/Src/main.o
                0x000000000800540c                Error_Handler
 .text.tick_Handler
                0x000000000800542c       0x2c ./Core/Src/message_handler.o
                0x000000000800542c                tick_Handler
 .text.sendNack
                0x0000000008005458       0x68 ./Core/Src/message_handler.o
                0x0000000008005458                sendNack
 .text.sendAck  0x00000000080054c0       0x68 ./Core/Src/message_handler.o
                0x00000000080054c0                sendAck
 .text.calcDataSize
                0x0000000008005528       0x6a ./Core/Src/message_handler.o
 *fill*         0x0000000008005592        0x2 
 .text.transmitMessage
                0x0000000008005594      0x348 ./Core/Src/message_handler.o
                0x0000000008005594                transmitMessage
 .text.calcChecksum
                0x00000000080058dc       0x9c ./Core/Src/message_handler.o
 .text.parseMessage
                0x0000000008005978      0x114 ./Core/Src/message_handler.o
                0x0000000008005978                parseMessage
 .text.handler  0x0000000008005a8c       0xe0 ./Core/Src/message_handler.o
 .text.init_message_t
                0x0000000008005b6c       0x58 ./Core/Src/message_handler.o
 .text.reportFW
                0x0000000008005bc4       0x2a ./Core/Src/message_handler.o
                0x0000000008005bc4                reportFW
 .text.RB_init  0x0000000008005bee       0x40 ./Core/Src/ring_buffer.o
                0x0000000008005bee                RB_init
 .text.RB_push  0x0000000008005c2e       0x5c ./Core/Src/ring_buffer.o
                0x0000000008005c2e                RB_push
 .text.RB_pop   0x0000000008005c8a       0x4a ./Core/Src/ring_buffer.o
                0x0000000008005c8a                RB_pop
 .text.RB_pushFront
                0x0000000008005cd4       0x54 ./Core/Src/ring_buffer.o
                0x0000000008005cd4                RB_pushFront
 .text.RB_size  0x0000000008005d28       0x38 ./Core/Src/ring_buffer.o
                0x0000000008005d28                RB_size
 .text.RB_clear
                0x0000000008005d60       0x28 ./Core/Src/ring_buffer.o
                0x0000000008005d60                RB_clear
 .text.HAL_MspInit
                0x0000000008005d88       0x50 ./Core/Src/stm32l4xx_hal_msp.o
                0x0000000008005d88                HAL_MspInit
 .text.HAL_I2C_MspInit
                0x0000000008005dd8      0x164 ./Core/Src/stm32l4xx_hal_msp.o
                0x0000000008005dd8                HAL_I2C_MspInit
 .text.HAL_UART_MspInit
                0x0000000008005f3c      0x274 ./Core/Src/stm32l4xx_hal_msp.o
                0x0000000008005f3c                HAL_UART_MspInit
 .text.HAL_InitTick
                0x00000000080061b0       0xdc ./Core/Src/stm32l4xx_hal_timebase_tim.o
                0x00000000080061b0                HAL_InitTick
 .text.NMI_Handler
                0x000000000800628c        0x6 ./Core/Src/stm32l4xx_it.o
                0x000000000800628c                NMI_Handler
 .text.HardFault_Handler
                0x0000000008006292        0x6 ./Core/Src/stm32l4xx_it.o
                0x0000000008006292                HardFault_Handler
 .text.MemManage_Handler
                0x0000000008006298        0x6 ./Core/Src/stm32l4xx_it.o
                0x0000000008006298                MemManage_Handler
 .text.BusFault_Handler
                0x000000000800629e        0x6 ./Core/Src/stm32l4xx_it.o
                0x000000000800629e                BusFault_Handler
 .text.UsageFault_Handler
                0x00000000080062a4        0x6 ./Core/Src/stm32l4xx_it.o
                0x00000000080062a4                UsageFault_Handler
 .text.DebugMon_Handler
                0x00000000080062aa        0xe ./Core/Src/stm32l4xx_it.o
                0x00000000080062aa                DebugMon_Handler
 .text.EXTI9_5_IRQHandler
                0x00000000080062b8       0x22 ./Core/Src/stm32l4xx_it.o
                0x00000000080062b8                EXTI9_5_IRQHandler
 *fill*         0x00000000080062da        0x2 
 .text.TIM1_UP_TIM16_IRQHandler
                0x00000000080062dc       0x14 ./Core/Src/stm32l4xx_it.o
                0x00000000080062dc                TIM1_UP_TIM16_IRQHandler
 .text.I2C1_EV_IRQHandler
                0x00000000080062f0       0x14 ./Core/Src/stm32l4xx_it.o
                0x00000000080062f0                I2C1_EV_IRQHandler
 .text.I2C2_EV_IRQHandler
                0x0000000008006304       0x14 ./Core/Src/stm32l4xx_it.o
                0x0000000008006304                I2C2_EV_IRQHandler
 .text.USART1_IRQHandler
                0x0000000008006318       0x14 ./Core/Src/stm32l4xx_it.o
                0x0000000008006318                USART1_IRQHandler
 .text.UART4_IRQHandler
                0x000000000800632c       0x14 ./Core/Src/stm32l4xx_it.o
                0x000000000800632c                UART4_IRQHandler
 .text.EXTI15_10_IRQHandler
                0x0000000008006340       0x38 ./Core/Src/stm32l4xx_it.o
                0x0000000008006340                EXTI15_10_IRQHandler
 .text._getpid  0x0000000008006378       0x10 ./Core/Src/syscalls.o
                0x0000000008006378                _getpid
 .text._kill    0x0000000008006388       0x20 ./Core/Src/syscalls.o
                0x0000000008006388                _kill
 .text._exit    0x00000000080063a8       0x14 ./Core/Src/syscalls.o
                0x00000000080063a8                _exit
 .text._read    0x00000000080063bc       0x3a ./Core/Src/syscalls.o
                0x00000000080063bc                _read
 .text._write   0x00000000080063f6       0x38 ./Core/Src/syscalls.o
                0x00000000080063f6                _write
 .text._close   0x000000000800642e       0x18 ./Core/Src/syscalls.o
                0x000000000800642e                _close
 .text._fstat   0x0000000008006446       0x20 ./Core/Src/syscalls.o
                0x0000000008006446                _fstat
 .text._isatty  0x0000000008006466       0x16 ./Core/Src/syscalls.o
                0x0000000008006466                _isatty
 .text._lseek   0x000000000800647c       0x1a ./Core/Src/syscalls.o
                0x000000000800647c                _lseek
 *fill*         0x0000000008006496        0x2 
 .text._sbrk    0x0000000008006498       0x6c ./Core/Src/sysmem.o
                0x0000000008006498                _sbrk
 .text.SystemInit
                0x0000000008006504       0x24 ./Core/Src/system_stm32l4xx.o
                0x0000000008006504                SystemInit
 .text.MX_USART1_UART_Init
                0x0000000008006528       0xa4 ./Core/Src/uart.o
                0x0000000008006528                MX_USART1_UART_Init
 .text.MX_UART4_Init
                0x00000000080065cc       0xb0 ./Core/Src/uart.o
                0x00000000080065cc                MX_UART4_Init
 .text.error_Handler
                0x000000000800667c       0x14 ./Core/Src/uart.o
 .text.uart_receive_it
                0x0000000008006690       0x50 ./Core/Src/uart.o
                0x0000000008006690                uart_receive_it
 .text.uart_write_debug
                0x00000000080066e0       0x2c ./Core/Src/uart.o
                0x00000000080066e0                uart_write_debug
 .text.uart_write
                0x000000000800670c       0x78 ./Core/Src/uart.o
                0x000000000800670c                uart_write
 .text.HAL_UART_RxCpltCallback
                0x0000000008006784      0x18c ./Core/Src/uart.o
                0x0000000008006784                HAL_UART_RxCpltCallback
 .text.Reset_Handler
                0x0000000008006910       0x50 ./Core/Startup/startup_stm32l4s5vitx.o
                0x0000000008006910                Reset_Handler
 .text.Default_Handler
                0x0000000008006960        0x2 ./Core/Startup/startup_stm32l4s5vitx.o
                0x0000000008006960                RTC_Alarm_IRQHandler
                0x0000000008006960                EXTI2_IRQHandler
                0x0000000008006960                TIM8_TRG_COM_IRQHandler
                0x0000000008006960                TIM8_CC_IRQHandler
                0x0000000008006960                TIM1_CC_IRQHandler
                0x0000000008006960                TSC_IRQHandler
                0x0000000008006960                TAMP_STAMP_IRQHandler
                0x0000000008006960                EXTI3_IRQHandler
                0x0000000008006960                LPTIM2_IRQHandler
                0x0000000008006960                DFSDM1_FLT1_IRQHandler
                0x0000000008006960                GFXMMU_IRQHandler
                0x0000000008006960                I2C3_ER_IRQHandler
                0x0000000008006960                DFSDM1_FLT2_IRQHandler
                0x0000000008006960                EXTI0_IRQHandler
                0x0000000008006960                CAN1_RX0_IRQHandler
                0x0000000008006960                FPU_IRQHandler
                0x0000000008006960                LTDC_ER_IRQHandler
                0x0000000008006960                SPI1_IRQHandler
                0x0000000008006960                OCTOSPI1_IRQHandler
                0x0000000008006960                TIM6_DAC_IRQHandler
                0x0000000008006960                DCMI_IRQHandler
                0x0000000008006960                TIM8_UP_IRQHandler
                0x0000000008006960                OCTOSPI2_IRQHandler
                0x0000000008006960                DMA2_Channel2_IRQHandler
                0x0000000008006960                DMA1_Channel4_IRQHandler
                0x0000000008006960                SAI2_IRQHandler
                0x0000000008006960                ADC1_IRQHandler
                0x0000000008006960                DFSDM1_FLT3_IRQHandler
                0x0000000008006960                USART3_IRQHandler
                0x0000000008006960                DMA1_Channel7_IRQHandler
                0x0000000008006960                CAN1_RX1_IRQHandler
                0x0000000008006960                UART5_IRQHandler
                0x0000000008006960                TIM4_IRQHandler
                0x0000000008006960                DMA2_Channel1_IRQHandler
                0x0000000008006960                DMAMUX1_OVR_IRQHandler
                0x0000000008006960                DMA1_Channel6_IRQHandler
                0x0000000008006960                DMA2_Channel4_IRQHandler
                0x0000000008006960                TIM3_IRQHandler
                0x0000000008006960                RCC_IRQHandler
                0x0000000008006960                DMA1_Channel1_IRQHandler
                0x0000000008006960                Default_Handler
                0x0000000008006960                DMA2_Channel7_IRQHandler
                0x0000000008006960                TIM7_IRQHandler
                0x0000000008006960                SDMMC1_IRQHandler
                0x0000000008006960                TIM5_IRQHandler
                0x0000000008006960                I2C3_EV_IRQHandler
                0x0000000008006960                RTC_WKUP_IRQHandler
                0x0000000008006960                LTDC_IRQHandler
                0x0000000008006960                PVD_PVM_IRQHandler
                0x0000000008006960                SPI2_IRQHandler
                0x0000000008006960                CAN1_TX_IRQHandler
                0x0000000008006960                DMA2_Channel5_IRQHandler
                0x0000000008006960                DMA1_Channel5_IRQHandler
                0x0000000008006960                EXTI4_IRQHandler
                0x0000000008006960                RNG_IRQHandler
                0x0000000008006960                TIM1_TRG_COM_TIM17_IRQHandler
                0x0000000008006960                DMA1_Channel3_IRQHandler
                0x0000000008006960                COMP_IRQHandler
                0x0000000008006960                HASH_CRS_IRQHandler
                0x0000000008006960                WWDG_IRQHandler
                0x0000000008006960                I2C4_EV_IRQHandler
                0x0000000008006960                LPUART1_IRQHandler
                0x0000000008006960                DMA2_Channel6_IRQHandler
                0x0000000008006960                TIM2_IRQHandler
                0x0000000008006960                DMA2D_IRQHandler
                0x0000000008006960                EXTI1_IRQHandler
                0x0000000008006960                AES_IRQHandler
                0x0000000008006960                USART2_IRQHandler
                0x0000000008006960                DFSDM1_FLT0_IRQHandler
                0x0000000008006960                I2C2_ER_IRQHandler
                0x0000000008006960                DMA1_Channel2_IRQHandler
                0x0000000008006960                TIM8_BRK_IRQHandler
                0x0000000008006960                CAN1_SCE_IRQHandler
                0x0000000008006960                FLASH_IRQHandler
                0x0000000008006960                OTG_FS_IRQHandler
                0x0000000008006960                SPI3_IRQHandler
                0x0000000008006960                I2C1_ER_IRQHandler
                0x0000000008006960                FMC_IRQHandler
                0x0000000008006960                LPTIM1_IRQHandler
                0x0000000008006960                I2C4_ER_IRQHandler
                0x0000000008006960                SAI1_IRQHandler
                0x0000000008006960                DMA2_Channel3_IRQHandler
                0x0000000008006960                TIM1_BRK_TIM15_IRQHandler
 .text.HAL_Init
                0x0000000008006962       0x30 ./Drivers/STM32L4xx_HAL_Driver/Src/stm32l4xx_hal.o
                0x0000000008006962                HAL_Init
 *fill*         0x0000000008006992        0x2 
 .text.HAL_IncTick
                0x0000000008006994       0x28 ./Drivers/STM32L4xx_HAL_Driver/Src/stm32l4xx_hal.o
                0x0000000008006994                HAL_IncTick
 .text.HAL_GetTick
                0x00000000080069bc       0x18 ./Drivers/STM32L4xx_HAL_Driver/Src/stm32l4xx_hal.o
                0x00000000080069bc                HAL_GetTick
 .text.HAL_Delay
                0x00000000080069d4       0x48 ./Drivers/STM32L4xx_HAL_Driver/Src/stm32l4xx_hal.o
                0x00000000080069d4                HAL_Delay
 .text.__NVIC_SetPriorityGrouping
                0x0000000008006a1c       0x48 ./Drivers/STM32L4xx_HAL_Driver/Src/stm32l4xx_hal_cortex.o
 .text.__NVIC_GetPriorityGrouping
                0x0000000008006a64       0x1c ./Drivers/STM32L4xx_HAL_Driver/Src/stm32l4xx_hal_cortex.o
 .text.__NVIC_EnableIRQ
                0x0000000008006a80       0x3c ./Drivers/STM32L4xx_HAL_Driver/Src/stm32l4xx_hal_cortex.o
 .text.__NVIC_SetPriority
                0x0000000008006abc       0x54 ./Drivers/STM32L4xx_HAL_Driver/Src/stm32l4xx_hal_cortex.o
 .text.NVIC_EncodePriority
                0x0000000008006b10       0x66 ./Drivers/STM32L4xx_HAL_Driver/Src/stm32l4xx_hal_cortex.o
 .text.HAL_NVIC_SetPriorityGrouping
                0x0000000008006b76       0x16 ./Drivers/STM32L4xx_HAL_Driver/Src/stm32l4xx_hal_cortex.o
                0x0000000008006b76                HAL_NVIC_SetPriorityGrouping
 .text.HAL_NVIC_SetPriority
                0x0000000008006b8c       0x38 ./Drivers/STM32L4xx_HAL_Driver/Src/stm32l4xx_hal_cortex.o
                0x0000000008006b8c                HAL_NVIC_SetPriority
 .text.HAL_NVIC_EnableIRQ
                0x0000000008006bc4       0x1c ./Drivers/STM32L4xx_HAL_Driver/Src/stm32l4xx_hal_cortex.o
                0x0000000008006bc4                HAL_NVIC_EnableIRQ
 .text.HAL_DMA_Abort
                0x0000000008006be0       0xb8 ./Drivers/STM32L4xx_HAL_Driver/Src/stm32l4xx_hal_dma.o
                0x0000000008006be0                HAL_DMA_Abort
 .text.HAL_DMA_Abort_IT
                0x0000000008006c98       0xbe ./Drivers/STM32L4xx_HAL_Driver/Src/stm32l4xx_hal_dma.o
                0x0000000008006c98                HAL_DMA_Abort_IT
 *fill*         0x0000000008006d56        0x2 
 .text.HAL_GPIO_Init
                0x0000000008006d58      0x324 ./Drivers/STM32L4xx_HAL_Driver/Src/stm32l4xx_hal_gpio.o
                0x0000000008006d58                HAL_GPIO_Init
 .text.HAL_GPIO_WritePin
                0x000000000800707c       0x30 ./Drivers/STM32L4xx_HAL_Driver/Src/stm32l4xx_hal_gpio.o
                0x000000000800707c                HAL_GPIO_WritePin
 .text.HAL_GPIO_TogglePin
                0x00000000080070ac       0x34 ./Drivers/STM32L4xx_HAL_Driver/Src/stm32l4xx_hal_gpio.o
                0x00000000080070ac                HAL_GPIO_TogglePin
 .text.HAL_GPIO_EXTI_IRQHandler
                0x00000000080070e0       0x30 ./Drivers/STM32L4xx_HAL_Driver/Src/stm32l4xx_hal_gpio.o
                0x00000000080070e0                HAL_GPIO_EXTI_IRQHandler
 .text.HAL_GPIO_EXTI_Callback
                0x0000000008007110       0x16 ./Drivers/STM32L4xx_HAL_Driver/Src/stm32l4xx_hal_gpio.o
                0x0000000008007110                HAL_GPIO_EXTI_Callback
 .text.HAL_I2C_Init
                0x0000000008007126      0x11e ./Drivers/STM32L4xx_HAL_Driver/Src/stm32l4xx_hal_i2c.o
                0x0000000008007126                HAL_I2C_Init
 .text.HAL_I2C_Master_Transmit
                0x0000000008007244      0x1e8 ./Drivers/STM32L4xx_HAL_Driver/Src/stm32l4xx_hal_i2c.o
                0x0000000008007244                HAL_I2C_Master_Transmit
 .text.HAL_I2C_Mem_Write
                0x000000000800742c      0x228 ./Drivers/STM32L4xx_HAL_Driver/Src/stm32l4xx_hal_i2c.o
                0x000000000800742c                HAL_I2C_Mem_Write
 .text.HAL_I2C_Mem_Read
                0x0000000008007654      0x234 ./Drivers/STM32L4xx_HAL_Driver/Src/stm32l4xx_hal_i2c.o
                0x0000000008007654                HAL_I2C_Mem_Read
 .text.HAL_I2C_EV_IRQHandler
                0x0000000008007888       0x34 ./Drivers/STM32L4xx_HAL_Driver/Src/stm32l4xx_hal_i2c.o
                0x0000000008007888                HAL_I2C_EV_IRQHandler
 .text.I2C_RequestMemoryWrite
                0x00000000080078bc       0xa8 ./Drivers/STM32L4xx_HAL_Driver/Src/stm32l4xx_hal_i2c.o
 .text.I2C_RequestMemoryRead
                0x0000000008007964       0xa8 ./Drivers/STM32L4xx_HAL_Driver/Src/stm32l4xx_hal_i2c.o
 .text.I2C_Flush_TXDR
                0x0000000008007a0c       0x48 ./Drivers/STM32L4xx_HAL_Driver/Src/stm32l4xx_hal_i2c.o
 .text.I2C_WaitOnFlagUntilTimeout
                0x0000000008007a54       0x80 ./Drivers/STM32L4xx_HAL_Driver/Src/stm32l4xx_hal_i2c.o
 .text.I2C_WaitOnTXISFlagUntilTimeout
                0x0000000008007ad4       0x80 ./Drivers/STM32L4xx_HAL_Driver/Src/stm32l4xx_hal_i2c.o
 .text.I2C_WaitOnSTOPFlagUntilTimeout
                0x0000000008007b54       0x78 ./Drivers/STM32L4xx_HAL_Driver/Src/stm32l4xx_hal_i2c.o
 .text.I2C_IsErrorOccurred
                0x0000000008007bcc      0x1d8 ./Drivers/STM32L4xx_HAL_Driver/Src/stm32l4xx_hal_i2c.o
 .text.I2C_TransferConfig
                0x0000000008007da4       0x64 ./Drivers/STM32L4xx_HAL_Driver/Src/stm32l4xx_hal_i2c.o
 .text.HAL_I2CEx_ConfigAnalogFilter
                0x0000000008007e08       0x96 ./Drivers/STM32L4xx_HAL_Driver/Src/stm32l4xx_hal_i2c_ex.o
                0x0000000008007e08                HAL_I2CEx_ConfigAnalogFilter
 .text.HAL_I2CEx_ConfigDigitalFilter
                0x0000000008007e9e       0x98 ./Drivers/STM32L4xx_HAL_Driver/Src/stm32l4xx_hal_i2c_ex.o
                0x0000000008007e9e                HAL_I2CEx_ConfigDigitalFilter
 *fill*         0x0000000008007f36        0x2 
 .text.HAL_PWREx_GetVoltageRange
                0x0000000008007f38       0x40 ./Drivers/STM32L4xx_HAL_Driver/Src/stm32l4xx_hal_pwr_ex.o
                0x0000000008007f38                HAL_PWREx_GetVoltageRange
 .text.HAL_PWREx_ControlVoltageScaling
                0x0000000008007f78      0x148 ./Drivers/STM32L4xx_HAL_Driver/Src/stm32l4xx_hal_pwr_ex.o
                0x0000000008007f78                HAL_PWREx_ControlVoltageScaling
 .text.HAL_RCC_OscConfig
                0x00000000080080c0      0x834 ./Drivers/STM32L4xx_HAL_Driver/Src/stm32l4xx_hal_rcc.o
                0x00000000080080c0                HAL_RCC_OscConfig
 .text.HAL_RCC_ClockConfig
                0x00000000080088f4      0x274 ./Drivers/STM32L4xx_HAL_Driver/Src/stm32l4xx_hal_rcc.o
                0x00000000080088f4                HAL_RCC_ClockConfig
 .text.HAL_RCC_GetSysClockFreq
                0x0000000008008b68      0x118 ./Drivers/STM32L4xx_HAL_Driver/Src/stm32l4xx_hal_rcc.o
                0x0000000008008b68                HAL_RCC_GetSysClockFreq
 .text.HAL_RCC_GetHCLKFreq
                0x0000000008008c80       0x18 ./Drivers/STM32L4xx_HAL_Driver/Src/stm32l4xx_hal_rcc.o
                0x0000000008008c80                HAL_RCC_GetHCLKFreq
 .text.HAL_RCC_GetPCLK1Freq
                0x0000000008008c98       0x2c ./Drivers/STM32L4xx_HAL_Driver/Src/stm32l4xx_hal_rcc.o
                0x0000000008008c98                HAL_RCC_GetPCLK1Freq
 .text.HAL_RCC_GetPCLK2Freq
                0x0000000008008cc4       0x2c ./Drivers/STM32L4xx_HAL_Driver/Src/stm32l4xx_hal_rcc.o
                0x0000000008008cc4                HAL_RCC_GetPCLK2Freq
 .text.HAL_RCC_GetClockConfig
                0x0000000008008cf0       0x64 ./Drivers/STM32L4xx_HAL_Driver/Src/stm32l4xx_hal_rcc.o
                0x0000000008008cf0                HAL_RCC_GetClockConfig
 .text.RCC_SetFlashLatencyFromMSIRange
                0x0000000008008d54       0xb4 ./Drivers/STM32L4xx_HAL_Driver/Src/stm32l4xx_hal_rcc.o
 .text.RCC_GetSysClockFreqFromPLLSource
                0x0000000008008e08       0xcc ./Drivers/STM32L4xx_HAL_Driver/Src/stm32l4xx_hal_rcc.o
 .text.HAL_RCCEx_PeriphCLKConfig
                0x0000000008008ed4      0x660 ./Drivers/STM32L4xx_HAL_Driver/Src/stm32l4xx_hal_rcc_ex.o
                0x0000000008008ed4                HAL_RCCEx_PeriphCLKConfig
 .text.RCCEx_PLLSAI1_Config
                0x0000000008009534      0x1e8 ./Drivers/STM32L4xx_HAL_Driver/Src/stm32l4xx_hal_rcc_ex.o
 .text.RCCEx_PLLSAI2_Config
                0x000000000800971c      0x1e8 ./Drivers/STM32L4xx_HAL_Driver/Src/stm32l4xx_hal_rcc_ex.o
 .text.HAL_TIM_Base_Init
                0x0000000008009904       0xae ./Drivers/STM32L4xx_HAL_Driver/Src/stm32l4xx_hal_tim.o
                0x0000000008009904                HAL_TIM_Base_Init
 .text.HAL_TIM_Base_MspInit
                0x00000000080099b2       0x14 ./Drivers/STM32L4xx_HAL_Driver/Src/stm32l4xx_hal_tim.o
                0x00000000080099b2                HAL_TIM_Base_MspInit
 *fill*         0x00000000080099c6        0x2 
 .text.HAL_TIM_Base_Start_IT
                0x00000000080099c8       0xe0 ./Drivers/STM32L4xx_HAL_Driver/Src/stm32l4xx_hal_tim.o
                0x00000000080099c8                HAL_TIM_Base_Start_IT
 .text.HAL_TIM_IRQHandler
                0x0000000008009aa8      0x23e ./Drivers/STM32L4xx_HAL_Driver/Src/stm32l4xx_hal_tim.o
                0x0000000008009aa8                HAL_TIM_IRQHandler
 .text.HAL_TIM_OC_DelayElapsedCallback
                0x0000000008009ce6       0x14 ./Drivers/STM32L4xx_HAL_Driver/Src/stm32l4xx_hal_tim.o
                0x0000000008009ce6                HAL_TIM_OC_DelayElapsedCallback
 .text.HAL_TIM_IC_CaptureCallback
                0x0000000008009cfa       0x14 ./Drivers/STM32L4xx_HAL_Driver/Src/stm32l4xx_hal_tim.o
                0x0000000008009cfa                HAL_TIM_IC_CaptureCallback
 .text.HAL_TIM_PWM_PulseFinishedCallback
                0x0000000008009d0e       0x14 ./Drivers/STM32L4xx_HAL_Driver/Src/stm32l4xx_hal_tim.o
                0x0000000008009d0e                HAL_TIM_PWM_PulseFinishedCallback
 .text.HAL_TIM_TriggerCallback
                0x0000000008009d22       0x14 ./Drivers/STM32L4xx_HAL_Driver/Src/stm32l4xx_hal_tim.o
                0x0000000008009d22                HAL_TIM_TriggerCallback
 *fill*         0x0000000008009d36        0x2 
 .text.TIM_Base_SetConfig
                0x0000000008009d38      0x134 ./Drivers/STM32L4xx_HAL_Driver/Src/stm32l4xx_hal_tim.o
                0x0000000008009d38                TIM_Base_SetConfig
 .text.HAL_TIMEx_CommutCallback
                0x0000000008009e6c       0x14 ./Drivers/STM32L4xx_HAL_Driver/Src/stm32l4xx_hal_tim_ex.o
                0x0000000008009e6c                HAL_TIMEx_CommutCallback
 .text.HAL_TIMEx_BreakCallback
                0x0000000008009e80       0x14 ./Drivers/STM32L4xx_HAL_Driver/Src/stm32l4xx_hal_tim_ex.o
                0x0000000008009e80                HAL_TIMEx_BreakCallback
 .text.HAL_TIMEx_Break2Callback
                0x0000000008009e94       0x14 ./Drivers/STM32L4xx_HAL_Driver/Src/stm32l4xx_hal_tim_ex.o
                0x0000000008009e94                HAL_TIMEx_Break2Callback
 .text.HAL_UART_Init
                0x0000000008009ea8       0xa0 ./Drivers/STM32L4xx_HAL_Driver/Src/stm32l4xx_hal_uart.o
                0x0000000008009ea8                HAL_UART_Init
 .text.HAL_UART_Transmit
                0x0000000008009f48      0x12e ./Drivers/STM32L4xx_HAL_Driver/Src/stm32l4xx_hal_uart.o
                0x0000000008009f48                HAL_UART_Transmit
 *fill*         0x000000000800a076        0x2 
 .text.HAL_UART_Receive_IT
                0x000000000800a078       0xac ./Drivers/STM32L4xx_HAL_Driver/Src/stm32l4xx_hal_uart.o
                0x000000000800a078                HAL_UART_Receive_IT
 .text.HAL_UART_IRQHandler
                0x000000000800a124      0x630 ./Drivers/STM32L4xx_HAL_Driver/Src/stm32l4xx_hal_uart.o
                0x000000000800a124                HAL_UART_IRQHandler
 .text.HAL_UART_TxCpltCallback
                0x000000000800a754       0x14 ./Drivers/STM32L4xx_HAL_Driver/Src/stm32l4xx_hal_uart.o
                0x000000000800a754                HAL_UART_TxCpltCallback
 .text.HAL_UART_ErrorCallback
                0x000000000800a768       0x14 ./Drivers/STM32L4xx_HAL_Driver/Src/stm32l4xx_hal_uart.o
                0x000000000800a768                HAL_UART_ErrorCallback
 .text.HAL_UARTEx_RxEventCallback
                0x000000000800a77c       0x18 ./Drivers/STM32L4xx_HAL_Driver/Src/stm32l4xx_hal_uart.o
                0x000000000800a77c                HAL_UARTEx_RxEventCallback
 .text.UART_SetConfig
                0x000000000800a794      0x5f8 ./Drivers/STM32L4xx_HAL_Driver/Src/stm32l4xx_hal_uart.o
                0x000000000800a794                UART_SetConfig
 .text.UART_AdvFeatureConfig
                0x000000000800ad8c      0x144 ./Drivers/STM32L4xx_HAL_Driver/Src/stm32l4xx_hal_uart.o
                0x000000000800ad8c                UART_AdvFeatureConfig
 .text.UART_CheckIdleState
                0x000000000800aed0       0x96 ./Drivers/STM32L4xx_HAL_Driver/Src/stm32l4xx_hal_uart.o
                0x000000000800aed0                UART_CheckIdleState
 .text.UART_WaitOnFlagUntilTimeout
                0x000000000800af66      0x190 ./Drivers/STM32L4xx_HAL_Driver/Src/stm32l4xx_hal_uart.o
                0x000000000800af66                UART_WaitOnFlagUntilTimeout
 *fill*         0x000000000800b0f6        0x2 
 .text.UART_Start_Receive_IT
                0x000000000800b0f8      0x254 ./Drivers/STM32L4xx_HAL_Driver/Src/stm32l4xx_hal_uart.o
                0x000000000800b0f8                UART_Start_Receive_IT
 .text.UART_EndRxTransfer
                0x000000000800b34c       0xcc ./Drivers/STM32L4xx_HAL_Driver/Src/stm32l4xx_hal_uart.o
 .text.UART_DMAAbortOnError
                0x000000000800b418       0x2c ./Drivers/STM32L4xx_HAL_Driver/Src/stm32l4xx_hal_uart.o
 .text.UART_EndTransmit_IT
                0x000000000800b444       0x56 ./Drivers/STM32L4xx_HAL_Driver/Src/stm32l4xx_hal_uart.o
 .text.UART_RxISR_8BIT
                0x000000000800b49a      0x164 ./Drivers/STM32L4xx_HAL_Driver/Src/stm32l4xx_hal_uart.o
 .text.UART_RxISR_16BIT
                0x000000000800b5fe      0x164 ./Drivers/STM32L4xx_HAL_Driver/Src/stm32l4xx_hal_uart.o
 *fill*         0x000000000800b762        0x2 
 .text.UART_RxISR_8BIT_FIFOEN
                0x000000000800b764      0x2fc ./Drivers/STM32L4xx_HAL_Driver/Src/stm32l4xx_hal_uart.o
 .text.UART_RxISR_16BIT_FIFOEN
                0x000000000800ba60      0x304 ./Drivers/STM32L4xx_HAL_Driver/Src/stm32l4xx_hal_uart.o
 .text.HAL_UARTEx_WakeupCallback
                0x000000000800bd64       0x14 ./Drivers/STM32L4xx_HAL_Driver/Src/stm32l4xx_hal_uart_ex.o
                0x000000000800bd64                HAL_UARTEx_WakeupCallback
 .text.HAL_UARTEx_RxFifoFullCallback
                0x000000000800bd78       0x14 ./Drivers/STM32L4xx_HAL_Driver/Src/stm32l4xx_hal_uart_ex.o
                0x000000000800bd78                HAL_UARTEx_RxFifoFullCallback
 .text.HAL_UARTEx_TxFifoEmptyCallback
                0x000000000800bd8c       0x14 ./Drivers/STM32L4xx_HAL_Driver/Src/stm32l4xx_hal_uart_ex.o
                0x000000000800bd8c                HAL_UARTEx_TxFifoEmptyCallback
 .text.HAL_UARTEx_DisableFifoMode
                0x000000000800bda0       0x72 ./Drivers/STM32L4xx_HAL_Driver/Src/stm32l4xx_hal_uart_ex.o
                0x000000000800bda0                HAL_UARTEx_DisableFifoMode
 .text.HAL_UARTEx_SetTxFifoThreshold
                0x000000000800be12       0x7c ./Drivers/STM32L4xx_HAL_Driver/Src/stm32l4xx_hal_uart_ex.o
                0x000000000800be12                HAL_UARTEx_SetTxFifoThreshold
 .text.HAL_UARTEx_SetRxFifoThreshold
                0x000000000800be8e       0x7c ./Drivers/STM32L4xx_HAL_Driver/Src/stm32l4xx_hal_uart_ex.o
                0x000000000800be8e                HAL_UARTEx_SetRxFifoThreshold
 *fill*         0x000000000800bf0a        0x2 
 .text.UARTEx_SetNbDataToProcess
                0x000000000800bf0c       0x9c ./Drivers/STM32L4xx_HAL_Driver/Src/stm32l4xx_hal_uart_ex.o
 .text.__NVIC_SetPriority
                0x000000000800bfa8       0x54 ./Middlewares/Third_Party/FreeRTOS/Source/CMSIS_RTOS_V2/cmsis_os2.o
 .text.SysTick_Handler
                0x000000000800bffc       0x20 ./Middlewares/Third_Party/FreeRTOS/Source/CMSIS_RTOS_V2/cmsis_os2.o
                0x000000000800bffc                SysTick_Handler
 .text.SVC_Setup
                0x000000000800c01c       0x12 ./Middlewares/Third_Party/FreeRTOS/Source/CMSIS_RTOS_V2/cmsis_os2.o
 *fill*         0x000000000800c02e        0x2 
 .text.osKernelInitialize
                0x000000000800c030       0x48 ./Middlewares/Third_Party/FreeRTOS/Source/CMSIS_RTOS_V2/cmsis_os2.o
                0x000000000800c030                osKernelInitialize
 .text.osKernelStart
                0x000000000800c078       0x4c ./Middlewares/Third_Party/FreeRTOS/Source/CMSIS_RTOS_V2/cmsis_os2.o
                0x000000000800c078                osKernelStart
 .text.osThreadNew
                0x000000000800c0c4      0x124 ./Middlewares/Third_Party/FreeRTOS/Source/CMSIS_RTOS_V2/cmsis_os2.o
                0x000000000800c0c4                osThreadNew
 .text.osDelay  0x000000000800c1e8       0x36 ./Middlewares/Third_Party/FreeRTOS/Source/CMSIS_RTOS_V2/cmsis_os2.o
                0x000000000800c1e8                osDelay
 .text.osMutexNew
                0x000000000800c21e      0x10c ./Middlewares/Third_Party/FreeRTOS/Source/CMSIS_RTOS_V2/cmsis_os2.o
                0x000000000800c21e                osMutexNew
 .text.osMutexAcquire
                0x000000000800c32a       0x96 ./Middlewares/Third_Party/FreeRTOS/Source/CMSIS_RTOS_V2/cmsis_os2.o
                0x000000000800c32a                osMutexAcquire
 .text.osMutexRelease
                0x000000000800c3c0       0x7a ./Middlewares/Third_Party/FreeRTOS/Source/CMSIS_RTOS_V2/cmsis_os2.o
                0x000000000800c3c0                osMutexRelease
 .text.osMessageQueueNew
                0x000000000800c43a       0xe6 ./Middlewares/Third_Party/FreeRTOS/Source/CMSIS_RTOS_V2/cmsis_os2.o
                0x000000000800c43a                osMessageQueueNew
 .text.osMessageQueuePut
                0x000000000800c520       0xc0 ./Middlewares/Third_Party/FreeRTOS/Source/CMSIS_RTOS_V2/cmsis_os2.o
                0x000000000800c520                osMessageQueuePut
 .text.osMessageQueueGet
                0x000000000800c5e0       0xbc ./Middlewares/Third_Party/FreeRTOS/Source/CMSIS_RTOS_V2/cmsis_os2.o
                0x000000000800c5e0                osMessageQueueGet
 .text.vApplicationGetIdleTaskMemory
                0x000000000800c69c       0x34 ./Middlewares/Third_Party/FreeRTOS/Source/CMSIS_RTOS_V2/cmsis_os2.o
                0x000000000800c69c                vApplicationGetIdleTaskMemory
 .text.vApplicationGetTimerTaskMemory
                0x000000000800c6d0       0x34 ./Middlewares/Third_Party/FreeRTOS/Source/CMSIS_RTOS_V2/cmsis_os2.o
                0x000000000800c6d0                vApplicationGetTimerTaskMemory
 .text.vListInitialise
                0x000000000800c704       0x40 ./Middlewares/Third_Party/FreeRTOS/Source/list.o
                0x000000000800c704                vListInitialise
 .text.vListInitialiseItem
                0x000000000800c744       0x1a ./Middlewares/Third_Party/FreeRTOS/Source/list.o
                0x000000000800c744                vListInitialiseItem
 .text.vListInsertEnd
                0x000000000800c75e       0x48 ./Middlewares/Third_Party/FreeRTOS/Source/list.o
                0x000000000800c75e                vListInsertEnd
 .text.vListInsert
                0x000000000800c7a6       0x72 ./Middlewares/Third_Party/FreeRTOS/Source/list.o
                0x000000000800c7a6                vListInsert
 .text.uxListRemove
                0x000000000800c818       0x54 ./Middlewares/Third_Party/FreeRTOS/Source/list.o
                0x000000000800c818                uxListRemove
 .text.xQueueGenericReset
                0x000000000800c86c       0xd0 ./Middlewares/Third_Party/FreeRTOS/Source/queue.o
                0x000000000800c86c                xQueueGenericReset
 .text.xQueueGenericCreateStatic
                0x000000000800c93c       0xf0 ./Middlewares/Third_Party/FreeRTOS/Source/queue.o
                0x000000000800c93c                xQueueGenericCreateStatic
 .text.xQueueGenericCreate
                0x000000000800ca2c       0x74 ./Middlewares/Third_Party/FreeRTOS/Source/queue.o
                0x000000000800ca2c                xQueueGenericCreate
 .text.prvInitialiseNewQueue
                0x000000000800caa0       0x46 ./Middlewares/Third_Party/FreeRTOS/Source/queue.o
 .text.prvInitialiseMutex
                0x000000000800cae6       0x34 ./Middlewares/Third_Party/FreeRTOS/Source/queue.o
 .text.xQueueCreateMutex
                0x000000000800cb1a       0x30 ./Middlewares/Third_Party/FreeRTOS/Source/queue.o
                0x000000000800cb1a                xQueueCreateMutex
 .text.xQueueCreateMutexStatic
                0x000000000800cb4a       0x36 ./Middlewares/Third_Party/FreeRTOS/Source/queue.o
                0x000000000800cb4a                xQueueCreateMutexStatic
 .text.xQueueGiveMutexRecursive
                0x000000000800cb80       0x68 ./Middlewares/Third_Party/FreeRTOS/Source/queue.o
                0x000000000800cb80                xQueueGiveMutexRecursive
 .text.xQueueTakeMutexRecursive
                0x000000000800cbe8       0x6c ./Middlewares/Third_Party/FreeRTOS/Source/queue.o
                0x000000000800cbe8                xQueueTakeMutexRecursive
 .text.xQueueGenericSend
                0x000000000800cc54      0x1fc ./Middlewares/Third_Party/FreeRTOS/Source/queue.o
                0x000000000800cc54                xQueueGenericSend
 .text.xQueueGenericSendFromISR
                0x000000000800ce50      0x136 ./Middlewares/Third_Party/FreeRTOS/Source/queue.o
                0x000000000800ce50                xQueueGenericSendFromISR
 *fill*         0x000000000800cf86        0x2 
 .text.xQueueReceive
                0x000000000800cf88      0x1c0 ./Middlewares/Third_Party/FreeRTOS/Source/queue.o
                0x000000000800cf88                xQueueReceive
 .text.xQueueSemaphoreTake
                0x000000000800d148      0x218 ./Middlewares/Third_Party/FreeRTOS/Source/queue.o
                0x000000000800d148                xQueueSemaphoreTake
 .text.xQueueReceiveFromISR
                0x000000000800d360      0x100 ./Middlewares/Third_Party/FreeRTOS/Source/queue.o
                0x000000000800d360                xQueueReceiveFromISR
 .text.prvGetDisinheritPriorityAfterTimeout
                0x000000000800d460       0x30 ./Middlewares/Third_Party/FreeRTOS/Source/queue.o
 .text.prvCopyDataToQueue
                0x000000000800d490       0xd4 ./Middlewares/Third_Party/FreeRTOS/Source/queue.o
 .text.prvCopyDataFromQueue
                0x000000000800d564       0x4c ./Middlewares/Third_Party/FreeRTOS/Source/queue.o
 .text.prvUnlockQueue
                0x000000000800d5b0       0xa4 ./Middlewares/Third_Party/FreeRTOS/Source/queue.o
 .text.prvIsQueueEmpty
                0x000000000800d654       0x2c ./Middlewares/Third_Party/FreeRTOS/Source/queue.o
 .text.prvIsQueueFull
                0x000000000800d680       0x30 ./Middlewares/Third_Party/FreeRTOS/Source/queue.o
 .text.vQueueAddToRegistry
                0x000000000800d6b0       0x54 ./Middlewares/Third_Party/FreeRTOS/Source/queue.o
                0x000000000800d6b0                vQueueAddToRegistry
 .text.vQueueWaitForMessageRestricted
                0x000000000800d704       0x68 ./Middlewares/Third_Party/FreeRTOS/Source/queue.o
                0x000000000800d704                vQueueWaitForMessageRestricted
 .text.xTaskCreateStatic
                0x000000000800d76c       0xba ./Middlewares/Third_Party/FreeRTOS/Source/tasks.o
                0x000000000800d76c                xTaskCreateStatic
 .text.xTaskCreate
                0x000000000800d826       0x8a ./Middlewares/Third_Party/FreeRTOS/Source/tasks.o
                0x000000000800d826                xTaskCreate
 .text.prvInitialiseNewTask
                0x000000000800d8b0      0x11e ./Middlewares/Third_Party/FreeRTOS/Source/tasks.o
 *fill*         0x000000000800d9ce        0x2 
 .text.prvAddNewTaskToReadyList
                0x000000000800d9d0       0xe0 ./Middlewares/Third_Party/FreeRTOS/Source/tasks.o
 .text.vTaskDelay
                0x000000000800dab0       0x68 ./Middlewares/Third_Party/FreeRTOS/Source/tasks.o
                0x000000000800dab0                vTaskDelay
 .text.vTaskStartScheduler
                0x000000000800db18       0xcc ./Middlewares/Third_Party/FreeRTOS/Source/tasks.o
                0x000000000800db18                vTaskStartScheduler
 .text.vTaskSuspendAll
                0x000000000800dbe4       0x1c ./Middlewares/Third_Party/FreeRTOS/Source/tasks.o
                0x000000000800dbe4                vTaskSuspendAll
 .text.xTaskResumeAll
                0x000000000800dc00      0x13c ./Middlewares/Third_Party/FreeRTOS/Source/tasks.o
                0x000000000800dc00                xTaskResumeAll
 .text.xTaskGetTickCount
                0x000000000800dd3c       0x20 ./Middlewares/Third_Party/FreeRTOS/Source/tasks.o
                0x000000000800dd3c                xTaskGetTickCount
 .text.xTaskIncrementTick
                0x000000000800dd5c      0x174 ./Middlewares/Third_Party/FreeRTOS/Source/tasks.o
                0x000000000800dd5c                xTaskIncrementTick
 .text.vTaskSwitchContext
                0x000000000800ded0       0xbc ./Middlewares/Third_Party/FreeRTOS/Source/tasks.o
                0x000000000800ded0                vTaskSwitchContext
 .text.vTaskPlaceOnEventList
                0x000000000800df8c       0x48 ./Middlewares/Third_Party/FreeRTOS/Source/tasks.o
                0x000000000800df8c                vTaskPlaceOnEventList
 .text.vTaskPlaceOnEventListRestricted
                0x000000000800dfd4       0x58 ./Middlewares/Third_Party/FreeRTOS/Source/tasks.o
                0x000000000800dfd4                vTaskPlaceOnEventListRestricted
 .text.xTaskRemoveFromEventList
                0x000000000800e02c       0xc8 ./Middlewares/Third_Party/FreeRTOS/Source/tasks.o
                0x000000000800e02c                xTaskRemoveFromEventList
 .text.vTaskInternalSetTimeOutState
                0x000000000800e0f4       0x2c ./Middlewares/Third_Party/FreeRTOS/Source/tasks.o
                0x000000000800e0f4                vTaskInternalSetTimeOutState
 .text.xTaskCheckForTimeOut
                0x000000000800e120       0xc4 ./Middlewares/Third_Party/FreeRTOS/Source/tasks.o
                0x000000000800e120                xTaskCheckForTimeOut
 .text.vTaskMissedYield
                0x000000000800e1e4       0x18 ./Middlewares/Third_Party/FreeRTOS/Source/tasks.o
                0x000000000800e1e4                vTaskMissedYield
 .text.prvIdleTask
                0x000000000800e1fc       0x30 ./Middlewares/Third_Party/FreeRTOS/Source/tasks.o
 .text.prvInitialiseTaskLists
                0x000000000800e22c       0x80 ./Middlewares/Third_Party/FreeRTOS/Source/tasks.o
 .text.prvCheckTasksWaitingTermination
                0x000000000800e2ac       0x5c ./Middlewares/Third_Party/FreeRTOS/Source/tasks.o
 .text.prvDeleteTCB
                0x000000000800e308       0x5e ./Middlewares/Third_Party/FreeRTOS/Source/tasks.o
 *fill*         0x000000000800e366        0x2 
 .text.prvResetNextTaskUnblockTime
                0x000000000800e368       0x40 ./Middlewares/Third_Party/FreeRTOS/Source/tasks.o
 .text.xTaskGetCurrentTaskHandle
                0x000000000800e3a8       0x20 ./Middlewares/Third_Party/FreeRTOS/Source/tasks.o
                0x000000000800e3a8                xTaskGetCurrentTaskHandle
 .text.xTaskGetSchedulerState
                0x000000000800e3c8       0x3c ./Middlewares/Third_Party/FreeRTOS/Source/tasks.o
                0x000000000800e3c8                xTaskGetSchedulerState
 .text.xTaskPriorityInherit
                0x000000000800e404       0xd0 ./Middlewares/Third_Party/FreeRTOS/Source/tasks.o
                0x000000000800e404                xTaskPriorityInherit
 .text.xTaskPriorityDisinherit
                0x000000000800e4d4       0xdc ./Middlewares/Third_Party/FreeRTOS/Source/tasks.o
                0x000000000800e4d4                xTaskPriorityDisinherit
 .text.vTaskPriorityDisinheritAfterTimeout
                0x000000000800e5b0      0x104 ./Middlewares/Third_Party/FreeRTOS/Source/tasks.o
                0x000000000800e5b0                vTaskPriorityDisinheritAfterTimeout
 .text.pvTaskIncrementMutexHeldCount
                0x000000000800e6b4       0x28 ./Middlewares/Third_Party/FreeRTOS/Source/tasks.o
                0x000000000800e6b4                pvTaskIncrementMutexHeldCount
 .text.prvAddCurrentTaskToDelayedList
                0x000000000800e6dc       0xa8 ./Middlewares/Third_Party/FreeRTOS/Source/tasks.o
 .text.xTimerCreateTimerTask
                0x000000000800e784       0x90 ./Middlewares/Third_Party/FreeRTOS/Source/timers.o
                0x000000000800e784                xTimerCreateTimerTask
 .text.xTimerGenericCommand
                0x000000000800e814       0x9c ./Middlewares/Third_Party/FreeRTOS/Source/timers.o
                0x000000000800e814                xTimerGenericCommand
 .text.prvProcessExpiredTimer
                0x000000000800e8b0       0x98 ./Middlewares/Third_Party/FreeRTOS/Source/timers.o
 .text.prvTimerTask
                0x000000000800e948       0x24 ./Middlewares/Third_Party/FreeRTOS/Source/timers.o
 .text.prvProcessTimerOrBlockTask
                0x000000000800e96c       0x9c ./Middlewares/Third_Party/FreeRTOS/Source/timers.o
 .text.prvGetNextExpireTime
                0x000000000800ea08       0x48 ./Middlewares/Third_Party/FreeRTOS/Source/timers.o
 .text.prvSampleTimeNow
                0x000000000800ea50       0x40 ./Middlewares/Third_Party/FreeRTOS/Source/timers.o
 .text.prvInsertTimerInActiveList
                0x000000000800ea90       0x84 ./Middlewares/Third_Party/FreeRTOS/Source/timers.o
 .text.prvProcessReceivedCommands
                0x000000000800eb14      0x1c4 ./Middlewares/Third_Party/FreeRTOS/Source/timers.o
 .text.prvSwitchTimerLists
                0x000000000800ecd8       0xc8 ./Middlewares/Third_Party/FreeRTOS/Source/timers.o
 .text.prvCheckForValidListAndQueue
                0x000000000800eda0       0x80 ./Middlewares/Third_Party/FreeRTOS/Source/timers.o
 .text.pxPortInitialiseStack
                0x000000000800ee20       0x68 ./Middlewares/Third_Party/FreeRTOS/Source/portable/GCC/ARM_CM4F/port.o
                0x000000000800ee20                pxPortInitialiseStack
 .text.prvTaskExitError
                0x000000000800ee88       0x58 ./Middlewares/Third_Party/FreeRTOS/Source/portable/GCC/ARM_CM4F/port.o
 .text.SVC_Handler
                0x000000000800eee0       0x28 ./Middlewares/Third_Party/FreeRTOS/Source/portable/GCC/ARM_CM4F/port.o
                0x000000000800eee0                SVC_Handler
 .text.prvPortStartFirstTask
                0x000000000800ef08       0x28 ./Middlewares/Third_Party/FreeRTOS/Source/portable/GCC/ARM_CM4F/port.o
 .text.xPortStartScheduler
                0x000000000800ef30      0x144 ./Middlewares/Third_Party/FreeRTOS/Source/portable/GCC/ARM_CM4F/port.o
                0x000000000800ef30                xPortStartScheduler
 .text.vPortEnterCritical
                0x000000000800f074       0x60 ./Middlewares/Third_Party/FreeRTOS/Source/portable/GCC/ARM_CM4F/port.o
                0x000000000800f074                vPortEnterCritical
 .text.vPortExitCritical
                0x000000000800f0d4       0x54 ./Middlewares/Third_Party/FreeRTOS/Source/portable/GCC/ARM_CM4F/port.o
                0x000000000800f0d4                vPortExitCritical
 *fill*         0x000000000800f128        0x8 
 .text.PendSV_Handler
                0x000000000800f130       0x68 ./Middlewares/Third_Party/FreeRTOS/Source/portable/GCC/ARM_CM4F/port.o
                0x000000000800f130                PendSV_Handler
 .text.xPortSysTickHandler
                0x000000000800f198       0x44 ./Middlewares/Third_Party/FreeRTOS/Source/portable/GCC/ARM_CM4F/port.o
                0x000000000800f198                xPortSysTickHandler
 .text.vPortSetupTimerInterrupt
                0x000000000800f1dc       0x48 ./Middlewares/Third_Party/FreeRTOS/Source/portable/GCC/ARM_CM4F/port.o
                0x000000000800f1dc                vPortSetupTimerInterrupt
 .text.vPortEnableVFP
                0x000000000800f224       0x14 ./Middlewares/Third_Party/FreeRTOS/Source/portable/GCC/ARM_CM4F/port.o
 .text.vPortValidateInterruptPriority
                0x000000000800f238       0x80 ./Middlewares/Third_Party/FreeRTOS/Source/portable/GCC/ARM_CM4F/port.o
                0x000000000800f238                vPortValidateInterruptPriority
 .text.pvPortMalloc
                0x000000000800f2b8      0x198 ./Middlewares/Third_Party/FreeRTOS/Source/portable/MemMang/heap_4.o
                0x000000000800f2b8                pvPortMalloc
 .text.vPortFree
                0x000000000800f450       0xc4 ./Middlewares/Third_Party/FreeRTOS/Source/portable/MemMang/heap_4.o
                0x000000000800f450                vPortFree
 .text.prvHeapInit
                0x000000000800f514       0xc4 ./Middlewares/Third_Party/FreeRTOS/Source/portable/MemMang/heap_4.o
 .text.prvInsertBlockIntoFreeList
                0x000000000800f5d8       0xb4 ./Middlewares/Third_Party/FreeRTOS/Source/portable/MemMang/heap_4.o
 .text.__errno  0x000000000800f68c        0xc c:/st/stm32cubeide_1.12.1/stm32cubeide/plugins/com.st.stm32cube.ide.mcu.externaltools.gnu-tools-for-stm32.10.3-2021.10.win32_1.0.200.202301161003/tools/bin/../lib/gcc/arm-none-eabi/10.3.1/../../../../arm-none-eabi/lib/thumb/v7e-m+fp/hard\libc_nano.a(lib_a-errno.o)
                0x000000000800f68c                __errno
 .text.__libc_init_array
                0x000000000800f698       0x48 c:/st/stm32cubeide_1.12.1/stm32cubeide/plugins/com.st.stm32cube.ide.mcu.externaltools.gnu-tools-for-stm32.10.3-2021.10.win32_1.0.200.202301161003/tools/bin/../lib/gcc/arm-none-eabi/10.3.1/../../../../arm-none-eabi/lib/thumb/v7e-m+fp/hard\libc_nano.a(lib_a-init.o)
                0x000000000800f698                __libc_init_array
 .text.memcpy   0x000000000800f6e0       0x1c c:/st/stm32cubeide_1.12.1/stm32cubeide/plugins/com.st.stm32cube.ide.mcu.externaltools.gnu-tools-for-stm32.10.3-2021.10.win32_1.0.200.202301161003/tools/bin/../lib/gcc/arm-none-eabi/10.3.1/../../../../arm-none-eabi/lib/thumb/v7e-m+fp/hard\libc_nano.a(lib_a-memcpy-stub.o)
                0x000000000800f6e0                memcpy
 .text.memset   0x000000000800f6fc       0x10 c:/st/stm32cubeide_1.12.1/stm32cubeide/plugins/com.st.stm32cube.ide.mcu.externaltools.gnu-tools-for-stm32.10.3-2021.10.win32_1.0.200.202301161003/tools/bin/../lib/gcc/arm-none-eabi/10.3.1/../../../../arm-none-eabi/lib/thumb/v7e-m+fp/hard\libc_nano.a(lib_a-memset.o)
                0x000000000800f6fc                memset
 .text.__cvt    0x000000000800f70c       0xc4 c:/st/stm32cubeide_1.12.1/stm32cubeide/plugins/com.st.stm32cube.ide.mcu.externaltools.gnu-tools-for-stm32.10.3-2021.10.win32_1.0.200.202301161003/tools/bin/../lib/gcc/arm-none-eabi/10.3.1/../../../../arm-none-eabi/lib/thumb/v7e-m+fp/hard\libc_nano.a(lib_a-nano-vfprintf_float.o)
                0x000000000800f70c                __cvt
 .text.__exponent
                0x000000000800f7d0       0x7c c:/st/stm32cubeide_1.12.1/stm32cubeide/plugins/com.st.stm32cube.ide.mcu.externaltools.gnu-tools-for-stm32.10.3-2021.10.win32_1.0.200.202301161003/tools/bin/../lib/gcc/arm-none-eabi/10.3.1/../../../../arm-none-eabi/lib/thumb/v7e-m+fp/hard\libc_nano.a(lib_a-nano-vfprintf_float.o)
                0x000000000800f7d0                __exponent
 .text._printf_float
                0x000000000800f84c      0x46c c:/st/stm32cubeide_1.12.1/stm32cubeide/plugins/com.st.stm32cube.ide.mcu.externaltools.gnu-tools-for-stm32.10.3-2021.10.win32_1.0.200.202301161003/tools/bin/../lib/gcc/arm-none-eabi/10.3.1/../../../../arm-none-eabi/lib/thumb/v7e-m+fp/hard\libc_nano.a(lib_a-nano-vfprintf_float.o)
                0x000000000800f84c                _printf_float
 .text._printf_common
                0x000000000800fcb8       0xda c:/st/stm32cubeide_1.12.1/stm32cubeide/plugins/com.st.stm32cube.ide.mcu.externaltools.gnu-tools-for-stm32.10.3-2021.10.win32_1.0.200.202301161003/tools/bin/../lib/gcc/arm-none-eabi/10.3.1/../../../../arm-none-eabi/lib/thumb/v7e-m+fp/hard\libc_nano.a(lib_a-nano-vfprintf_i.o)
                0x000000000800fcb8                _printf_common
 *fill*         0x000000000800fd92        0x2 
 .text._printf_i
                0x000000000800fd94      0x24c c:/st/stm32cubeide_1.12.1/stm32cubeide/plugins/com.st.stm32cube.ide.mcu.externaltools.gnu-tools-for-stm32.10.3-2021.10.win32_1.0.200.202301161003/tools/bin/../lib/gcc/arm-none-eabi/10.3.1/../../../../arm-none-eabi/lib/thumb/v7e-m+fp/hard\libc_nano.a(lib_a-nano-vfprintf_i.o)
                0x000000000800fd94                _printf_i
 .text.sprintf  0x000000000800ffe0       0x40 c:/st/stm32cubeide_1.12.1/stm32cubeide/plugins/com.st.stm32cube.ide.mcu.externaltools.gnu-tools-for-stm32.10.3-2021.10.win32_1.0.200.202301161003/tools/bin/../lib/gcc/arm-none-eabi/10.3.1/../../../../arm-none-eabi/lib/thumb/v7e-m+fp/hard\libc_nano.a(lib_a-sprintf.o)
                0x000000000800ffe0                siprintf
                0x000000000800ffe0                sprintf
 .text.strcpy   0x0000000008010020       0x10 c:/st/stm32cubeide_1.12.1/stm32cubeide/plugins/com.st.stm32cube.ide.mcu.externaltools.gnu-tools-for-stm32.10.3-2021.10.win32_1.0.200.202301161003/tools/bin/../lib/gcc/arm-none-eabi/10.3.1/../../../../arm-none-eabi/lib/thumb/v7e-m+fp/hard\libc_nano.a(lib_a-strcpy.o)
                0x0000000008010020                strcpy
 .text.strpbrk  0x0000000008010030       0x34 c:/st/stm32cubeide_1.12.1/stm32cubeide/plugins/com.st.stm32cube.ide.mcu.externaltools.gnu-tools-for-stm32.10.3-2021.10.win32_1.0.200.202301161003/tools/bin/../lib/gcc/arm-none-eabi/10.3.1/../../../../arm-none-eabi/lib/thumb/v7e-m+fp/hard\libc_nano.a(lib_a-strpbrk.o)
                0x0000000008010030                strpbrk
 .text.quorem   0x0000000008010064      0x116 c:/st/stm32cubeide_1.12.1/stm32cubeide/plugins/com.st.stm32cube.ide.mcu.externaltools.gnu-tools-for-stm32.10.3-2021.10.win32_1.0.200.202301161003/tools/bin/../lib/gcc/arm-none-eabi/10.3.1/../../../../arm-none-eabi/lib/thumb/v7e-m+fp/hard\libc_nano.a(lib_a-dtoa.o)
 *fill*         0x000000000801017a        0x6 
 .text._dtoa_r  0x0000000008010180      0xbdc c:/st/stm32cubeide_1.12.1/stm32cubeide/plugins/com.st.stm32cube.ide.mcu.externaltools.gnu-tools-for-stm32.10.3-2021.10.win32_1.0.200.202301161003/tools/bin/../lib/gcc/arm-none-eabi/10.3.1/../../../../arm-none-eabi/lib/thumb/v7e-m+fp/hard\libc_nano.a(lib_a-dtoa.o)
                0x0000000008010180                _dtoa_r
 .text._localeconv_r
                0x0000000008010d5c        0x8 c:/st/stm32cubeide_1.12.1/stm32cubeide/plugins/com.st.stm32cube.ide.mcu.externaltools.gnu-tools-for-stm32.10.3-2021.10.win32_1.0.200.202301161003/tools/bin/../lib/gcc/arm-none-eabi/10.3.1/../../../../arm-none-eabi/lib/thumb/v7e-m+fp/hard\libc_nano.a(lib_a-localeconv.o)
                0x0000000008010d5c                _localeconv_r
 .text.malloc   0x0000000008010d64       0x10 c:/st/stm32cubeide_1.12.1/stm32cubeide/plugins/com.st.stm32cube.ide.mcu.externaltools.gnu-tools-for-stm32.10.3-2021.10.win32_1.0.200.202301161003/tools/bin/../lib/gcc/arm-none-eabi/10.3.1/../../../../arm-none-eabi/lib/thumb/v7e-m+fp/hard\libc_nano.a(lib_a-malloc.o)
                0x0000000008010d64                malloc
 .text._Balloc  0x0000000008010d74       0x80 c:/st/stm32cubeide_1.12.1/stm32cubeide/plugins/com.st.stm32cube.ide.mcu.externaltools.gnu-tools-for-stm32.10.3-2021.10.win32_1.0.200.202301161003/tools/bin/../lib/gcc/arm-none-eabi/10.3.1/../../../../arm-none-eabi/lib/thumb/v7e-m+fp/hard\libc_nano.a(lib_a-mprec.o)
                0x0000000008010d74                _Balloc
 .text._Bfree   0x0000000008010df4       0x44 c:/st/stm32cubeide_1.12.1/stm32cubeide/plugins/com.st.stm32cube.ide.mcu.externaltools.gnu-tools-for-stm32.10.3-2021.10.win32_1.0.200.202301161003/tools/bin/../lib/gcc/arm-none-eabi/10.3.1/../../../../arm-none-eabi/lib/thumb/v7e-m+fp/hard\libc_nano.a(lib_a-mprec.o)
                0x0000000008010df4                _Bfree
 .text.__multadd
                0x0000000008010e38       0x8c c:/st/stm32cubeide_1.12.1/stm32cubeide/plugins/com.st.stm32cube.ide.mcu.externaltools.gnu-tools-for-stm32.10.3-2021.10.win32_1.0.200.202301161003/tools/bin/../lib/gcc/arm-none-eabi/10.3.1/../../../../arm-none-eabi/lib/thumb/v7e-m+fp/hard\libc_nano.a(lib_a-mprec.o)
                0x0000000008010e38                __multadd
 .text.__hi0bits
                0x0000000008010ec4       0x40 c:/st/stm32cubeide_1.12.1/stm32cubeide/plugins/com.st.stm32cube.ide.mcu.externaltools.gnu-tools-for-stm32.10.3-2021.10.win32_1.0.200.202301161003/tools/bin/../lib/gcc/arm-none-eabi/10.3.1/../../../../arm-none-eabi/lib/thumb/v7e-m+fp/hard\libc_nano.a(lib_a-mprec.o)
                0x0000000008010ec4                __hi0bits
 .text.__lo0bits
                0x0000000008010f04       0x5e c:/st/stm32cubeide_1.12.1/stm32cubeide/plugins/com.st.stm32cube.ide.mcu.externaltools.gnu-tools-for-stm32.10.3-2021.10.win32_1.0.200.202301161003/tools/bin/../lib/gcc/arm-none-eabi/10.3.1/../../../../arm-none-eabi/lib/thumb/v7e-m+fp/hard\libc_nano.a(lib_a-mprec.o)
                0x0000000008010f04                __lo0bits
 *fill*         0x0000000008010f62        0x2 
 .text.__i2b    0x0000000008010f64       0x2c c:/st/stm32cubeide_1.12.1/stm32cubeide/plugins/com.st.stm32cube.ide.mcu.externaltools.gnu-tools-for-stm32.10.3-2021.10.win32_1.0.200.202301161003/tools/bin/../lib/gcc/arm-none-eabi/10.3.1/../../../../arm-none-eabi/lib/thumb/v7e-m+fp/hard\libc_nano.a(lib_a-mprec.o)
                0x0000000008010f64                __i2b
 .text.__multiply
                0x0000000008010f90      0x154 c:/st/stm32cubeide_1.12.1/stm32cubeide/plugins/com.st.stm32cube.ide.mcu.externaltools.gnu-tools-for-stm32.10.3-2021.10.win32_1.0.200.202301161003/tools/bin/../lib/gcc/arm-none-eabi/10.3.1/../../../../arm-none-eabi/lib/thumb/v7e-m+fp/hard\libc_nano.a(lib_a-mprec.o)
                0x0000000008010f90                __multiply
 .text.__pow5mult
                0x00000000080110e4       0xb4 c:/st/stm32cubeide_1.12.1/stm32cubeide/plugins/com.st.stm32cube.ide.mcu.externaltools.gnu-tools-for-stm32.10.3-2021.10.win32_1.0.200.202301161003/tools/bin/../lib/gcc/arm-none-eabi/10.3.1/../../../../arm-none-eabi/lib/thumb/v7e-m+fp/hard\libc_nano.a(lib_a-mprec.o)
                0x00000000080110e4                __pow5mult
 .text.__lshift
                0x0000000008011198       0xe0 c:/st/stm32cubeide_1.12.1/stm32cubeide/plugins/com.st.stm32cube.ide.mcu.externaltools.gnu-tools-for-stm32.10.3-2021.10.win32_1.0.200.202301161003/tools/bin/../lib/gcc/arm-none-eabi/10.3.1/../../../../arm-none-eabi/lib/thumb/v7e-m+fp/hard\libc_nano.a(lib_a-mprec.o)
                0x0000000008011198                __lshift
 .text.__mcmp   0x0000000008011278       0x38 c:/st/stm32cubeide_1.12.1/stm32cubeide/plugins/com.st.stm32cube.ide.mcu.externaltools.gnu-tools-for-stm32.10.3-2021.10.win32_1.0.200.202301161003/tools/bin/../lib/gcc/arm-none-eabi/10.3.1/../../../../arm-none-eabi/lib/thumb/v7e-m+fp/hard\libc_nano.a(lib_a-mprec.o)
                0x0000000008011278                __mcmp
 .text.__mdiff  0x00000000080112b0      0x114 c:/st/stm32cubeide_1.12.1/stm32cubeide/plugins/com.st.stm32cube.ide.mcu.externaltools.gnu-tools-for-stm32.10.3-2021.10.win32_1.0.200.202301161003/tools/bin/../lib/gcc/arm-none-eabi/10.3.1/../../../../arm-none-eabi/lib/thumb/v7e-m+fp/hard\libc_nano.a(lib_a-mprec.o)
                0x00000000080112b0                __mdiff
 .text.__d2b    0x00000000080113c4       0xb8 c:/st/stm32cubeide_1.12.1/stm32cubeide/plugins/com.st.stm32cube.ide.mcu.externaltools.gnu-tools-for-stm32.10.3-2021.10.win32_1.0.200.202301161003/tools/bin/../lib/gcc/arm-none-eabi/10.3.1/../../../../arm-none-eabi/lib/thumb/v7e-m+fp/hard\libc_nano.a(lib_a-mprec.o)
                0x00000000080113c4                __d2b
 .text._calloc_r
                0x000000000801147c       0x2c c:/st/stm32cubeide_1.12.1/stm32cubeide/plugins/com.st.stm32cube.ide.mcu.externaltools.gnu-tools-for-stm32.10.3-2021.10.win32_1.0.200.202301161003/tools/bin/../lib/gcc/arm-none-eabi/10.3.1/../../../../arm-none-eabi/lib/thumb/v7e-m+fp/hard\libc_nano.a(lib_a-nano-callocr.o)
                0x000000000801147c                _calloc_r
 .text._free_r  0x00000000080114a8       0x98 c:/st/stm32cubeide_1.12.1/stm32cubeide/plugins/com.st.stm32cube.ide.mcu.externaltools.gnu-tools-for-stm32.10.3-2021.10.win32_1.0.200.202301161003/tools/bin/../lib/gcc/arm-none-eabi/10.3.1/../../../../arm-none-eabi/lib/thumb/v7e-m+fp/hard\libc_nano.a(lib_a-nano-freer.o)
                0x00000000080114a8                _free_r
 .text.sbrk_aligned
                0x0000000008011540       0x40 c:/st/stm32cubeide_1.12.1/stm32cubeide/plugins/com.st.stm32cube.ide.mcu.externaltools.gnu-tools-for-stm32.10.3-2021.10.win32_1.0.200.202301161003/tools/bin/../lib/gcc/arm-none-eabi/10.3.1/../../../../arm-none-eabi/lib/thumb/v7e-m+fp/hard\libc_nano.a(lib_a-nano-mallocr.o)
 .text._malloc_r
                0x0000000008011580       0xe8 c:/st/stm32cubeide_1.12.1/stm32cubeide/plugins/com.st.stm32cube.ide.mcu.externaltools.gnu-tools-for-stm32.10.3-2021.10.win32_1.0.200.202301161003/tools/bin/../lib/gcc/arm-none-eabi/10.3.1/../../../../arm-none-eabi/lib/thumb/v7e-m+fp/hard\libc_nano.a(lib_a-nano-mallocr.o)
                0x0000000008011580                _malloc_r
 .text.__ssputs_r
                0x0000000008011668       0xb6 c:/st/stm32cubeide_1.12.1/stm32cubeide/plugins/com.st.stm32cube.ide.mcu.externaltools.gnu-tools-for-stm32.10.3-2021.10.win32_1.0.200.202301161003/tools/bin/../lib/gcc/arm-none-eabi/10.3.1/../../../../arm-none-eabi/lib/thumb/v7e-m+fp/hard\libc_nano.a(lib_a-nano-svfprintf.o)
                0x0000000008011668                __ssputs_r
 *fill*         0x000000000801171e        0x2 
 .text._svfprintf_r
                0x0000000008011720      0x200 c:/st/stm32cubeide_1.12.1/stm32cubeide/plugins/com.st.stm32cube.ide.mcu.externaltools.gnu-tools-for-stm32.10.3-2021.10.win32_1.0.200.202301161003/tools/bin/../lib/gcc/arm-none-eabi/10.3.1/../../../../arm-none-eabi/lib/thumb/v7e-m+fp/hard\libc_nano.a(lib_a-nano-svfprintf.o)
                0x0000000008011720                _svfiprintf_r
                0x0000000008011720                _svfprintf_r
 .text._sbrk_r  0x0000000008011920       0x20 c:/st/stm32cubeide_1.12.1/stm32cubeide/plugins/com.st.stm32cube.ide.mcu.externaltools.gnu-tools-for-stm32.10.3-2021.10.win32_1.0.200.202301161003/tools/bin/../lib/gcc/arm-none-eabi/10.3.1/../../../../arm-none-eabi/lib/thumb/v7e-m+fp/hard\libc_nano.a(lib_a-sbrkr.o)
                0x0000000008011920                _sbrk_r
 .text.__assert_func
                0x0000000008011940       0x3c c:/st/stm32cubeide_1.12.1/stm32cubeide/plugins/com.st.stm32cube.ide.mcu.externaltools.gnu-tools-for-stm32.10.3-2021.10.win32_1.0.200.202301161003/tools/bin/../lib/gcc/arm-none-eabi/10.3.1/../../../../arm-none-eabi/lib/thumb/v7e-m+fp/hard\libc_nano.a(lib_a-assert.o)
                0x0000000008011940                __assert_func
 .text.fprintf  0x000000000801197c       0x24 c:/st/stm32cubeide_1.12.1/stm32cubeide/plugins/com.st.stm32cube.ide.mcu.externaltools.gnu-tools-for-stm32.10.3-2021.10.win32_1.0.200.202301161003/tools/bin/../lib/gcc/arm-none-eabi/10.3.1/../../../../arm-none-eabi/lib/thumb/v7e-m+fp/hard\libc_nano.a(lib_a-fprintf.o)
                0x000000000801197c                fiprintf
                0x000000000801197c                fprintf
 .text.__ascii_mbtowc
                0x00000000080119a0       0x24 c:/st/stm32cubeide_1.12.1/stm32cubeide/plugins/com.st.stm32cube.ide.mcu.externaltools.gnu-tools-for-stm32.10.3-2021.10.win32_1.0.200.202301161003/tools/bin/../lib/gcc/arm-none-eabi/10.3.1/../../../../arm-none-eabi/lib/thumb/v7e-m+fp/hard\libc_nano.a(lib_a-mbtowc_r.o)
                0x00000000080119a0                __ascii_mbtowc
 .text.memmove  0x00000000080119c4       0x34 c:/st/stm32cubeide_1.12.1/stm32cubeide/plugins/com.st.stm32cube.ide.mcu.externaltools.gnu-tools-for-stm32.10.3-2021.10.win32_1.0.200.202301161003/tools/bin/../lib/gcc/arm-none-eabi/10.3.1/../../../../arm-none-eabi/lib/thumb/v7e-m+fp/hard\libc_nano.a(lib_a-memmove.o)
                0x00000000080119c4                memmove
 .text.__malloc_lock
                0x00000000080119f8        0xc c:/st/stm32cubeide_1.12.1/stm32cubeide/plugins/com.st.stm32cube.ide.mcu.externaltools.gnu-tools-for-stm32.10.3-2021.10.win32_1.0.200.202301161003/tools/bin/../lib/gcc/arm-none-eabi/10.3.1/../../../../arm-none-eabi/lib/thumb/v7e-m+fp/hard\libc_nano.a(lib_a-mlock.o)
                0x00000000080119f8                __malloc_lock
 .text.__malloc_unlock
                0x0000000008011a04        0xc c:/st/stm32cubeide_1.12.1/stm32cubeide/plugins/com.st.stm32cube.ide.mcu.externaltools.gnu-tools-for-stm32.10.3-2021.10.win32_1.0.200.202301161003/tools/bin/../lib/gcc/arm-none-eabi/10.3.1/../../../../arm-none-eabi/lib/thumb/v7e-m+fp/hard\libc_nano.a(lib_a-mlock.o)
                0x0000000008011a04                __malloc_unlock
 .text._realloc_r
                0x0000000008011a10       0x5e c:/st/stm32cubeide_1.12.1/stm32cubeide/plugins/com.st.stm32cube.ide.mcu.externaltools.gnu-tools-for-stm32.10.3-2021.10.win32_1.0.200.202301161003/tools/bin/../lib/gcc/arm-none-eabi/10.3.1/../../../../arm-none-eabi/lib/thumb/v7e-m+fp/hard\libc_nano.a(lib_a-nano-reallocr.o)
                0x0000000008011a10                _realloc_r
 .text.__sfputc_r
                0x0000000008011a6e       0x2e c:/st/stm32cubeide_1.12.1/stm32cubeide/plugins/com.st.stm32cube.ide.mcu.externaltools.gnu-tools-for-stm32.10.3-2021.10.win32_1.0.200.202301161003/tools/bin/../lib/gcc/arm-none-eabi/10.3.1/../../../../arm-none-eabi/lib/thumb/v7e-m+fp/hard\libc_nano.a(lib_a-nano-vfprintf.o)
 .text.__sfputs_r
                0x0000000008011a9c       0x24 c:/st/stm32cubeide_1.12.1/stm32cubeide/plugins/com.st.stm32cube.ide.mcu.externaltools.gnu-tools-for-stm32.10.3-2021.10.win32_1.0.200.202301161003/tools/bin/../lib/gcc/arm-none-eabi/10.3.1/../../../../arm-none-eabi/lib/thumb/v7e-m+fp/hard\libc_nano.a(lib_a-nano-vfprintf.o)
                0x0000000008011a9c                __sfputs_r
 .text._vfprintf_r
                0x0000000008011ac0      0x260 c:/st/stm32cubeide_1.12.1/stm32cubeide/plugins/com.st.stm32cube.ide.mcu.externaltools.gnu-tools-for-stm32.10.3-2021.10.win32_1.0.200.202301161003/tools/bin/../lib/gcc/arm-none-eabi/10.3.1/../../../../arm-none-eabi/lib/thumb/v7e-m+fp/hard\libc_nano.a(lib_a-nano-vfprintf.o)
                0x0000000008011ac0                _vfprintf_r
                0x0000000008011ac0                _vfiprintf_r
 .text.__swbuf_r
                0x0000000008011d20       0xa4 c:/st/stm32cubeide_1.12.1/stm32cubeide/plugins/com.st.stm32cube.ide.mcu.externaltools.gnu-tools-for-stm32.10.3-2021.10.win32_1.0.200.202301161003/tools/bin/../lib/gcc/arm-none-eabi/10.3.1/../../../../arm-none-eabi/lib/thumb/v7e-m+fp/hard\libc_nano.a(lib_a-wbuf.o)
                0x0000000008011d20                __swbuf_r
 .text.__ascii_wctomb
                0x0000000008011dc4       0x1a c:/st/stm32cubeide_1.12.1/stm32cubeide/plugins/com.st.stm32cube.ide.mcu.externaltools.gnu-tools-for-stm32.10.3-2021.10.win32_1.0.200.202301161003/tools/bin/../lib/gcc/arm-none-eabi/10.3.1/../../../../arm-none-eabi/lib/thumb/v7e-m+fp/hard\libc_nano.a(lib_a-wctomb_r.o)
                0x0000000008011dc4                __ascii_wctomb
 *fill*         0x0000000008011dde        0x2 
 .text.__swsetup_r
                0x0000000008011de0       0xdc c:/st/stm32cubeide_1.12.1/stm32cubeide/plugins/com.st.stm32cube.ide.mcu.externaltools.gnu-tools-for-stm32.10.3-2021.10.win32_1.0.200.202301161003/tools/bin/../lib/gcc/arm-none-eabi/10.3.1/../../../../arm-none-eabi/lib/thumb/v7e-m+fp/hard\libc_nano.a(lib_a-wsetup.o)
                0x0000000008011de0                __swsetup_r
 .text.abort    0x0000000008011ebc        0xe c:/st/stm32cubeide_1.12.1/stm32cubeide/plugins/com.st.stm32cube.ide.mcu.externaltools.gnu-tools-for-stm32.10.3-2021.10.win32_1.0.200.202301161003/tools/bin/../lib/gcc/arm-none-eabi/10.3.1/../../../../arm-none-eabi/lib/thumb/v7e-m+fp/hard\libc_nano.a(lib_a-abort.o)
                0x0000000008011ebc                abort
 *fill*         0x0000000008011eca        0x2 
 .text.__sflush_r
                0x0000000008011ecc      0x10c c:/st/stm32cubeide_1.12.1/stm32cubeide/plugins/com.st.stm32cube.ide.mcu.externaltools.gnu-tools-for-stm32.10.3-2021.10.win32_1.0.200.202301161003/tools/bin/../lib/gcc/arm-none-eabi/10.3.1/../../../../arm-none-eabi/lib/thumb/v7e-m+fp/hard\libc_nano.a(lib_a-fflush.o)
                0x0000000008011ecc                __sflush_r
 .text._fflush_r
                0x0000000008011fd8       0x78 c:/st/stm32cubeide_1.12.1/stm32cubeide/plugins/com.st.stm32cube.ide.mcu.externaltools.gnu-tools-for-stm32.10.3-2021.10.win32_1.0.200.202301161003/tools/bin/../lib/gcc/arm-none-eabi/10.3.1/../../../../arm-none-eabi/lib/thumb/v7e-m+fp/hard\libc_nano.a(lib_a-fflush.o)
                0x0000000008011fd8                _fflush_r
 .text.std      0x0000000008012050       0x48 c:/st/stm32cubeide_1.12.1/stm32cubeide/plugins/com.st.stm32cube.ide.mcu.externaltools.gnu-tools-for-stm32.10.3-2021.10.win32_1.0.200.202301161003/tools/bin/../lib/gcc/arm-none-eabi/10.3.1/../../../../arm-none-eabi/lib/thumb/v7e-m+fp/hard\libc_nano.a(lib_a-findfp.o)
 .text._cleanup_r
                0x0000000008012098        0xc c:/st/stm32cubeide_1.12.1/stm32cubeide/plugins/com.st.stm32cube.ide.mcu.externaltools.gnu-tools-for-stm32.10.3-2021.10.win32_1.0.200.202301161003/tools/bin/../lib/gcc/arm-none-eabi/10.3.1/../../../../arm-none-eabi/lib/thumb/v7e-m+fp/hard\libc_nano.a(lib_a-findfp.o)
                0x0000000008012098                _cleanup_r
 .text.__sfmoreglue
                0x00000000080120a4       0x2c c:/st/stm32cubeide_1.12.1/stm32cubeide/plugins/com.st.stm32cube.ide.mcu.externaltools.gnu-tools-for-stm32.10.3-2021.10.win32_1.0.200.202301161003/tools/bin/../lib/gcc/arm-none-eabi/10.3.1/../../../../arm-none-eabi/lib/thumb/v7e-m+fp/hard\libc_nano.a(lib_a-findfp.o)
                0x00000000080120a4                __sfmoreglue
 .text.__sfp_lock_acquire
                0x00000000080120d0        0xc c:/st/stm32cubeide_1.12.1/stm32cubeide/plugins/com.st.stm32cube.ide.mcu.externaltools.gnu-tools-for-stm32.10.3-2021.10.win32_1.0.200.202301161003/tools/bin/../lib/gcc/arm-none-eabi/10.3.1/../../../../arm-none-eabi/lib/thumb/v7e-m+fp/hard\libc_nano.a(lib_a-findfp.o)
                0x00000000080120d0                __sfp_lock_acquire
 .text.__sfp_lock_release
                0x00000000080120dc        0xc c:/st/stm32cubeide_1.12.1/stm32cubeide/plugins/com.st.stm32cube.ide.mcu.externaltools.gnu-tools-for-stm32.10.3-2021.10.win32_1.0.200.202301161003/tools/bin/../lib/gcc/arm-none-eabi/10.3.1/../../../../arm-none-eabi/lib/thumb/v7e-m+fp/hard\libc_nano.a(lib_a-findfp.o)
                0x00000000080120dc                __sfp_lock_release
 .text.__sinit_lock_acquire
                0x00000000080120e8        0xc c:/st/stm32cubeide_1.12.1/stm32cubeide/plugins/com.st.stm32cube.ide.mcu.externaltools.gnu-tools-for-stm32.10.3-2021.10.win32_1.0.200.202301161003/tools/bin/../lib/gcc/arm-none-eabi/10.3.1/../../../../arm-none-eabi/lib/thumb/v7e-m+fp/hard\libc_nano.a(lib_a-findfp.o)
                0x00000000080120e8                __sinit_lock_acquire
 .text.__sinit_lock_release
                0x00000000080120f4        0xc c:/st/stm32cubeide_1.12.1/stm32cubeide/plugins/com.st.stm32cube.ide.mcu.externaltools.gnu-tools-for-stm32.10.3-2021.10.win32_1.0.200.202301161003/tools/bin/../lib/gcc/arm-none-eabi/10.3.1/../../../../arm-none-eabi/lib/thumb/v7e-m+fp/hard\libc_nano.a(lib_a-findfp.o)
                0x00000000080120f4                __sinit_lock_release
 .text.__sinit  0x0000000008012100       0x70 c:/st/stm32cubeide_1.12.1/stm32cubeide/plugins/com.st.stm32cube.ide.mcu.externaltools.gnu-tools-for-stm32.10.3-2021.10.win32_1.0.200.202301161003/tools/bin/../lib/gcc/arm-none-eabi/10.3.1/../../../../arm-none-eabi/lib/thumb/v7e-m+fp/hard\libc_nano.a(lib_a-findfp.o)
                0x0000000008012100                __sinit
 .text.__sfp    0x0000000008012170       0x8c c:/st/stm32cubeide_1.12.1/stm32cubeide/plugins/com.st.stm32cube.ide.mcu.externaltools.gnu-tools-for-stm32.10.3-2021.10.win32_1.0.200.202301161003/tools/bin/../lib/gcc/arm-none-eabi/10.3.1/../../../../arm-none-eabi/lib/thumb/v7e-m+fp/hard\libc_nano.a(lib_a-findfp.o)
                0x0000000008012170                __sfp
 .text._fwalk_reent
                0x00000000080121fc       0x3e c:/st/stm32cubeide_1.12.1/stm32cubeide/plugins/com.st.stm32cube.ide.mcu.externaltools.gnu-tools-for-stm32.10.3-2021.10.win32_1.0.200.202301161003/tools/bin/../lib/gcc/arm-none-eabi/10.3.1/../../../../arm-none-eabi/lib/thumb/v7e-m+fp/hard\libc_nano.a(lib_a-fwalk.o)