Archive member included to satisfy reference by file (symbol)

c:/st/stm32cubeide_1.12.1/stm32cubeide/plugins/com.st.stm32cube.ide.mcu.externaltools.gnu-tools-for-stm32.10.3-2021.10.win32_1.0.200.202301161003/tools/bin/../lib/gcc/arm-none-eabi/10.3.1/../../../../arm-none-eabi/lib/thumb/v7e-m+fp/hard\libc_nano.a(lib_a-errno.o)
                              ./Core/Src/syscalls.o (__errno)
c:/st/stm32cubeide_1.12.1/stm32cubeide/plugins/com.st.stm32cube.ide.mcu.externaltools.gnu-tools-for-stm32.10.3-2021.10.win32_1.0.200.202301161003/tools/bin/../lib/gcc/arm-none-eabi/10.3.1/../../../../arm-none-eabi/lib/thumb/v7e-m+fp/hard\libc_nano.a(lib_a-exit.o)
                              c:/st/stm32cubeide_1.12.1/stm32cubeide/plugins/com.st.stm32cube.ide.mcu.externaltools.gnu-tools-for-stm32.10.3-2021.10.win32_1.0.200.202301161003/tools/bin/../lib/gcc/arm-none-eabi/10.3.1/../../../../arm-none-eabi/lib/thumb/v7e-m+fp/hard/crt0.o (exit)
c:/st/stm32cubeide_1.12.1/stm32cubeide/plugins/com.st.stm32cube.ide.mcu.externaltools.gnu-tools-for-stm32.10.3-2021.10.win32_1.0.200.202301161003/tools/bin/../lib/gcc/arm-none-eabi/10.3.1/../../../../arm-none-eabi/lib/thumb/v7e-m+fp/hard\libc_nano.a(lib_a-impure.o)
                              c:/st/stm32cubeide_1.12.1/stm32cubeide/plugins/com.st.stm32cube.ide.mcu.externaltools.gnu-tools-for-stm32.10.3-2021.10.win32_1.0.200.202301161003/tools/bin/../lib/gcc/arm-none-eabi/10.3.1/../../../../arm-none-eabi/lib/thumb/v7e-m+fp/hard\libc_nano.a(lib_a-exit.o) (_global_impure_ptr)
c:/st/stm32cubeide_1.12.1/stm32cubeide/plugins/com.st.stm32cube.ide.mcu.externaltools.gnu-tools-for-stm32.10.3-2021.10.win32_1.0.200.202301161003/tools/bin/../lib/gcc/arm-none-eabi/10.3.1/../../../../arm-none-eabi/lib/thumb/v7e-m+fp/hard\libc_nano.a(lib_a-init.o)
                              c:/st/stm32cubeide_1.12.1/stm32cubeide/plugins/com.st.stm32cube.ide.mcu.externaltools.gnu-tools-for-stm32.10.3-2021.10.win32_1.0.200.202301161003/tools/bin/../lib/gcc/arm-none-eabi/10.3.1/../../../../arm-none-eabi/lib/thumb/v7e-m+fp/hard/crt0.o (__libc_init_array)
c:/st/stm32cubeide_1.12.1/stm32cubeide/plugins/com.st.stm32cube.ide.mcu.externaltools.gnu-tools-for-stm32.10.3-2021.10.win32_1.0.200.202301161003/tools/bin/../lib/gcc/arm-none-eabi/10.3.1/../../../../arm-none-eabi/lib/thumb/v7e-m+fp/hard\libc_nano.a(lib_a-malloc.o)
                              ./Core/Src/ellipsoid_fit.o (malloc)
c:/st/stm32cubeide_1.12.1/stm32cubeide/plugins/com.st.stm32cube.ide.mcu.externaltools.gnu-tools-for-stm32.10.3-2021.10.win32_1.0.200.202301161003/tools/bin/../lib/gcc/arm-none-eabi/10.3.1/../../../../arm-none-eabi/lib/thumb/v7e-m+fp/hard\libc_nano.a(lib_a-memcpy-stub.o)
                              ./Core/Src/ellipsoid_fit.o (memcpy)
c:/st/stm32cubeide_1.12.1/stm32cubeide/plugins/com.st.stm32cube.ide.mcu.externaltools.gnu-tools-for-stm32.10.3-2021.10.win32_1.0.200.202301161003/tools/bin/../lib/gcc/arm-none-eabi/10.3.1/../../../../arm-none-eabi/lib/thumb/v7e-m+fp/hard\libc_nano.a(lib_a-memset.o)
                              c:/st/stm32cubeide_1.12.1/stm32cubeide/plugins/com.st.stm32cube.ide.mcu.externaltools.gnu-tools-for-stm32.10.3-2021.10.win32_1.0.200.202301161003/tools/bin/../lib/gcc/arm-none-eabi/10.3.1/../../../../arm-none-eabi/lib/thumb/v7e-m+fp/hard/crt0.o (memset)
c:/st/stm32cubeide_1.12.1/stm32cubeide/plugins/com.st.stm32cube.ide.mcu.externaltools.gnu-tools-for-stm32.10.3-2021.10.win32_1.0.200.202301161003/tools/bin/../lib/gcc/arm-none-eabi/10.3.1/../../../../arm-none-eabi/lib/thumb/v7e-m+fp/hard\libc_nano.a(lib_a-nano-freer.o)
                              c:/st/stm32cubeide_1.12.1/stm32cubeide/plugins/com.st.stm32cube.ide.mcu.externaltools.gnu-tools-for-stm32.10.3-2021.10.win32_1.0.200.202301161003/tools/bin/../lib/gcc/arm-none-eabi/10.3.1/../../../../arm-none-eabi/lib/thumb/v7e-m+fp/hard\libc_nano.a(lib_a-malloc.o) (_free_r)
c:/st/stm32cubeide_1.12.1/stm32cubeide/plugins/com.st.stm32cube.ide.mcu.externaltools.gnu-tools-for-stm32.10.3-2021.10.win32_1.0.200.202301161003/tools/bin/../lib/gcc/arm-none-eabi/10.3.1/../../../../arm-none-eabi/lib/thumb/v7e-m+fp/hard\libc_nano.a(lib_a-nano-mallocr.o)
                              c:/st/stm32cubeide_1.12.1/stm32cubeide/plugins/com.st.stm32cube.ide.mcu.externaltools.gnu-tools-for-stm32.10.3-2021.10.win32_1.0.200.202301161003/tools/bin/../lib/gcc/arm-none-eabi/10.3.1/../../../../arm-none-eabi/lib/thumb/v7e-m+fp/hard\libc_nano.a(lib_a-malloc.o) (_malloc_r)
c:/st/stm32cubeide_1.12.1/stm32cubeide/plugins/com.st.stm32cube.ide.mcu.externaltools.gnu-tools-for-stm32.10.3-2021.10.win32_1.0.200.202301161003/tools/bin/../lib/gcc/arm-none-eabi/10.3.1/../../../../arm-none-eabi/lib/thumb/v7e-m+fp/hard\libc_nano.a(lib_a-nano-vfprintf_float.o)
                              (_printf_float)
[...]
Memory Configuration

Name             Origin             Length             Attributes
RAM              0x0000000020000000 0x00000000000a0000 xrw
RAM2             0x0000000010000000 0x0000000000010000 xrw
RAM3             0x0000000020040000 0x0000000000060000 xrw
FLASH            0x0000000008000000 0x0000000000200000 xr
*default*        0x0000000000000000 0xffffffffffffffff

Linker script and memory map

LOAD c:/st/stm32cubeide_1.12.1/stm32cubeide/plugins/com.st.stm32cube.ide.mcu.externaltools.gnu-tools-for-stm32.10.3-2021.10.win32_1.0.200.202301161003/tools/bin/../lib/gcc/arm-none-eabi/10.3.1/thumb/v7e-m+fp/hard/crti.o
LOAD c:/st/stm32cubeide_1.12.1/stm32cubeide/plugins/com.st.stm32cube.ide.mcu.externaltools.gnu-tools-for-stm32.10.3-2021.10.win32_1.0.200.202301161003/tools/bin/../lib/gcc/arm-none-eabi/10.3.1/thumb/v7e-m+fp/hard/crtbegin.o
LOAD c:/st/stm32cubeide_1.12.1/stm32cubeide/plugins/com.st.stm32cube.ide.mcu.externaltools.gnu-tools-for-stm32.10.3-2021.10.win32_1.0.200.202301161003/tools/bin/../lib/gcc/arm-none-eabi/10.3.1/../../../../arm-none-eabi/lib/thumb/v7e-m+fp/hard/crt0.o
LOAD ./Core/Src/Fusion/Fusion.o
LOAD ./Core/Src/Fusion/FusionAhrs.o
LOAD ./Core/Src/Fusion/FusionCompass.o
LOAD ./Core/Src/Fusion/FusionOffset.o
LOAD ./Core/Src/ellipsoid_fit.o
LOAD ./Core/Src/flash_memory.o
LOAD ./Core/Src/freertos.o
LOAD ./Core/Src/gps_neoM9N.o
LOAD ./Core/Src/helpers.o
LOAD ./Core/Src/lsm6_gyro.o
LOAD ./Core/Src/main.o
LOAD ./Core/Src/message_handler.o
LOAD ./Core/Src/ring_buffer.o
LOAD ./Core/Src/stm32l4xx_hal_msp.o
LOAD ./Core/Src/stm32l4xx_hal_timebase_tim.o
LOAD ./Core/Src/stm32l4xx_it.o
LOAD ./Core/Src/syscalls.o
LOAD ./Core/Src/sysmem.o
LOAD ./Core/Src/system_stm32l4xx.o
LOAD ./Core/Src/uart.o
LOAD ./Core/Startup/startup_stm32l4s5vitx.o
LOAD ./Drivers/STM32L4xx_HAL_Driver/Src/stm32l4xx_hal.o
LOAD ./Drivers/STM32L4xx_HAL_Driver/Src/stm32l4xx_hal_cortex.o
LOAD ./Drivers/STM32L4xx_HAL_Driver/Src/stm32l4xx_hal_dma.o
LOAD ./Drivers/STM32L4xx_HAL_Driver/Src/stm32l4xx_hal_dma_ex.o
LOAD ./Drivers/STM32L4xx_HAL_Driver/Src/stm32l4xx_hal_exti.o
LOAD ./Drivers/STM32L4xx_HAL_Driver/Src/stm32l4xx_hal_flash.o
LOAD ./Drivers/STM32L4xx_HAL_Driver/Src/stm32l4xx_hal_flash_ex.o
LOAD ./Drivers/STM32L4xx_HAL_Driver/Src/stm32l4xx_hal_flash_ramfunc.o
LOAD ./Drivers/STM32L4xx_HAL_Driver/Src/stm32l4xx_hal_gpio.o
LOAD ./Drivers/STM32L4xx_HAL_Driver/Src/stm32l4xx_hal_i2c.o
LOAD ./Drivers/STM32L4xx_HAL_Driver/Src/stm32l4xx_hal_i2c_ex.o
LOAD ./Drivers/STM32L4xx_HAL_Driver/Src/stm32l4xx_hal_pwr.o
LOAD ./Drivers/STM32L4xx_HAL_Driver/Src/stm32l4xx_hal_pwr_ex.o
LOAD ./Drivers/STM32L4xx_HAL_Driver/Src/stm32l4xx_hal_rcc.o
LOAD ./Drivers/STM32L4xx_HAL_Driver/Src/stm32l4xx_hal_rcc_ex.o
LOAD ./Drivers/STM32L4xx_HAL_Driver/Src/stm32l4xx_hal_tim.o
LOAD ./Drivers/STM32L4xx_HAL_Driver/Src/stm32l4xx_hal_tim_ex.o
LOAD ./Drivers/STM32L4xx_HAL_Driver/Src/stm32l4xx_hal_uart.o
LOAD ./Drivers/STM32L4xx_HAL_Driver/Src/stm32l4xx_hal_uart_ex.o
LOAD ./Middlewares/Third_Party/FreeRTOS/Source/CMSIS_RTOS_V2/cmsis_os2.o
LOAD ./Middlewares/Third_Party/FreeRTOS/Source/croutine.o
LOAD ./Middlewares/Third_Party/FreeRTOS/Source/event_groups.o
LOAD ./Middlewares/Third_Party/FreeRTOS/Source/list.o
LOAD ./Middlewares/Third_Party/FreeRTOS/Source/queue.o
LOAD ./Middlewares/Third_Party/FreeRTOS/Source/stream_buffer.o
LOAD ./Middlewares/Third_Party/FreeRTOS/Source/tasks.o
LOAD ./Middlewares/Third_Party/FreeRTOS/Source/timers.o
LOAD ./Middlewares/Third_Party/FreeRTOS/Source/portable/GCC/ARM_CM4F/port.o
LOAD ./Middlewares/Third_Party/FreeRTOS/Source/portable/MemMang/heap_4.o
START GROUP
LOAD c:/st/stm32cubeide_1.12.1/stm32cubeide/plugins/com.st.stm32cube.ide.mcu.externaltools.gnu-tools-for-stm32.10.3-2021.10.win32_1.0.200.202301161003/tools/bin/../lib/gcc/arm-none-eabi/10.3.1/../../../../arm-none-eabi/lib/thumb/v7e-m+fp/hard\libc_nano.a
LOAD c:/st/stm32cubeide_1.12.1/stm32cubeide/plugins/com.st.stm32cube.ide.mcu.externaltools.gnu-tools-for-stm32.10.3-2021.10.win32_1.0.200.202301161003/tools/bin/../lib/gcc/arm-none-eabi/10.3.1/../../../../arm-none-eabi/lib/thumb/v7e-m+fp/hard\libm.a
END GROUP
START GROUP
LOAD c:/st/stm32cubeide_1.12.1/stm32cubeide/plugins/com.st.stm32cube.ide.mcu.externaltools.gnu-tools-for-stm32.10.3-2021.10.win32_1.0.200.202301161003/tools/bin/../lib/gcc/arm-none-eabi/10.3.1/thumb/v7e-m+fp/hard\libgcc.a
LOAD c:/st/stm32cubeide_1.12.1/stm32cubeide/plugins/com.st.stm32cube.ide.mcu.externaltools.gnu-tools-for-stm32.10.3-2021.10.win32_1.0.200.202301161003/tools/bin/../lib/gcc/arm-none-eabi/10.3.1/../../../../arm-none-eabi/lib/thumb/v7e-m+fp/hard\libc_nano.a
END GROUP
START GROUP
LOAD c:/st/stm32cubeide_1.12.1/stm32cubeide/plugins/com.st.stm32cube.ide.mcu.externaltools.gnu-tools-for-stm32.10.3-2021.10.win32_1.0.200.202301161003/tools/bin/../lib/gcc/arm-none-eabi/10.3.1/thumb/v7e-m+fp/hard\libgcc.a
LOAD c:/st/stm32cubeide_1.12.1/stm32cubeide/plugins/com.st.stm32cube.ide.mcu.externaltools.gnu-tools-for-stm32.10.3-2021.10.win32_1.0.200.202301161003/tools/bin/../lib/gcc/arm-none-eabi/10.3.1/../../../../arm-none-eabi/lib/thumb/v7e-m+fp/hard\libc_nano.a
LOAD c:/st/stm32cubeide_1.12.1/stm32cubeide/plugins/com.st.stm32cube.ide.mcu.externaltools.gnu-tools-for-stm32.10.3-2021.10.win32_1.0.200.202301161003/tools/bin/../lib/gcc/arm-none-eabi/10.3.1/../../../../arm-none-eabi/lib/thumb/v7e-m+fp/hard\libnosys.a
END GROUP
START GROUP
LOAD c:/st/stm32cubeide_1.12.1/stm32cubeide/plugins/com.st.stm32cube.ide.mcu.externaltools.gnu-tools-for-stm32.10.3-2021.10.win32_1.0.200.202301161003/tools/bin/../lib/gcc/arm-none-eabi/10.3.1/thumb/v7e-m+fp/hard\libgcc.a
LOAD c:/st/stm32cubeide_1.12.1/stm32cubeide/plugins/com.st.stm32cube.ide.mcu.externaltools.gnu-tools-for-stm32.10.3-2021.10.win32_1.0.200.202301161003/tools/bin/../lib/gcc/arm-none-eabi/10.3.1/../../../../arm-none-eabi/lib/thumb/v7e-m+fp/hard\libc_nano.a
LOAD c:/st/stm32cubeide_1.12.1/stm32cubeide/plugins/com.st.stm32cube.ide.mcu.externaltools.gnu-tools-for-stm32.10.3-2021.10.win32_1.0.200.202301161003/tools/bin/../lib/gcc/arm-none-eabi/10.3.1/../../../../arm-none-eabi/lib/thumb/v7e-m+fp/hard\libnosys.a
END GROUP
LOAD c:/st/stm32cubeide_1.12.1/stm32cubeide/plugins/com.st.stm32cube.ide.mcu.externaltools.gnu-tools-for-stm32.10.3-2021.10.win32_1.0.200.202301161003/tools/bin/../lib/gcc/arm-none-eabi/10.3.1/thumb/v7e-m+fp/hard/crtend.o
LOAD c:/st/stm32cubeide_1.12.1/stm32cubeide/plugins/com.st.stm32cube.ide.mcu.externaltools.gnu-tools-for-stm32.10.3-2021.10.win32_1.0.200.202301161003/tools/bin/../lib/gcc/arm-none-eabi/10.3.1/thumb/v7e-m+fp/hard/crtn.o
                0x00000000200a0000                _estack = (ORIGIN (RAM) + LENGTH (RAM))
                0x0000000000000200                _Min_Heap_Size = 0x200
                0x0000000000000400                _Min_Stack_Size = 0x400

.isr_vector     0x0000000008000000      0x1bc
                0x0000000008000000                . = ALIGN (0x4)
 *(.isr_vector)
 .isr_vector    0x0000000008000000      0x1bc ./Core/Startup/startup_stm32l4s5vitx.o
                0x0000000008000000                g_pfnVectors
                0x00000000080001bc                . = ALIGN (0x4)

.text           0x00000000080001c0    0x13f50
                0x00000000080001c0                . = ALIGN (0x4)
 *(.text)
 .text          0x00000000080001c0       0x40 c:/st/stm32cubeide_1.12.1/stm32cubeide/plugins/com.st.stm32cube.ide.mcu.externaltools.gnu-tools-for-stm32.10.3-2021.10.win32_1.0.200.202301161003/tools/bin/../lib/gcc/arm-none-eabi/10.3.1/thumb/v7e-m+fp/hard/crtbegin.o
 .text          0x0000000008000200       0x10 c:/st/stm32cubeide_1.12.1/stm32cubeide/plugins/com.st.stm32cube.ide.mcu.externaltools.gnu-tools-for-stm32.10.3-2021.10.win32_1.0.200.202301161003/tools/bin/../lib/gcc/arm-none-eabi/10.3.1/../../../../arm-none-eabi/lib/thumb/v7e-m+fp/hard\libc_nano.a(lib_a-strlen.o)
                0x0000000008000200                strlen
 .text          0x0000000008000210       0xa0 c:/st/stm32cubeide_1.12.1/stm32cubeide/plugins/com.st.stm32cube.ide.mcu.externaltools.gnu-tools-for-stm32.10.3-2021.10.win32_1.0.200.202301161003/tools/bin/../lib/gcc/arm-none-eabi/10.3.1/../../../../arm-none-eabi/lib/thumb/v7e-m+fp/hard\libc_nano.a(lib_a-memchr.o)
                0x0000000008000210                memchr
 .text          0x00000000080002b0      0x378 c:/st/stm32cubeide_1.12.1/stm32cubeide/plugins/com.st.stm32cube.ide.mcu.externaltools.gnu-tools-for-stm32.10.3-2021.10.win32_1.0.200.202301161003/tools/bin/../lib/gcc/arm-none-eabi/10.3.1/thumb/v7e-m+fp/hard\libgcc.a(_arm_addsubdf3.o)
                0x00000000080002b0                __aeabi_drsub
                0x00000000080002b8                __aeabi_dsub
                0x00000000080002b8                __subdf3
                0x00000000080002bc                __aeabi_dadd
                0x00000000080002bc                __adddf3
                0x0000000008000534                __floatunsidf
                0x0000000008000534                __aeabi_ui2d
                0x0000000008000554                __floatsidf
                0x0000000008000554                __aeabi_i2d
                0x0000000008000578                __aeabi_f2d
                0x0000000008000578                __extendsfdf2
                0x00000000080005bc                __floatundidf
                0x00000000080005bc                __aeabi_ul2d
                0x00000000080005cc                __floatdidf
                0x00000000080005cc                __aeabi_l2d
 .text          0x0000000008000628      0x424 c:/st/stm32cubeide_1.12.1/stm32cubeide/plugins/com.st.stm32cube.ide.mcu.externaltools.gnu-tools-for-stm32.10.3-2021.10.win32_1.0.200.202301161003/tools/bin/../lib/gcc/arm-none-eabi/10.3.1/thumb/v7e-m+fp/hard\libgcc.a(_arm_muldivdf3.o)
                0x0000000008000628                __aeabi_dmul
                0x0000000008000628                __muldf3
                0x000000000800087c                __divdf3
                0x000000000800087c                __aeabi_ddiv
 .text          0x0000000008000a4c      0x110 c:/st/stm32cubeide_1.12.1/stm32cubeide/plugins/com.st.stm32cube.ide.mcu.externaltools.gnu-tools-for-stm32.10.3-2021.10.win32_1.0.200.202301161003/tools/bin/../lib/gcc/arm-none-eabi/10.3.1/thumb/v7e-m+fp/hard\libgcc.a(_arm_cmpdf2.o)
                0x0000000008000a4c                __gtdf2
                0x0000000008000a4c                __gedf2
                0x0000000008000a54                __ltdf2
                0x0000000008000a54                __ledf2
                0x0000000008000a5c                __nedf2
                0x0000000008000a5c                __eqdf2
                0x0000000008000a5c                __cmpdf2
                0x0000000008000ad8                __aeabi_cdrcmple
                0x0000000008000ae8                __aeabi_cdcmpeq
                0x0000000008000ae8                __aeabi_cdcmple
                0x0000000008000af8                __aeabi_dcmpeq
                0x0000000008000b0c                __aeabi_dcmplt
                0x0000000008000b20                __aeabi_dcmple
                0x0000000008000b34                __aeabi_dcmpge
                0x0000000008000b48                __aeabi_dcmpgt
 .text          0x0000000008000b5c       0x2c c:/st/stm32cubeide_1.12.1/stm32cubeide/plugins/com.st.stm32cube.ide.mcu.externaltools.gnu-tools-for-stm32.10.3-2021.10.win32_1.0.200.202301161003/tools/bin/../lib/gcc/arm-none-eabi/10.3.1/thumb/v7e-m+fp/hard\libgcc.a(_arm_unorddf2.o)
                0x0000000008000b5c                __unorddf2
                0x0000000008000b5c                __aeabi_dcmpun
 .text          0x0000000008000b88       0x50 c:/st/stm32cubeide_1.12.1/stm32cubeide/plugins/com.st.stm32cube.ide.mcu.externaltools.gnu-tools-for-stm32.10.3-2021.10.win32_1.0.200.202301161003/tools/bin/../lib/gcc/arm-none-eabi/10.3.1/thumb/v7e-m+fp/hard\libgcc.a(_arm_fixdfsi.o)
                0x0000000008000b88                __aeabi_d2iz
                0x0000000008000b88                __fixdfsi
 .text          0x0000000008000bd8       0x30 c:/st/stm32cubeide_1.12.1/stm32cubeide/plugins/com.st.stm32cube.ide.mcu.externaltools.gnu-tools-for-stm32.10.3-2021.10.win32_1.0.200.202301161003/tools/bin/../lib/gcc/arm-none-eabi/10.3.1/thumb/v7e-m+fp/hard\libgcc.a(_aeabi_uldivmod.o)
                0x0000000008000bd8                __aeabi_uldivmod
 .text          0x0000000008000c08      0x2d0 c:/st/stm32cubeide_1.12.1/stm32cubeide/plugins/com.st.stm32cube.ide.mcu.externaltools.gnu-tools-for-stm32.10.3-2021.10.win32_1.0.200.202301161003/tools/bin/../lib/gcc/arm-none-eabi/10.3.1/thumb/v7e-m+fp/hard\libgcc.a(_udivmoddi4.o)
                0x0000000008000c08                __udivmoddi4
 .text          0x0000000008000ed8        0x4 c:/st/stm32cubeide_1.12.1/stm32cubeide/plugins/com.st.stm32cube.ide.mcu.externaltools.gnu-tools-for-stm32.10.3-2021.10.win32_1.0.200.202301161003/tools/bin/../lib/gcc/arm-none-eabi/10.3.1/thumb/v7e-m+fp/hard\libgcc.a(_dvmd_tls.o)
                0x0000000008000ed8                __aeabi_idiv0
                0x0000000008000ed8                __aeabi_ldiv0
 *(.text*)
 .text.FusionRadiansToDegrees
                0x0000000008000edc       0x28 ./Core/Src/Fusion/Fusion.o
 .text.FusionAsin
                0x0000000008000f04       0x58 ./Core/Src/Fusion/Fusion.o
 .text.FusionVectorSubtract
                0x0000000008000f5c       0x9c ./Core/Src/Fusion/Fusion.o
 .text.FusionVectorHadamardProduct
                0x0000000008000ff8       0x9c ./Core/Src/Fusion/Fusion.o
 .text.FusionMatrixMultiplyVector
                0x0000000008001094       0xf0 ./Core/Src/Fusion/Fusion.o
 .text.FusionQuaternionToEuler
                0x0000000008001184      0x14c ./Core/Src/Fusion/Fusion.o
 .text.FusionCalibrationInertial
                0x00000000080012d0      0x15a ./Core/Src/Fusion/Fusion.o
 *fill*         0x000000000800142a        0x2 
 .text.setGyroOffset
                0x000000000800142c       0x40 ./Core/Src/Fusion/Fusion.o
                0x000000000800142c                setGyroOffset
 .text.FusionInit
                0x000000000800146c       0x40 ./Core/Src/Fusion/Fusion.o
                0x000000000800146c                FusionInit
 .text.FusionCalcAngle
                0x00000000080014ac      0x1d8 ./Core/Src/Fusion/Fusion.o
                0x00000000080014ac                FusionCalcAngle
 .text.FusionDegreesToRadians
                0x0000000008001684       0x28 ./Core/Src/Fusion/FusionAhrs.o
 .text.FusionFastInverseSqrt
                0x00000000080016ac       0x60 ./Core/Src/Fusion/FusionAhrs.o
 .text.FusionVectorIsZero
                0x000000000800170c       0x60 ./Core/Src/Fusion/FusionAhrs.o
 .text.FusionVectorAdd
                0x000000000800176c       0x9c ./Core/Src/Fusion/FusionAhrs.o
 .text.FusionVectorSum
                0x0000000008001808       0x40 ./Core/Src/Fusion/FusionAhrs.o
 .text.FusionVectorMultiplyScalar
                0x0000000008001848       0x88 ./Core/Src/Fusion/FusionAhrs.o
 .text.FusionVectorHadamardProduct
                0x00000000080018d0       0x9c ./Core/Src/Fusion/FusionAhrs.o
 .text.FusionVectorCrossProduct
                0x000000000800196c       0xcc ./Core/Src/Fusion/FusionAhrs.o
 .text.FusionVectorMagnitudeSquared
                0x0000000008001a38       0x94 ./Core/Src/Fusion/FusionAhrs.o
 .text.FusionVectorNormalise
                0x0000000008001acc       0xa6 ./Core/Src/Fusion/FusionAhrs.o
 .text.FusionQuaternionAdd
                0x0000000008001b72       0xc4 ./Core/Src/Fusion/FusionAhrs.o
 .text.FusionQuaternionMultiply
                0x0000000008001c36      0x184 ./Core/Src/Fusion/FusionAhrs.o
 .text.FusionQuaternionMultiplyVector
                0x0000000008001dba      0x140 ./Core/Src/Fusion/FusionAhrs.o
 .text.FusionQuaternionNormalise
                0x0000000008001efa       0xea ./Core/Src/Fusion/FusionAhrs.o
 .text.FusionAhrsInitialise
                0x0000000008001fe4       0x38 ./Core/Src/Fusion/FusionAhrs.o
                0x0000000008001fe4                FusionAhrsInitialise
 .text.FusionAhrsReset
                0x000000000800201c       0xbc ./Core/Src/Fusion/FusionAhrs.o
                0x000000000800201c                FusionAhrsReset
 .text.FusionAhrsSetSettings
                0x00000000080020d8      0x11c ./Core/Src/Fusion/FusionAhrs.o
                0x00000000080020d8                FusionAhrsSetSettings
 .text.FusionAhrsUpdate
                0x00000000080021f4      0x6c2 ./Core/Src/Fusion/FusionAhrs.o
                0x00000000080021f4                FusionAhrsUpdate
 .text.HalfGravity
                0x00000000080028b6      0x17a ./Core/Src/Fusion/FusionAhrs.o
 .text.HalfMagnetic
                0x0000000008002a30      0x214 ./Core/Src/Fusion/FusionAhrs.o
 .text.FusionAhrsUpdateNoMagnetometer
                0x0000000008002c44       0xc4 ./Core/Src/Fusion/FusionAhrs.o
                0x0000000008002c44                FusionAhrsUpdateNoMagnetometer
 .text.FusionAhrsGetQuaternion
                0x0000000008002d08       0x46 ./Core/Src/Fusion/FusionAhrs.o
                0x0000000008002d08                FusionAhrsGetQuaternion
 .text.FusionAhrsSetHeading
                0x0000000008002d4e      0x12c ./Core/Src/Fusion/FusionAhrs.o
                0x0000000008002d4e                FusionAhrsSetHeading
 *fill*         0x0000000008002e7a        0x2 
 .text.FusionRadiansToDegrees
                0x0000000008002e7c       0x28 ./Core/Src/Fusion/FusionCompass.o
 .text.FusionFastInverseSqrt
                0x0000000008002ea4       0x60 ./Core/Src/Fusion/FusionCompass.o
 .text.FusionVectorSum
                0x0000000008002f04       0x40 ./Core/Src/Fusion/FusionCompass.o
 .text.FusionVectorMultiplyScalar
                0x0000000008002f44       0x88 ./Core/Src/Fusion/FusionCompass.o
 .text.FusionVectorHadamardProduct
                0x0000000008002fcc       0x9c ./Core/Src/Fusion/FusionCompass.o
 .text.FusionVectorCrossProduct
                0x0000000008003068       0xcc ./Core/Src/Fusion/FusionCompass.o
 .text.FusionVectorMagnitudeSquared
                0x0000000008003134       0x94 ./Core/Src/Fusion/FusionCompass.o
 .text.FusionVectorNormalise
                0x00000000080031c8       0xa6 ./Core/Src/Fusion/FusionCompass.o
 *fill*         0x000000000800326e        0x2 
 .text.FusionCompassCalculateHeading
                0x0000000008003270      0x448 ./Core/Src/Fusion/FusionCompass.o
                0x0000000008003270                FusionCompassCalculateHeading
 .text.FusionOffsetInitialise
                0x00000000080036b8       0x64 ./Core/Src/Fusion/FusionOffset.o
                0x00000000080036b8                FusionOffsetInitialise
 .text.ublox_i2c_bus_init
                0x000000000800371c       0x80 ./Core/Src/gps_neoM9N.o
                0x000000000800371c                ublox_i2c_bus_init
 .text.ublox_tick
                0x000000000800379c       0x2c ./Core/Src/gps_neoM9N.o
                0x000000000800379c                ublox_tick
 .text.ublox_transmit_rtc
                0x00000000080037c8       0x28 ./Core/Src/gps_neoM9N.o
                0x00000000080037c8                ublox_transmit_rtc
 .text.ublox_transmit_message
                0x00000000080037f0       0xac ./Core/Src/gps_neoM9N.o
                0x00000000080037f0                ublox_transmit_message
 .text.ubloxInit
                0x000000000800389c      0x1c0 ./Core/Src/gps_neoM9N.o
                0x000000000800389c                ubloxInit
 .text.ubloxRead
                0x0000000008003a5c       0xbc ./Core/Src/gps_neoM9N.o
                0x0000000008003a5c                ubloxRead
 .text.parseNMEA
                0x0000000008003b18      0x204 ./Core/Src/gps_neoM9N.o
                0x0000000008003b18                parseNMEA
 .text.calcChecksum
                0x0000000008003d1c       0xe8 ./Core/Src/gps_neoM9N.o
 .text.sendI2Cmessage
                0x0000000008003e04      0x134 ./Core/Src/gps_neoM9N.o
                0x0000000008003e04                sendI2Cmessage
 .text.setPortOutput
                0x0000000008003f38       0x60 ./Core/Src/gps_neoM9N.o
                0x0000000008003f38                setPortOutput
 .text.configureNMEA
                0x0000000008003f98       0x64 ./Core/Src/gps_neoM9N.o
                0x0000000008003f98                configureNMEA
 .text.powerManageCfgSet
                0x0000000008003ffc       0x40 ./Core/Src/gps_neoM9N.o
                0x0000000008003ffc                powerManageCfgSet
 .text.init_gps_data
                0x000000000800403c       0x78 ./Core/Src/gps_neoM9N.o
                0x000000000800403c                init_gps_data
 .text.UbloxI2CWriteReadPolling
                0x00000000080040b4       0x5c ./Core/Src/gps_neoM9N.o
                0x00000000080040b4                UbloxI2CWriteReadPolling
 .text.strtoke  0x0000000008004110       0x64 ./Core/Src/helpers.o
                0x0000000008004110                strtoke
 .text.altAtol  0x0000000008004174      0x110 ./Core/Src/helpers.o
                0x0000000008004174                altAtol
 .text.coorsAtol
                0x0000000008004284      0x1e0 ./Core/Src/helpers.o
                0x0000000008004284                coorsAtol
 .text.tick_gyro
                0x0000000008004464       0x22 ./Core/Src/lsm6_gyro.o
                0x0000000008004464                tick_gyro
 *fill*         0x0000000008004486        0x2 
 .text.lsm6_bus_init
                0x0000000008004488       0x80 ./Core/Src/lsm6_gyro.o
                0x0000000008004488                lsm6_bus_init
 .text.gyro_init
                0x0000000008004508       0x4c ./Core/Src/lsm6_gyro.o
                0x0000000008004508                gyro_init
 .text.lsm6_acc_init
                0x0000000008004554       0x4c ./Core/Src/lsm6_gyro.o
                0x0000000008004554                lsm6_acc_init
 .text.magn_init
                0x00000000080045a0       0xb8 ./Core/Src/lsm6_gyro.o
                0x00000000080045a0                magn_init
 .text.gyro_read
                0x0000000008004658      0x108 ./Core/Src/lsm6_gyro.o
                0x0000000008004658                gyro_read
 .text.lsm6_acc_read
                0x0000000008004760       0xcc ./Core/Src/lsm6_gyro.o
                0x0000000008004760                lsm6_acc_read
 .text.lis3_magn_read
                0x000000000800482c       0xc0 ./Core/Src/lsm6_gyro.o
                0x000000000800482c                lis3_magn_read
 .text.gyro_offset_calculation
                0x00000000080048ec       0xf8 ./Core/Src/lsm6_gyro.o
                0x00000000080048ec                gyro_offset_calculation
 .text.main     0x00000000080049e4      0x240 ./Core/Src/main.o
                0x00000000080049e4                main
 .text.StartDefaultTask
                0x0000000008004c24       0x28 ./Core/Src/main.o
                0x0000000008004c24                StartDefaultTask
 .text.readMemsTask
                0x0000000008004c4c       0x44 ./Core/Src/main.o
                0x0000000008004c4c                readMemsTask
 .text.getCoorsTask
                0x0000000008004c90       0x16 ./Core/Src/main.o
                0x0000000008004c90                getCoorsTask
 *fill*         0x0000000008004ca6        0x2 
 .text.readMessageTask
                0x0000000008004ca8       0x70 ./Core/Src/main.o
                0x0000000008004ca8                readMessageTask
 .text.gyroCalibrationTask
                0x0000000008004d18       0x78 ./Core/Src/main.o
                0x0000000008004d18                gyroCalibrationTask
 .text.SystemClock_Config
                0x0000000008004d90       0xa2 ./Core/Src/main.o
                0x0000000008004d90                SystemClock_Config
 *fill*         0x0000000008004e32        0x2 
 .text.MX_GPIO_Init
                0x0000000008004e34      0x354 ./Core/Src/main.o
 .text.HAL_TIM_PeriodElapsedCallback
                0x0000000008005188       0x24 ./Core/Src/main.o
                0x0000000008005188                HAL_TIM_PeriodElapsedCallback
 .text.Error_Handler
                0x00000000080051ac       0x20 ./Core/Src/main.o
                0x00000000080051ac                Error_Handler
 .text.tick_Handler
                0x00000000080051cc       0x2c ./Core/Src/message_handler.o
                0x00000000080051cc                tick_Handler
 .text.sendNack
                0x00000000080051f8       0x68 ./Core/Src/message_handler.o
                0x00000000080051f8                sendNack
 .text.sendAck  0x0000000008005260       0x68 ./Core/Src/message_handler.o
                0x0000000008005260                sendAck
 .text.calcDataSize
                0x00000000080052c8       0x6a ./Core/Src/message_handler.o
 *fill*         0x0000000008005332        0x2 
 .text.transmitMessage
                0x0000000008005334      0x348 ./Core/Src/message_handler.o
                0x0000000008005334                transmitMessage
 .text.calcChecksum
                0x000000000800567c       0x9c ./Core/Src/message_handler.o
 .text.parseMessage
                0x0000000008005718      0x114 ./Core/Src/message_handler.o
                0x0000000008005718                parseMessage
 .text.handler  0x000000000800582c      0x108 ./Core/Src/message_handler.o
 .text.init_message_t
                0x0000000008005934       0x58 ./Core/Src/message_handler.o
 .text.reportFW
                0x000000000800598c       0x2a ./Core/Src/message_handler.o
                0x000000000800598c                reportFW
 .text.RB_init  0x00000000080059b6       0x40 ./Core/Src/ring_buffer.o
                0x00000000080059b6                RB_init
 .text.RB_push  0x00000000080059f6       0x5c ./Core/Src/ring_buffer.o
                0x00000000080059f6                RB_push
 .text.RB_pop   0x0000000008005a52       0x4a ./Core/Src/ring_buffer.o
                0x0000000008005a52                RB_pop
 .text.RB_pushFront
                0x0000000008005a9c       0x54 ./Core/Src/ring_buffer.o
                0x0000000008005a9c                RB_pushFront
 .text.RB_size  0x0000000008005af0       0x38 ./Core/Src/ring_buffer.o
                0x0000000008005af0                RB_size
 .text.RB_clear
                0x0000000008005b28       0x28 ./Core/Src/ring_buffer.o
                0x0000000008005b28                RB_clear
 .text.HAL_MspInit
                0x0000000008005b50       0x50 ./Core/Src/stm32l4xx_hal_msp.o
                0x0000000008005b50                HAL_MspInit
 .text.HAL_I2C_MspInit
                0x0000000008005ba0      0x164 ./Core/Src/stm32l4xx_hal_msp.o
                0x0000000008005ba0                HAL_I2C_MspInit
 .text.HAL_UART_MspInit
                0x0000000008005d04      0x274 ./Core/Src/stm32l4xx_hal_msp.o
                0x0000000008005d04                HAL_UART_MspInit
 .text.HAL_InitTick
                0x0000000008005f78       0xdc ./Core/Src/stm32l4xx_hal_timebase_tim.o
                0x0000000008005f78                HAL_InitTick
 .text.NMI_Handler
                0x0000000008006054        0x6 ./Core/Src/stm32l4xx_it.o
                0x0000000008006054                NMI_Handler
 .text.HardFault_Handler
                0x000000000800605a        0x6 ./Core/Src/stm32l4xx_it.o
                0x000000000800605a                HardFault_Handler
 .text.MemManage_Handler
                0x0000000008006060        0x6 ./Core/Src/stm32l4xx_it.o
                0x0000000008006060                MemManage_Handler
 .text.BusFault_Handler
                0x0000000008006066        0x6 ./Core/Src/stm32l4xx_it.o
                0x0000000008006066                BusFault_Handler
 .text.UsageFault_Handler
                0x000000000800606c        0x6 ./Core/Src/stm32l4xx_it.o
                0x000000000800606c                UsageFault_Handler
 .text.DebugMon_Handler
                0x0000000008006072        0xe ./Core/Src/stm32l4xx_it.o
                0x0000000008006072                DebugMon_Handler
 .text.EXTI9_5_IRQHandler
                0x0000000008006080       0x22 ./Core/Src/stm32l4xx_it.o
                0x0000000008006080                EXTI9_5_IRQHandler
 *fill*         0x00000000080060a2        0x2 
 .text.TIM1_UP_TIM16_IRQHandler
                0x00000000080060a4       0x14 ./Core/Src/stm32l4xx_it.o
                0x00000000080060a4                TIM1_UP_TIM16_IRQHandler
 .text.I2C1_EV_IRQHandler
                0x00000000080060b8       0x14 ./Core/Src/stm32l4xx_it.o
                0x00000000080060b8                I2C1_EV_IRQHandler
 .text.I2C2_EV_IRQHandler
                0x00000000080060cc       0x14 ./Core/Src/stm32l4xx_it.o
                0x00000000080060cc                I2C2_EV_IRQHandler
 .text.USART1_IRQHandler
                0x00000000080060e0       0x14 ./Core/Src/stm32l4xx_it.o
                0x00000000080060e0                USART1_IRQHandler
 .text.UART4_IRQHandler
                0x00000000080060f4       0x14 ./Core/Src/stm32l4xx_it.o
                0x00000000080060f4                UART4_IRQHandler
 .text.EXTI15_10_IRQHandler
                0x0000000008006108       0x38 ./Core/Src/stm32l4xx_it.o
                0x0000000008006108                EXTI15_10_IRQHandler
 .text._getpid  0x0000000008006140       0x10 ./Core/Src/syscalls.o
                0x0000000008006140                _getpid
 .text._kill    0x0000000008006150       0x20 ./Core/Src/syscalls.o
                0x0000000008006150                _kill
 .text._exit    0x0000000008006170       0x14 ./Core/Src/syscalls.o
                0x0000000008006170                _exit
 .text._read    0x0000000008006184       0x3a ./Core/Src/syscalls.o
                0x0000000008006184                _read
 .text._write   0x00000000080061be       0x38 ./Core/Src/syscalls.o
                0x00000000080061be                _write
 .text._close   0x00000000080061f6       0x18 ./Core/Src/syscalls.o
                0x00000000080061f6                _close
 .text._fstat   0x000000000800620e       0x20 ./Core/Src/syscalls.o
                0x000000000800620e                _fstat
 .text._isatty  0x000000000800622e       0x16 ./Core/Src/syscalls.o
                0x000000000800622e                _isatty
 .text._lseek   0x0000000008006244       0x1a ./Core/Src/syscalls.o
                0x0000000008006244                _lseek
 *fill*         0x000000000800625e        0x2 
 .text._sbrk    0x0000000008006260       0x6c ./Core/Src/sysmem.o
                0x0000000008006260                _sbrk
 .text.SystemInit
                0x00000000080062cc       0x24 ./Core/Src/system_stm32l4xx.o
                0x00000000080062cc                SystemInit
 .text.MX_USART1_UART_Init
                0x00000000080062f0       0xa4 ./Core/Src/uart.o
                0x00000000080062f0                MX_USART1_UART_Init
 .text.MX_UART4_Init
                0x0000000008006394       0xb0 ./Core/Src/uart.o
                0x0000000008006394                MX_UART4_Init
 .text.error_Handler
                0x0000000008006444       0x14 ./Core/Src/uart.o
 .text.uart_receive_it
                0x0000000008006458       0x50 ./Core/Src/uart.o
                0x0000000008006458                uart_receive_it
 .text.uart_write_debug
                0x00000000080064a8       0x2c ./Core/Src/uart.o
                0x00000000080064a8                uart_write_debug
 .text.uart_write
                0x00000000080064d4       0x78 ./Core/Src/uart.o
                0x00000000080064d4                uart_write
 .text.HAL_UART_RxCpltCallback
                0x000000000800654c      0x22c ./Core/Src/uart.o
                0x000000000800654c                HAL_UART_RxCpltCallback
 .text.Reset_Handler
                0x0000000008006778       0x50 ./Core/Startup/startup_stm32l4s5vitx.o
                0x0000000008006778                Reset_Handler
 .text.Default_Handler
                0x00000000080067c8        0x2 ./Core/Startup/startup_stm32l4s5vitx.o
                0x00000000080067c8                RTC_Alarm_IRQHandler
                0x00000000080067c8                EXTI2_IRQHandler
                0x00000000080067c8                TIM8_TRG_COM_IRQHandler
                0x00000000080067c8                TIM8_CC_IRQHandler
                0x00000000080067c8                TIM1_CC_IRQHandler
                0x00000000080067c8                TSC_IRQHandler
                0x00000000080067c8                TAMP_STAMP_IRQHandler
                0x00000000080067c8                EXTI3_IRQHandler
                0x00000000080067c8                LPTIM2_IRQHandler
                0x00000000080067c8                DFSDM1_FLT1_IRQHandler
                0x00000000080067c8                GFXMMU_IRQHandler
                0x00000000080067c8                I2C3_ER_IRQHandler
                0x00000000080067c8                DFSDM1_FLT2_IRQHandler
                0x00000000080067c8                EXTI0_IRQHandler
                0x00000000080067c8                CAN1_RX0_IRQHandler
                0x00000000080067c8                FPU_IRQHandler
                0x00000000080067c8                LTDC_ER_IRQHandler
                0x00000000080067c8                SPI1_IRQHandler
                0x00000000080067c8                OCTOSPI1_IRQHandler
                0x00000000080067c8                TIM6_DAC_IRQHandler
                0x00000000080067c8                DCMI_IRQHandler
                0x00000000080067c8                TIM8_UP_IRQHandler
                0x00000000080067c8                OCTOSPI2_IRQHandler
                0x00000000080067c8                DMA2_Channel2_IRQHandler
                0x00000000080067c8                DMA1_Channel4_IRQHandler
                0x00000000080067c8                SAI2_IRQHandler
                0x00000000080067c8                ADC1_IRQHandler
                0x00000000080067c8                DFSDM1_FLT3_IRQHandler
                0x00000000080067c8                USART3_IRQHandler
                0x00000000080067c8                DMA1_Channel7_IRQHandler
                0x00000000080067c8                CAN1_RX1_IRQHandler
                0x00000000080067c8                UART5_IRQHandler
                0x00000000080067c8                TIM4_IRQHandler
                0x00000000080067c8                DMA2_Channel1_IRQHandler
                0x00000000080067c8                DMAMUX1_OVR_IRQHandler
                0x00000000080067c8                DMA1_Channel6_IRQHandler
                0x00000000080067c8                DMA2_Channel4_IRQHandler
                0x00000000080067c8                TIM3_IRQHandler
                0x00000000080067c8                RCC_IRQHandler
                0x00000000080067c8                DMA1_Channel1_IRQHandler
                0x00000000080067c8                Default_Handler
                0x00000000080067c8                DMA2_Channel7_IRQHandler
                0x00000000080067c8                TIM7_IRQHandler
                0x00000000080067c8                SDMMC1_IRQHandler
                0x00000000080067c8                TIM5_IRQHandler
                0x00000000080067c8                I2C3_EV_IRQHandler
                0x00000000080067c8                RTC_WKUP_IRQHandler
                0x00000000080067c8                LTDC_IRQHandler
                0x00000000080067c8                PVD_PVM_IRQHandler
                0x00000000080067c8                SPI2_IRQHandler
                0x00000000080067c8                CAN1_TX_IRQHandler
                0x00000000080067c8                DMA2_Channel5_IRQHandler
                0x00000000080067c8                DMA1_Channel5_IRQHandler
                0x00000000080067c8                EXTI4_IRQHandler
                0x00000000080067c8                RNG_IRQHandler
                0x00000000080067c8                TIM1_TRG_COM_TIM17_IRQHandler
                0x00000000080067c8                DMA1_Channel3_IRQHandler
                0x00000000080067c8                COMP_IRQHandler
                0x00000000080067c8                HASH_CRS_IRQHandler
                0x00000000080067c8                WWDG_IRQHandler
                0x00000000080067c8                I2C4_EV_IRQHandler
                0x00000000080067c8                LPUART1_IRQHandler
                0x00000000080067c8                DMA2_Channel6_IRQHandler
                0x00000000080067c8                TIM2_IRQHandler
                0x00000000080067c8                DMA2D_IRQHandler
                0x00000000080067c8                EXTI1_IRQHandler
                0x00000000080067c8                AES_IRQHandler
                0x00000000080067c8                USART2_IRQHandler
                0x00000000080067c8                DFSDM1_FLT0_IRQHandler
                0x00000000080067c8                I2C2_ER_IRQHandler
                0x00000000080067c8                DMA1_Channel2_IRQHandler
                0x00000000080067c8                TIM8_BRK_IRQHandler
                0x00000000080067c8                CAN1_SCE_IRQHandler
                0x00000000080067c8                FLASH_IRQHandler
                0x00000000080067c8                OTG_FS_IRQHandler
                0x00000000080067c8                SPI3_IRQHandler
                0x00000000080067c8                I2C1_ER_IRQHandler
                0x00000000080067c8                FMC_IRQHandler
                0x00000000080067c8                LPTIM1_IRQHandler
                0x00000000080067c8                I2C4_ER_IRQHandler
                0x00000000080067c8                SAI1_IRQHandler
                0x00000000080067c8                DMA2_Channel3_IRQHandler
                0x00000000080067c8                TIM1_BRK_TIM15_IRQHandler
 .text.HAL_Init
                0x00000000080067ca       0x30 ./Drivers/STM32L4xx_HAL_Driver/Src/stm32l4xx_hal.o
                0x00000000080067ca                HAL_Init
 *fill*         0x00000000080067fa        0x2 
 .text.HAL_IncTick
                0x00000000080067fc       0x28 ./Drivers/STM32L4xx_HAL_Driver/Src/stm32l4xx_hal.o
                0x00000000080067fc                HAL_IncTick
 .text.HAL_GetTick
                0x0000000008006824       0x18 ./Drivers/STM32L4xx_HAL_Driver/Src/stm32l4xx_hal.o
                0x0000000008006824                HAL_GetTick
 .text.HAL_Delay
                0x000000000800683c       0x48 ./Drivers/STM32L4xx_HAL_Driver/Src/stm32l4xx_hal.o
                0x000000000800683c                HAL_Delay
 .text.__NVIC_SetPriorityGrouping
                0x0000000008006884       0x48 ./Drivers/STM32L4xx_HAL_Driver/Src/stm32l4xx_hal_cortex.o
 .text.__NVIC_GetPriorityGrouping
                0x00000000080068cc       0x1c ./Drivers/STM32L4xx_HAL_Driver/Src/stm32l4xx_hal_cortex.o
 .text.__NVIC_EnableIRQ
                0x00000000080068e8       0x3c ./Drivers/STM32L4xx_HAL_Driver/Src/stm32l4xx_hal_cortex.o
 .text.__NVIC_SetPriority
                0x0000000008006924       0x54 ./Drivers/STM32L4xx_HAL_Driver/Src/stm32l4xx_hal_cortex.o
 .text.NVIC_EncodePriority
                0x0000000008006978       0x66 ./Drivers/STM32L4xx_HAL_Driver/Src/stm32l4xx_hal_cortex.o
 .text.HAL_NVIC_SetPriorityGrouping
                0x00000000080069de       0x16 ./Drivers/STM32L4xx_HAL_Driver/Src/stm32l4xx_hal_cortex.o
                0x00000000080069de                HAL_NVIC_SetPriorityGrouping
 .text.HAL_NVIC_SetPriority
                0x00000000080069f4       0x38 ./Drivers/STM32L4xx_HAL_Driver/Src/stm32l4xx_hal_cortex.o
                0x00000000080069f4                HAL_NVIC_SetPriority
 .text.HAL_NVIC_EnableIRQ
                0x0000000008006a2c       0x1c ./Drivers/STM32L4xx_HAL_Driver/Src/stm32l4xx_hal_cortex.o
                0x0000000008006a2c                HAL_NVIC_EnableIRQ
 .text.HAL_DMA_Abort
                0x0000000008006a48       0xb8 ./Drivers/STM32L4xx_HAL_Driver/Src/stm32l4xx_hal_dma.o
                0x0000000008006a48                HAL_DMA_Abort
 .text.HAL_DMA_Abort_IT
                0x0000000008006b00       0xbe ./Drivers/STM32L4xx_HAL_Driver/Src/stm32l4xx_hal_dma.o
                0x0000000008006b00                HAL_DMA_Abort_IT
 *fill*         0x0000000008006bbe        0x2 
 .text.HAL_GPIO_Init
                0x0000000008006bc0      0x324 ./Drivers/STM32L4xx_HAL_Driver/Src/stm32l4xx_hal_gpio.o
                0x0000000008006bc0                HAL_GPIO_Init
 .text.HAL_GPIO_WritePin
                0x0000000008006ee4       0x30 ./Drivers/STM32L4xx_HAL_Driver/Src/stm32l4xx_hal_gpio.o
                0x0000000008006ee4                HAL_GPIO_WritePin
 .text.HAL_GPIO_TogglePin
                0x0000000008006f14       0x34 ./Drivers/STM32L4xx_HAL_Driver/Src/stm32l4xx_hal_gpio.o
                0x0000000008006f14                HAL_GPIO_TogglePin
 .text.HAL_GPIO_EXTI_IRQHandler
                0x0000000008006f48       0x30 ./Drivers/STM32L4xx_HAL_Driver/Src/stm32l4xx_hal_gpio.o
                0x0000000008006f48                HAL_GPIO_EXTI_IRQHandler
 .text.HAL_GPIO_EXTI_Callback
                0x0000000008006f78       0x16 ./Drivers/STM32L4xx_HAL_Driver/Src/stm32l4xx_hal_gpio.o
                0x0000000008006f78                HAL_GPIO_EXTI_Callback
 .text.HAL_I2C_Init
                0x0000000008006f8e      0x11e ./Drivers/STM32L4xx_HAL_Driver/Src/stm32l4xx_hal_i2c.o
                0x0000000008006f8e                HAL_I2C_Init
 .text.HAL_I2C_Master_Transmit
                0x00000000080070ac      0x1e8 ./Drivers/STM32L4xx_HAL_Driver/Src/stm32l4xx_hal_i2c.o
                0x00000000080070ac                HAL_I2C_Master_Transmit
 .text.HAL_I2C_Master_Receive
                0x0000000008007294      0x1ec ./Drivers/STM32L4xx_HAL_Driver/Src/stm32l4xx_hal_i2c.o
                0x0000000008007294                HAL_I2C_Master_Receive
 .text.HAL_I2C_Mem_Write
                0x0000000008007480      0x228 ./Drivers/STM32L4xx_HAL_Driver/Src/stm32l4xx_hal_i2c.o
                0x0000000008007480                HAL_I2C_Mem_Write
 .text.HAL_I2C_Mem_Read
                0x00000000080076a8      0x234 ./Drivers/STM32L4xx_HAL_Driver/Src/stm32l4xx_hal_i2c.o
                0x00000000080076a8                HAL_I2C_Mem_Read
 .text.HAL_I2C_EV_IRQHandler
                0x00000000080078dc       0x34 ./Drivers/STM32L4xx_HAL_Driver/Src/stm32l4xx_hal_i2c.o
                0x00000000080078dc                HAL_I2C_EV_IRQHandler
 .text.I2C_RequestMemoryWrite
                0x0000000008007910       0xa8 ./Drivers/STM32L4xx_HAL_Driver/Src/stm32l4xx_hal_i2c.o
 .text.I2C_RequestMemoryRead
                0x00000000080079b8       0xa8 ./Drivers/STM32L4xx_HAL_Driver/Src/stm32l4xx_hal_i2c.o
 .text.I2C_Flush_TXDR
                0x0000000008007a60       0x48 ./Drivers/STM32L4xx_HAL_Driver/Src/stm32l4xx_hal_i2c.o
 .text.I2C_WaitOnFlagUntilTimeout
                0x0000000008007aa8       0x80 ./Drivers/STM32L4xx_HAL_Driver/Src/stm32l4xx_hal_i2c.o
 .text.I2C_WaitOnTXISFlagUntilTimeout
                0x0000000008007b28       0x80 ./Drivers/STM32L4xx_HAL_Driver/Src/stm32l4xx_hal_i2c.o
 .text.I2C_WaitOnSTOPFlagUntilTimeout
                0x0000000008007ba8       0x78 ./Drivers/STM32L4xx_HAL_Driver/Src/stm32l4xx_hal_i2c.o
 .text.I2C_WaitOnRXNEFlagUntilTimeout
                0x0000000008007c20       0xf4 ./Drivers/STM32L4xx_HAL_Driver/Src/stm32l4xx_hal_i2c.o
 .text.I2C_IsErrorOccurred
                0x0000000008007d14      0x1d8 ./Drivers/STM32L4xx_HAL_Driver/Src/stm32l4xx_hal_i2c.o
 .text.I2C_TransferConfig
                0x0000000008007eec       0x64 ./Drivers/STM32L4xx_HAL_Driver/Src/stm32l4xx_hal_i2c.o
 .text.HAL_I2CEx_ConfigAnalogFilter
                0x0000000008007f50       0x96 ./Drivers/STM32L4xx_HAL_Driver/Src/stm32l4xx_hal_i2c_ex.o
                0x0000000008007f50                HAL_I2CEx_ConfigAnalogFilter
 .text.HAL_I2CEx_ConfigDigitalFilter
                0x0000000008007fe6       0x98 ./Drivers/STM32L4xx_HAL_Driver/Src/stm32l4xx_hal_i2c_ex.o
                0x0000000008007fe6                HAL_I2CEx_ConfigDigitalFilter
 *fill*         0x000000000800807e        0x2 
 .text.HAL_PWREx_GetVoltageRange
                0x0000000008008080       0x40 ./Drivers/STM32L4xx_HAL_Driver/Src/stm32l4xx_hal_pwr_ex.o
                0x0000000008008080                HAL_PWREx_GetVoltageRange
 .text.HAL_PWREx_ControlVoltageScaling
                0x00000000080080c0      0x148 ./Drivers/STM32L4xx_HAL_Driver/Src/stm32l4xx_hal_pwr_ex.o
                0x00000000080080c0                HAL_PWREx_ControlVoltageScaling
 .text.HAL_RCC_OscConfig
                0x0000000008008208      0x834 ./Drivers/STM32L4xx_HAL_Driver/Src/stm32l4xx_hal_rcc.o
                0x0000000008008208                HAL_RCC_OscConfig
 .text.HAL_RCC_ClockConfig
                0x0000000008008a3c      0x274 ./Drivers/STM32L4xx_HAL_Driver/Src/stm32l4xx_hal_rcc.o
                0x0000000008008a3c                HAL_RCC_ClockConfig
 .text.HAL_RCC_GetSysClockFreq
                0x0000000008008cb0      0x118 ./Drivers/STM32L4xx_HAL_Driver/Src/stm32l4xx_hal_rcc.o
                0x0000000008008cb0                HAL_RCC_GetSysClockFreq
 .text.HAL_RCC_GetHCLKFreq
                0x0000000008008dc8       0x18 ./Drivers/STM32L4xx_HAL_Driver/Src/stm32l4xx_hal_rcc.o
                0x0000000008008dc8                HAL_RCC_GetHCLKFreq
 .text.HAL_RCC_GetPCLK1Freq
                0x0000000008008de0       0x2c ./Drivers/STM32L4xx_HAL_Driver/Src/stm32l4xx_hal_rcc.o
                0x0000000008008de0                HAL_RCC_GetPCLK1Freq
 .text.HAL_RCC_GetPCLK2Freq
                0x0000000008008e0c       0x2c ./Drivers/STM32L4xx_HAL_Driver/Src/stm32l4xx_hal_rcc.o
                0x0000000008008e0c                HAL_RCC_GetPCLK2Freq
 .text.HAL_RCC_GetClockConfig
                0x0000000008008e38       0x64 ./Drivers/STM32L4xx_HAL_Driver/Src/stm32l4xx_hal_rcc.o
                0x0000000008008e38                HAL_RCC_GetClockConfig
 .text.RCC_SetFlashLatencyFromMSIRange
                0x0000000008008e9c       0xb4 ./Drivers/STM32L4xx_HAL_Driver/Src/stm32l4xx_hal_rcc.o
 .text.RCC_GetSysClockFreqFromPLLSource
                0x0000000008008f50       0xcc ./Drivers/STM32L4xx_HAL_Driver/Src/stm32l4xx_hal_rcc.o
 .text.HAL_RCCEx_PeriphCLKConfig
                0x000000000800901c      0x660 ./Drivers/STM32L4xx_HAL_Driver/Src/stm32l4xx_hal_rcc_ex.o
                0x000000000800901c                HAL_RCCEx_PeriphCLKConfig
 .text.RCCEx_PLLSAI1_Config
                0x000000000800967c      0x1e8 ./Drivers/STM32L4xx_HAL_Driver/Src/stm32l4xx_hal_rcc_ex.o
 .text.RCCEx_PLLSAI2_Config
                0x0000000008009864      0x1e8 ./Drivers/STM32L4xx_HAL_Driver/Src/stm32l4xx_hal_rcc_ex.o
 .text.HAL_TIM_Base_Init
                0x0000000008009a4c       0xae ./Drivers/STM32L4xx_HAL_Driver/Src/stm32l4xx_hal_tim.o
                0x0000000008009a4c                HAL_TIM_Base_Init
 .text.HAL_TIM_Base_MspInit
                0x0000000008009afa       0x14 ./Drivers/STM32L4xx_HAL_Driver/Src/stm32l4xx_hal_tim.o
                0x0000000008009afa                HAL_TIM_Base_MspInit
 *fill*         0x0000000008009b0e        0x2 
 .text.HAL_TIM_Base_Start_IT
                0x0000000008009b10       0xe0 ./Drivers/STM32L4xx_HAL_Driver/Src/stm32l4xx_hal_tim.o
                0x0000000008009b10                HAL_TIM_Base_Start_IT
 .text.HAL_TIM_IRQHandler
                0x0000000008009bf0      0x23e ./Drivers/STM32L4xx_HAL_Driver/Src/stm32l4xx_hal_tim.o
                0x0000000008009bf0                HAL_TIM_IRQHandler
 .text.HAL_TIM_OC_DelayElapsedCallback
                0x0000000008009e2e       0x14 ./Drivers/STM32L4xx_HAL_Driver/Src/stm32l4xx_hal_tim.o
                0x0000000008009e2e                HAL_TIM_OC_DelayElapsedCallback
 .text.HAL_TIM_IC_CaptureCallback
                0x0000000008009e42       0x14 ./Drivers/STM32L4xx_HAL_Driver/Src/stm32l4xx_hal_tim.o
                0x0000000008009e42                HAL_TIM_IC_CaptureCallback
 .text.HAL_TIM_PWM_PulseFinishedCallback
                0x0000000008009e56       0x14 ./Drivers/STM32L4xx_HAL_Driver/Src/stm32l4xx_hal_tim.o
                0x0000000008009e56                HAL_TIM_PWM_PulseFinishedCallback
 .text.HAL_TIM_TriggerCallback
                0x0000000008009e6a       0x14 ./Drivers/STM32L4xx_HAL_Driver/Src/stm32l4xx_hal_tim.o
                0x0000000008009e6a                HAL_TIM_TriggerCallback
 *fill*         0x0000000008009e7e        0x2 
 .text.TIM_Base_SetConfig
                0x0000000008009e80      0x134 ./Drivers/STM32L4xx_HAL_Driver/Src/stm32l4xx_hal_tim.o
                0x0000000008009e80                TIM_Base_SetConfig
 .text.HAL_TIMEx_CommutCallback
                0x0000000008009fb4       0x14 ./Drivers/STM32L4xx_HAL_Driver/Src/stm32l4xx_hal_tim_ex.o
                0x0000000008009fb4                HAL_TIMEx_CommutCallback
 .text.HAL_TIMEx_BreakCallback
                0x0000000008009fc8       0x14 ./Drivers/STM32L4xx_HAL_Driver/Src/stm32l4xx_hal_tim_ex.o
                0x0000000008009fc8                HAL_TIMEx_BreakCallback
 .text.HAL_TIMEx_Break2Callback
                0x0000000008009fdc       0x14 ./Drivers/STM32L4xx_HAL_Driver/Src/stm32l4xx_hal_tim_ex.o
                0x0000000008009fdc                HAL_TIMEx_Break2Callback
 .text.HAL_UART_Init
                0x0000000008009ff0       0xa0 ./Drivers/STM32L4xx_HAL_Driver/Src/stm32l4xx_hal_uart.o
                0x0000000008009ff0                HAL_UART_Init
 .text.HAL_UART_Transmit
                0x000000000800a090      0x12e ./Drivers/STM32L4xx_HAL_Driver/Src/stm32l4xx_hal_uart.o
                0x000000000800a090                HAL_UART_Transmit
 *fill*         0x000000000800a1be        0x2 
 .text.HAL_UART_Receive_IT
                0x000000000800a1c0       0xac ./Drivers/STM32L4xx_HAL_Driver/Src/stm32l4xx_hal_uart.o
                0x000000000800a1c0                HAL_UART_Receive_IT
 .text.HAL_UART_IRQHandler
                0x000000000800a26c      0x630 ./Drivers/STM32L4xx_HAL_Driver/Src/stm32l4xx_hal_uart.o
                0x000000000800a26c                HAL_UART_IRQHandler
 .text.HAL_UART_TxCpltCallback
                0x000000000800a89c       0x14 ./Drivers/STM32L4xx_HAL_Driver/Src/stm32l4xx_hal_uart.o
                0x000000000800a89c                HAL_UART_TxCpltCallback
 .text.HAL_UART_ErrorCallback
                0x000000000800a8b0       0x14 ./Drivers/STM32L4xx_HAL_Driver/Src/stm32l4xx_hal_uart.o
                0x000000000800a8b0                HAL_UART_ErrorCallback
 .text.HAL_UARTEx_RxEventCallback
                0x000000000800a8c4       0x18 ./Drivers/STM32L4xx_HAL_Driver/Src/stm32l4xx_hal_uart.o
                0x000000000800a8c4                HAL_UARTEx_RxEventCallback
 .text.UART_SetConfig
                0x000000000800a8dc      0x5f8 ./Drivers/STM32L4xx_HAL_Driver/Src/stm32l4xx_hal_uart.o
                0x000000000800a8dc                UART_SetConfig
 .text.UART_AdvFeatureConfig
                0x000000000800aed4      0x144 ./Drivers/STM32L4xx_HAL_Driver/Src/stm32l4xx_hal_uart.o
                0x000000000800aed4                UART_AdvFeatureConfig
 .text.UART_CheckIdleState
                0x000000000800b018       0x96 ./Drivers/STM32L4xx_HAL_Driver/Src/stm32l4xx_hal_uart.o
                0x000000000800b018                UART_CheckIdleState
 .text.UART_WaitOnFlagUntilTimeout
                0x000000000800b0ae      0x190 ./Drivers/STM32L4xx_HAL_Driver/Src/stm32l4xx_hal_uart.o
                0x000000000800b0ae                UART_WaitOnFlagUntilTimeout
 *fill*         0x000000000800b23e        0x2 
 .text.UART_Start_Receive_IT
                0x000000000800b240      0x254 ./Drivers/STM32L4xx_HAL_Driver/Src/stm32l4xx_hal_uart.o
                0x000000000800b240                UART_Start_Receive_IT
 .text.UART_EndRxTransfer
                0x000000000800b494       0xcc ./Drivers/STM32L4xx_HAL_Driver/Src/stm32l4xx_hal_uart.o
 .text.UART_DMAAbortOnError
                0x000000000800b560       0x2c ./Drivers/STM32L4xx_HAL_Driver/Src/stm32l4xx_hal_uart.o
 .text.UART_EndTransmit_IT
                0x000000000800b58c       0x56 ./Drivers/STM32L4xx_HAL_Driver/Src/stm32l4xx_hal_uart.o
 .text.UART_RxISR_8BIT
                0x000000000800b5e2      0x164 ./Drivers/STM32L4xx_HAL_Driver/Src/stm32l4xx_hal_uart.o
 .text.UART_RxISR_16BIT
                0x000000000800b746      0x164 ./Drivers/STM32L4xx_HAL_Driver/Src/stm32l4xx_hal_uart.o
 *fill*         0x000000000800b8aa        0x2 
 .text.UART_RxISR_8BIT_FIFOEN
                0x000000000800b8ac      0x2fc ./Drivers/STM32L4xx_HAL_Driver/Src/stm32l4xx_hal_uart.o
 .text.UART_RxISR_16BIT_FIFOEN
                0x000000000800bba8      0x304 ./Drivers/STM32L4xx_HAL_Driver/Src/stm32l4xx_hal_uart.o
 .text.HAL_UARTEx_WakeupCallback
                0x000000000800beac       0x14 ./Drivers/STM32L4xx_HAL_Driver/Src/stm32l4xx_hal_uart_ex.o
                0x000000000800beac                HAL_UARTEx_WakeupCallback
 .text.HAL_UARTEx_RxFifoFullCallback
                0x000000000800bec0       0x14 ./Drivers/STM32L4xx_HAL_Driver/Src/stm32l4xx_hal_uart_ex.o
                0x000000000800bec0                HAL_UARTEx_RxFifoFullCallback
 .text.HAL_UARTEx_TxFifoEmptyCallback
                0x000000000800bed4       0x14 ./Drivers/STM32L4xx_HAL_Driver/Src/stm32l4xx_hal_uart_ex.o
                0x000000000800bed4                HAL_UARTEx_TxFifoEmptyCallback
 .text.HAL_UARTEx_DisableFifoMode
                0x000000000800bee8       0x72 ./Drivers/STM32L4xx_HAL_Driver/Src/stm32l4xx_hal_uart_ex.o
                0x000000000800bee8                HAL_UARTEx_DisableFifoMode
 .text.HAL_UARTEx_SetTxFifoThreshold
                0x000000000800bf5a       0x7c ./Drivers/STM32L4xx_HAL_Driver/Src/stm32l4xx_hal_uart_ex.o
                0x000000000800bf5a                HAL_UARTEx_SetTxFifoThreshold
 .text.HAL_UARTEx_SetRxFifoThreshold
                0x000000000800bfd6       0x7c ./Drivers/STM32L4xx_HAL_Driver/Src/stm32l4xx_hal_uart_ex.o
                0x000000000800bfd6                HAL_UARTEx_SetRxFifoThreshold
 *fill*         0x000000000800c052        0x2 
 .text.UARTEx_SetNbDataToProcess
                0x000000000800c054       0x9c ./Drivers/STM32L4xx_HAL_Driver/Src/stm32l4xx_hal_uart_ex.o
 .text.__NVIC_SetPriority
                0x000000000800c0f0       0x54 ./Middlewares/Third_Party/FreeRTOS/Source/CMSIS_RTOS_V2/cmsis_os2.o
 .text.SysTick_Handler
                0x000000000800c144       0x20 ./Middlewares/Third_Party/FreeRTOS/Source/CMSIS_RTOS_V2/cmsis_os2.o
                0x000000000800c144                SysTick_Handler
 .text.SVC_Setup
                0x000000000800c164       0x12 ./Middlewares/Third_Party/FreeRTOS/Source/CMSIS_RTOS_V2/cmsis_os2.o
 *fill*         0x000000000800c176        0x2 
 .text.osKernelInitialize
                0x000000000800c178       0x48 ./Middlewares/Third_Party/FreeRTOS/Source/CMSIS_RTOS_V2/cmsis_os2.o
                0x000000000800c178                osKernelInitialize
 .text.osKernelStart
                0x000000000800c1c0       0x4c ./Middlewares/Third_Party/FreeRTOS/Source/CMSIS_RTOS_V2/cmsis_os2.o
                0x000000000800c1c0                osKernelStart
 .text.osThreadNew
                0x000000000800c20c      0x124 ./Middlewares/Third_Party/FreeRTOS/Source/CMSIS_RTOS_V2/cmsis_os2.o
                0x000000000800c20c                osThreadNew
 .text.osThreadSuspend
                0x000000000800c330       0x42 ./Middlewares/Third_Party/FreeRTOS/Source/CMSIS_RTOS_V2/cmsis_os2.o
                0x000000000800c330                osThreadSuspend
 .text.osThreadResume
                0x000000000800c372       0x42 ./Middlewares/Third_Party/FreeRTOS/Source/CMSIS_RTOS_V2/cmsis_os2.o
                0x000000000800c372                osThreadResume
 .text.osDelay  0x000000000800c3b4       0x36 ./Middlewares/Third_Party/FreeRTOS/Source/CMSIS_RTOS_V2/cmsis_os2.o
                0x000000000800c3b4                osDelay
 .text.osEventFlagsNew
                0x000000000800c3ea       0x7e ./Middlewares/Third_Party/FreeRTOS/Source/CMSIS_RTOS_V2/cmsis_os2.o
                0x000000000800c3ea                osEventFlagsNew
 .text.osEventFlagsSet
                0x000000000800c468       0x88 ./Middlewares/Third_Party/FreeRTOS/Source/CMSIS_RTOS_V2/cmsis_os2.o
                0x000000000800c468                osEventFlagsSet
 .text.osEventFlagsWait
                0x000000000800c4f0       0xcc ./Middlewares/Third_Party/FreeRTOS/Source/CMSIS_RTOS_V2/cmsis_os2.o
                0x000000000800c4f0                osEventFlagsWait
 .text.osMutexNew
                0x000000000800c5bc      0x10c ./Middlewares/Third_Party/FreeRTOS/Source/CMSIS_RTOS_V2/cmsis_os2.o
                0x000000000800c5bc                osMutexNew
 .text.osMessageQueueNew
                0x000000000800c6c8       0xe6 ./Middlewares/Third_Party/FreeRTOS/Source/CMSIS_RTOS_V2/cmsis_os2.o
                0x000000000800c6c8                osMessageQueueNew
 *fill*         0x000000000800c7ae        0x2 
 .text.osMessageQueuePut
                0x000000000800c7b0       0xc0 ./Middlewares/Third_Party/FreeRTOS/Source/CMSIS_RTOS_V2/cmsis_os2.o
                0x000000000800c7b0                osMessageQueuePut
 .text.osMessageQueueGet
                0x000000000800c870       0xbc ./Middlewares/Third_Party/FreeRTOS/Source/CMSIS_RTOS_V2/cmsis_os2.o
                0x000000000800c870                osMessageQueueGet
 .text.vApplicationGetIdleTaskMemory
                0x000000000800c92c       0x34 ./Middlewares/Third_Party/FreeRTOS/Source/CMSIS_RTOS_V2/cmsis_os2.o
                0x000000000800c92c                vApplicationGetIdleTaskMemory
 .text.vApplicationGetTimerTaskMemory
                0x000000000800c960       0x34 ./Middlewares/Third_Party/FreeRTOS/Source/CMSIS_RTOS_V2/cmsis_os2.o
                0x000000000800c960                vApplicationGetTimerTaskMemory
 .text.xEventGroupCreateStatic
                0x000000000800c994       0x6e ./Middlewares/Third_Party/FreeRTOS/Source/event_groups.o
                0x000000000800c994                xEventGroupCreateStatic
 .text.xEventGroupCreate
                0x000000000800ca02       0x34 ./Middlewares/Third_Party/FreeRTOS/Source/event_groups.o
                0x000000000800ca02                xEventGroupCreate
 *fill*         0x000000000800ca36        0x2 
 .text.xEventGroupWaitBits
                0x000000000800ca38      0x19c ./Middlewares/Third_Party/FreeRTOS/Source/event_groups.o
                0x000000000800ca38                xEventGroupWaitBits
 .text.xEventGroupSetBits
                0x000000000800cbd4      0x116 ./Middlewares/Third_Party/FreeRTOS/Source/event_groups.o
                0x000000000800cbd4                xEventGroupSetBits
 .text.vEventGroupSetBitsCallback
                0x000000000800ccea       0x1a ./Middlewares/Third_Party/FreeRTOS/Source/event_groups.o
                0x000000000800ccea                vEventGroupSetBitsCallback
 .text.prvTestWaitCondition
                0x000000000800cd04       0x44 ./Middlewares/Third_Party/FreeRTOS/Source/event_groups.o
 .text.xEventGroupSetBitsFromISR
                0x000000000800cd48       0x28 ./Middlewares/Third_Party/FreeRTOS/Source/event_groups.o
                0x000000000800cd48                xEventGroupSetBitsFromISR
 .text.vListInitialise
                0x000000000800cd70       0x40 ./Middlewares/Third_Party/FreeRTOS/Source/list.o
                0x000000000800cd70                vListInitialise
 .text.vListInitialiseItem
                0x000000000800cdb0       0x1a ./Middlewares/Third_Party/FreeRTOS/Source/list.o
                0x000000000800cdb0                vListInitialiseItem
 .text.vListInsertEnd
                0x000000000800cdca       0x48 ./Middlewares/Third_Party/FreeRTOS/Source/list.o
                0x000000000800cdca                vListInsertEnd
 .text.vListInsert
                0x000000000800ce12       0x72 ./Middlewares/Third_Party/FreeRTOS/Source/list.o
                0x000000000800ce12                vListInsert
 .text.uxListRemove
                0x000000000800ce84       0x54 ./Middlewares/Third_Party/FreeRTOS/Source/list.o
                0x000000000800ce84                uxListRemove
 .text.xQueueGenericReset
                0x000000000800ced8       0xd0 ./Middlewares/Third_Party/FreeRTOS/Source/queue.o
                0x000000000800ced8                xQueueGenericReset
 .text.xQueueGenericCreateStatic
                0x000000000800cfa8       0xf0 ./Middlewares/Third_Party/FreeRTOS/Source/queue.o
                0x000000000800cfa8                xQueueGenericCreateStatic
 .text.xQueueGenericCreate
                0x000000000800d098       0x74 ./Middlewares/Third_Party/FreeRTOS/Source/queue.o
                0x000000000800d098                xQueueGenericCreate
 .text.prvInitialiseNewQueue
                0x000000000800d10c       0x46 ./Middlewares/Third_Party/FreeRTOS/Source/queue.o
 .text.prvInitialiseMutex
                0x000000000800d152       0x34 ./Middlewares/Third_Party/FreeRTOS/Source/queue.o
 .text.xQueueCreateMutex
                0x000000000800d186       0x30 ./Middlewares/Third_Party/FreeRTOS/Source/queue.o
                0x000000000800d186                xQueueCreateMutex
 .text.xQueueCreateMutexStatic
                0x000000000800d1b6       0x36 ./Middlewares/Third_Party/FreeRTOS/Source/queue.o
                0x000000000800d1b6                xQueueCreateMutexStatic
 .text.xQueueGenericSend
                0x000000000800d1ec      0x1fc ./Middlewares/Third_Party/FreeRTOS/Source/queue.o
                0x000000000800d1ec                xQueueGenericSend
 .text.xQueueGenericSendFromISR
                0x000000000800d3e8      0x136 ./Middlewares/Third_Party/FreeRTOS/Source/queue.o
                0x000000000800d3e8                xQueueGenericSendFromISR
 *fill*         0x000000000800d51e        0x2 
 .text.xQueueReceive
                0x000000000800d520      0x1c0 ./Middlewares/Third_Party/FreeRTOS/Source/queue.o
                0x000000000800d520                xQueueReceive
 .text.xQueueReceiveFromISR
                0x000000000800d6e0      0x100 ./Middlewares/Third_Party/FreeRTOS/Source/queue.o
                0x000000000800d6e0                xQueueReceiveFromISR
 .text.prvCopyDataToQueue
                0x000000000800d7e0       0xd4 ./Middlewares/Third_Party/FreeRTOS/Source/queue.o
 .text.prvCopyDataFromQueue
                0x000000000800d8b4       0x4c ./Middlewares/Third_Party/FreeRTOS/Source/queue.o
 .text.prvUnlockQueue
                0x000000000800d900       0xa4 ./Middlewares/Third_Party/FreeRTOS/Source/queue.o
 .text.prvIsQueueEmpty
                0x000000000800d9a4       0x2c ./Middlewares/Third_Party/FreeRTOS/Source/queue.o
 .text.prvIsQueueFull
                0x000000000800d9d0       0x30 ./Middlewares/Third_Party/FreeRTOS/Source/queue.o
 .text.vQueueAddToRegistry
                0x000000000800da00       0x54 ./Middlewares/Third_Party/FreeRTOS/Source/queue.o
                0x000000000800da00                vQueueAddToRegistry
 .text.vQueueWaitForMessageRestricted
                0x000000000800da54       0x68 ./Middlewares/Third_Party/FreeRTOS/Source/queue.o
                0x000000000800da54                vQueueWaitForMessageRestricted
 .text.xTaskCreateStatic
                0x000000000800dabc       0xba ./Middlewares/Third_Party/FreeRTOS/Source/tasks.o
                0x000000000800dabc                xTaskCreateStatic
 .text.xTaskCreate
                0x000000000800db76       0x8a ./Middlewares/Third_Party/FreeRTOS/Source/tasks.o
                0x000000000800db76                xTaskCreate
 .text.prvInitialiseNewTask
                0x000000000800dc00      0x11e ./Middlewares/Third_Party/FreeRTOS/Source/tasks.o
 *fill*         0x000000000800dd1e        0x2 
 .text.prvAddNewTaskToReadyList
                0x000000000800dd20       0xe0 ./Middlewares/Third_Party/FreeRTOS/Source/tasks.o
 .text.vTaskDelay
                0x000000000800de00       0x68 ./Middlewares/Third_Party/FreeRTOS/Source/tasks.o
                0x000000000800de00                vTaskDelay
 .text.vTaskSuspend
                0x000000000800de68       0xec ./Middlewares/Third_Party/FreeRTOS/Source/tasks.o
                0x000000000800de68                vTaskSuspend
 .text.prvTaskIsTaskSuspended
                0x000000000800df54       0x64 ./Middlewares/Third_Party/FreeRTOS/Source/tasks.o
 .text.vTaskResume
                0x000000000800dfb8       0xbc ./Middlewares/Third_Party/FreeRTOS/Source/tasks.o
                0x000000000800dfb8                vTaskResume
 .text.vTaskStartScheduler
                0x000000000800e074       0xcc ./Middlewares/Third_Party/FreeRTOS/Source/tasks.o
                0x000000000800e074                vTaskStartScheduler
 .text.vTaskSuspendAll
                0x000000000800e140       0x1c ./Middlewares/Third_Party/FreeRTOS/Source/tasks.o
                0x000000000800e140                vTaskSuspendAll
 .text.xTaskResumeAll
                0x000000000800e15c      0x13c ./Middlewares/Third_Party/FreeRTOS/Source/tasks.o
                0x000000000800e15c                xTaskResumeAll
 .text.xTaskGetTickCount
                0x000000000800e298       0x20 ./Middlewares/Third_Party/FreeRTOS/Source/tasks.o
                0x000000000800e298                xTaskGetTickCount
 .text.xTaskIncrementTick
                0x000000000800e2b8      0x174 ./Middlewares/Third_Party/FreeRTOS/Source/tasks.o
                0x000000000800e2b8                xTaskIncrementTick
 .text.vTaskSwitchContext
                0x000000000800e42c       0xbc ./Middlewares/Third_Party/FreeRTOS/Source/tasks.o
                0x000000000800e42c                vTaskSwitchContext
 .text.vTaskPlaceOnEventList
                0x000000000800e4e8       0x48 ./Middlewares/Third_Party/FreeRTOS/Source/tasks.o
                0x000000000800e4e8                vTaskPlaceOnEventList
 .text.vTaskPlaceOnUnorderedEventList
                0x000000000800e530       0x78 ./Middlewares/Third_Party/FreeRTOS/Source/tasks.o
                0x000000000800e530                vTaskPlaceOnUnorderedEventList
 .text.vTaskPlaceOnEventListRestricted
                0x000000000800e5a8       0x58 ./Middlewares/Third_Party/FreeRTOS/Source/tasks.o
                0x000000000800e5a8                vTaskPlaceOnEventListRestricted
 .text.xTaskRemoveFromEventList
                0x000000000800e600       0xc8 ./Middlewares/Third_Party/FreeRTOS/Source/tasks.o
                0x000000000800e600                xTaskRemoveFromEventList
 .text.vTaskRemoveFromUnorderedEventList
                0x000000000800e6c8       0xc4 ./Middlewares/Third_Party/FreeRTOS/Source/tasks.o
                0x000000000800e6c8                vTaskRemoveFromUnorderedEventList
 .text.vTaskInternalSetTimeOutState
                0x000000000800e78c       0x2c ./Middlewares/Third_Party/FreeRTOS/Source/tasks.o
                0x000000000800e78c                vTaskInternalSetTimeOutState
 .text.xTaskCheckForTimeOut
                0x000000000800e7b8       0xc4 ./Middlewares/Third_Party/FreeRTOS/Source/tasks.o
                0x000000000800e7b8                xTaskCheckForTimeOut
 .text.vTaskMissedYield
                0x000000000800e87c       0x18 ./Middlewares/Third_Party/FreeRTOS/Source/tasks.o
                0x000000000800e87c                vTaskMissedYield
 .text.prvIdleTask
                0x000000000800e894       0x30 ./Middlewares/Third_Party/FreeRTOS/Source/tasks.o
 .text.prvInitialiseTaskLists
                0x000000000800e8c4       0x80 ./Middlewares/Third_Party/FreeRTOS/Source/tasks.o
 .text.prvCheckTasksWaitingTermination
                0x000000000800e944       0x5c ./Middlewares/Third_Party/FreeRTOS/Source/tasks.o
 .text.prvDeleteTCB
                0x000000000800e9a0       0x5e ./Middlewares/Third_Party/FreeRTOS/Source/tasks.o
 *fill*         0x000000000800e9fe        0x2 
 .text.prvResetNextTaskUnblockTime
                0x000000000800ea00       0x40 ./Middlewares/Third_Party/FreeRTOS/Source/tasks.o
 .text.xTaskGetSchedulerState
                0x000000000800ea40       0x3c ./Middlewares/Third_Party/FreeRTOS/Source/tasks.o
                0x000000000800ea40                xTaskGetSchedulerState
 .text.xTaskPriorityDisinherit
                0x000000000800ea7c       0xdc ./Middlewares/Third_Party/FreeRTOS/Source/tasks.o
                0x000000000800ea7c                xTaskPriorityDisinherit
 .text.uxTaskResetEventItemValue
                0x000000000800eb58       0x30 ./Middlewares/Third_Party/FreeRTOS/Source/tasks.o
                0x000000000800eb58                uxTaskResetEventItemValue
 .text.prvAddCurrentTaskToDelayedList
                0x000000000800eb88       0xa8 ./Middlewares/Third_Party/FreeRTOS/Source/tasks.o
 .text.xTimerCreateTimerTask
                0x000000000800ec30       0x90 ./Middlewares/Third_Party/FreeRTOS/Source/timers.o
                0x000000000800ec30                xTimerCreateTimerTask
 .text.xTimerGenericCommand
                0x000000000800ecc0       0x9c ./Middlewares/Third_Party/FreeRTOS/Source/timers.o
                0x000000000800ecc0                xTimerGenericCommand
 .text.prvProcessExpiredTimer
                0x000000000800ed5c       0x98 ./Middlewares/Third_Party/FreeRTOS/Source/timers.o
 .text.prvTimerTask
                0x000000000800edf4       0x24 ./Middlewares/Third_Party/FreeRTOS/Source/timers.o
 .text.prvProcessTimerOrBlockTask
                0x000000000800ee18       0x9c ./Middlewares/Third_Party/FreeRTOS/Source/timers.o
 .text.prvGetNextExpireTime
                0x000000000800eeb4       0x48 ./Middlewares/Third_Party/FreeRTOS/Source/timers.o
 .text.prvSampleTimeNow
                0x000000000800eefc       0x40 ./Middlewares/Third_Party/FreeRTOS/Source/timers.o
 .text.prvInsertTimerInActiveList
                0x000000000800ef3c       0x84 ./Middlewares/Third_Party/FreeRTOS/Source/timers.o
 .text.prvProcessReceivedCommands
                0x000000000800efc0      0x1c4 ./Middlewares/Third_Party/FreeRTOS/Source/timers.o
 .text.prvSwitchTimerLists
                0x000000000800f184       0xc8 ./Middlewares/Third_Party/FreeRTOS/Source/timers.o
 .text.prvCheckForValidListAndQueue
                0x000000000800f24c       0x80 ./Middlewares/Third_Party/FreeRTOS/Source/timers.o
 .text.xTimerPendFunctionCallFromISR
                0x000000000800f2cc       0x40 ./Middlewares/Third_Party/FreeRTOS/Source/timers.o
                0x000000000800f2cc                xTimerPendFunctionCallFromISR
 .text.pxPortInitialiseStack
                0x000000000800f30c       0x68 ./Middlewares/Third_Party/FreeRTOS/Source/portable/GCC/ARM_CM4F/port.o
                0x000000000800f30c                pxPortInitialiseStack
 .text.prvTaskExitError
                0x000000000800f374       0x58 ./Middlewares/Third_Party/FreeRTOS/Source/portable/GCC/ARM_CM4F/port.o
 *fill*         0x000000000800f3cc        0x4 
 .text.SVC_Handler
                0x000000000800f3d0       0x28 ./Middlewares/Third_Party/FreeRTOS/Source/portable/GCC/ARM_CM4F/port.o
                0x000000000800f3d0                SVC_Handler
 .text.prvPortStartFirstTask
                0x000000000800f3f8       0x28 ./Middlewares/Third_Party/FreeRTOS/Source/portable/GCC/ARM_CM4F/port.o
 .text.xPortStartScheduler
                0x000000000800f420      0x144 ./Middlewares/Third_Party/FreeRTOS/Source/portable/GCC/ARM_CM4F/port.o
                0x000000000800f420                xPortStartScheduler
 .text.vPortEnterCritical
                0x000000000800f564       0x60 ./Middlewares/Third_Party/FreeRTOS/Source/portable/GCC/ARM_CM4F/port.o
                0x000000000800f564                vPortEnterCritical
 .text.vPortExitCritical
                0x000000000800f5c4       0x54 ./Middlewares/Third_Party/FreeRTOS/Source/portable/GCC/ARM_CM4F/port.o
                0x000000000800f5c4                vPortExitCritical
 *fill*         0x000000000800f618        0x8 
 .text.PendSV_Handler
                0x000000000800f620       0x68 ./Middlewares/Third_Party/FreeRTOS/Source/portable/GCC/ARM_CM4F/port.o
                0x000000000800f620                PendSV_Handler
 .text.xPortSysTickHandler
                0x000000000800f688       0x44 ./Middlewares/Third_Party/FreeRTOS/Source/portable/GCC/ARM_CM4F/port.o
                0x000000000800f688                xPortSysTickHandler
 .text.vPortSetupTimerInterrupt
                0x000000000800f6cc       0x48 ./Middlewares/Third_Party/FreeRTOS/Source/portable/GCC/ARM_CM4F/port.o
                0x000000000800f6cc                vPortSetupTimerInterrupt
 .text.vPortEnableVFP
                0x000000000800f714       0x14 ./Middlewares/Third_Party/FreeRTOS/Source/portable/GCC/ARM_CM4F/port.o
 .text.vPortValidateInterruptPriority
                0x000000000800f728       0x80 ./Middlewares/Third_Party/FreeRTOS/Source/portable/GCC/ARM_CM4F/port.o
                0x000000000800f728                vPortValidateInterruptPriority
 .text.pvPortMalloc
                0x000000000800f7a8      0x198 ./Middlewares/Third_Party/FreeRTOS/Source/portable/MemMang/heap_4.o
                0x000000000800f7a8                pvPortMalloc
 .text.vPortFree
                0x000000000800f940       0xc4 ./Middlewares/Third_Party/FreeRTOS/Source/portable/MemMang/heap_4.o
                0x000000000800f940                vPortFree
 .text.prvHeapInit
                0x000000000800fa04       0xc4 ./Middlewares/Third_Party/FreeRTOS/Source/portable/MemMang/heap_4.o
 .text.prvInsertBlockIntoFreeList
                0x000000000800fac8       0xb4 ./Middlewares/Third_Party/FreeRTOS/Source/portable/MemMang/heap_4.o
 .text.__errno  0x000000000800fb7c        0xc c:/st/stm32cubeide_1.12.1/stm32cubeide/plugins/com.st.stm32cube.ide.mcu.externaltools.gnu-tools-for-stm32.10.3-2021.10.win32_1.0.200.202301161003/tools/bin/../lib/gcc/arm-none-eabi/10.3.1/../../../../arm-none-eabi/lib/thumb/v7e-m+fp/hard\libc_nano.a(lib_a-errno.o)
                0x000000000800fb7c                __errno
 .text.__libc_init_array
                0x000000000800fb88       0x48 c:/st/stm32cubeide_1.12.1/stm32cubeide/plugins/com.st.stm32cube.ide.mcu.externaltools.gnu-tools-for-stm32.10.3-2021.10.win32_1.0.200.202301161003/tools/bin/../lib/gcc/arm-none-eabi/10.3.1/../../../../arm-none-eabi/lib/thumb/v7e-m+fp/hard\libc_nano.a(lib_a-init.o)
                0x000000000800fb88                __libc_init_array
 .text.malloc   0x000000000800fbd0       0x10 c:/st/stm32cubeide_1.12.1/stm32cubeide/plugins/com.st.stm32cube.ide.mcu.externaltools.gnu-tools-for-stm32.10.3-2021.10.win32_1.0.200.202301161003/tools/bin/../lib/gcc/arm-none-eabi/10.3.1/../../../../arm-none-eabi/lib/thumb/v7e-m+fp/hard\libc_nano.a(lib_a-malloc.o)
                0x000000000800fbd0                malloc
 .text.memcpy   0x000000000800fbe0       0x1c c:/st/stm32cubeide_1.12.1/stm32cubeide/plugins/com.st.stm32cube.ide.mcu.externaltools.gnu-tools-for-stm32.10.3-2021.10.win32_1.0.200.202301161003/tools/bin/../lib/gcc/arm-none-eabi/10.3.1/../../../../arm-none-eabi/lib/thumb/v7e-m+fp/hard\libc_nano.a(lib_a-memcpy-stub.o)
                0x000000000800fbe0                memcpy
 .text.memset   0x000000000800fbfc       0x10 c:/st/stm32cubeide_1.12.1/stm32cubeide/plugins/com.st.stm32cube.ide.mcu.externaltools.gnu-tools-for-stm32.10.3-2021.10.win32_1.0.200.202301161003/tools/bin/../lib/gcc/arm-none-eabi/10.3.1/../../../../arm-none-eabi/lib/thumb/v7e-m+fp/hard\libc_nano.a(lib_a-memset.o)
                0x000000000800fbfc                memset
 .text._free_r  0x000000000800fc0c       0x98 c:/st/stm32cubeide_1.12.1/stm32cubeide/plugins/com.st.stm32cube.ide.mcu.externaltools.gnu-tools-for-stm32.10.3-2021.10.win32_1.0.200.202301161003/tools/bin/../lib/gcc/arm-none-eabi/10.3.1/../../../../arm-none-eabi/lib/thumb/v7e-m+fp/hard\libc_nano.a(lib_a-nano-freer.o)
                0x000000000800fc0c                _free_r
 .text.sbrk_aligned
                0x000000000800fca4       0x40 c:/st/stm32cubeide_1.12.1/stm32cubeide/plugins/com.st.stm32cube.ide.mcu.externaltools.gnu-tools-for-stm32.10.3-2021.10.win32_1.0.200.202301161003/tools/bin/../lib/gcc/arm-none-eabi/10.3.1/../../../../arm-none-eabi/lib/thumb/v7e-m+fp/hard\libc_nano.a(lib_a-nano-mallocr.o)
 .text._malloc_r
                0x000000000800fce4       0xe8 c:/st/stm32cubeide_1.12.1/stm32cubeide/plugins/com.st.stm32cube.ide.mcu.externaltools.gnu-tools-for-stm32.10.3-2021.10.win32_1.0.200.202301161003/tools/bin/../lib/gcc/arm-none-eabi/10.3.1/../../../../arm-none-eabi/lib/thumb/v7e-m+fp/hard\libc_nano.a(lib_a-nano-mallocr.o)
                0x000000000800fce4                _malloc_r
 .text.__cvt    0x000000000800fdcc       0xc4 c:/st/stm32cubeide_1.12.1/stm32cubeide/plugins/com.st.stm32cube.ide.mcu.externaltools.gnu-tools-for-stm32.10.3-2021.10.win32_1.0.200.202301161003/tools/bin/../lib/gcc/arm-none-eabi/10.3.1/../../../../arm-none-eabi/lib/thumb/v7e-m+fp/hard\libc_nano.a(lib_a-nano-vfprintf_float.o)
                0x000000000800fdcc                __cvt
 .text.__exponent
                0x000000000800fe90       0x7c c:/st/stm32cubeide_1.12.1/stm32cubeide/plugins/com.st.stm32cube.ide.mcu.externaltools.gnu-tools-for-stm32.10.3-2021.10.win32_1.0.200.202301161003/tools/bin/../lib/gcc/arm-none-eabi/10.3.1/../../../../arm-none-eabi/lib/thumb/v7e-m+fp/hard\libc_nano.a(lib_a-nano-vfprintf_float.o)
                0x000000000800fe90                __exponent
 .text._printf_float
                0x000000000800ff0c      0x46c c:/st/stm32cubeide_1.12.1/stm32cubeide/plugins/com.st.stm32cube.ide.mcu.externaltools.gnu-tools-for-stm32.10.3-2021.10.win32_1.0.200.202301161003/tools/bin/../lib/gcc/arm-none-eabi/10.3.1/../../../../arm-none-eabi/lib/thumb/v7e-m+fp/hard\libc_nano.a(lib_a-nano-vfprintf_float.o)
                0x000000000800ff0c                _printf_float
 .text._printf_common
                0x0000000008010378       0xda c:/st/stm32cubeide_1.12.1/stm32cubeide/plugins/com.st.stm32cube.ide.mcu.externaltools.gnu-tools-for-stm32.10.3-2021.10.win32_1.0.200.202301161003/tools/bin/../lib/gcc/arm-none-eabi/10.3.1/../../../../arm-none-eabi/lib/thumb/v7e-m+fp/hard\libc_nano.a(lib_a-nano-vfprintf_i.o)
                0x0000000008010378                _printf_common
 *fill*         0x0000000008010452        0x2 
 .text._printf_i
                0x0000000008010454      0x24c c:/st/stm32cubeide_1.12.1/stm32cubeide/plugins/com.st.stm32cube.ide.mcu.externaltools.gnu-tools-for-stm32.10.3-2021.10.win32_1.0.200.202301161003/tools/bin/../lib/gcc/arm-none-eabi/10.3.1/../../../../arm-none-eabi/lib/thumb/v7e-m+fp/hard\libc_nano.a(lib_a-nano-vfprintf_i.o)
                0x0000000008010454                _printf_i
 .text._sbrk_r  0x00000000080106a0       0x20 c:/st/stm32cubeide_1.12.1/stm32cubeide/plugins/com.st.stm32cube.ide.mcu.externaltools.gnu-tools-for-stm32.10.3-2021.10.win32_1.0.200.202301161003/tools/bin/../lib/gcc/arm-none-eabi/10.3.1/../../../../arm-none-eabi/lib/thumb/v7e-m+fp/hard\libc_nano.a(lib_a-sbrkr.o)
                0x00000000080106a0                _sbrk_r
 .text.sprintf  0x00000000080106c0       0x40 c:/st/stm32cubeide_1.12.1/stm32cubeide/plugins/com.st.stm32cube.ide.mcu.externaltools.gnu-tools-for-stm32.10.3-2021.10.win32_1.0.200.202301161003/tools/bin/../lib/gcc/arm-none-eabi/10.3.1/../../../../arm-none-eabi/lib/thumb/v7e-m+fp/hard\libc_nano.a(lib_a-sprintf.o)
                0x00000000080106c0                siprintf
                0x00000000080106c0                sprintf
 .text.strcpy   0x0000000008010700       0x10 c:/st/stm32cubeide_1.12.1/stm32cubeide/plugins/com.st.stm32cube.ide.mcu.externaltools.gnu-tools-for-stm32.10.3-2021.10.win32_1.0.200.202301161003/tools/bin/../lib/gcc/arm-none-eabi/10.3.1/../../../../arm-none-eabi/lib/thumb/v7e-m+fp/hard\libc_nano.a(lib_a-strcpy.o)
                0x0000000008010700                strcpy
 .text.strpbrk  0x0000000008010710       0x34 c:/st/stm32cubeide_1.12.1/stm32cubeide/plugins/com.st.stm32cube.ide.mcu.externaltools.gnu-tools-for-stm32.10.3-2021.10.win32_1.0.200.202301161003/tools/bin/../lib/gcc/arm-none-eabi/10.3.1/../../../../arm-none-eabi/lib/thumb/v7e-m+fp/hard\libc_nano.a(lib_a-strpbrk.o)
                0x0000000008010710                strpbrk
 .text.quorem   0x0000000008010744      0x116 c:/st/stm32cubeide_1.12.1/stm32cubeide/plugins/com.st.stm32cube.ide.mcu.externaltools.gnu-tools-for-stm32.10.3-2021.10.win32_1.0.200.202301161003/tools/bin/../lib/gcc/arm-none-eabi/10.3.1/../../../../arm-none-eabi/lib/thumb/v7e-m+fp/hard\libc_nano.a(lib_a-dtoa.o)
 *fill*         0x000000000801085a        0x6 
 .text._dtoa_r  0x0000000008010860      0xbdc c:/st/stm32cubeide_1.12.1/stm32cubeide/plugins/com.st.stm32cube.ide.mcu.externaltools.gnu-tools-for-stm32.10.3-2021.10.win32_1.0.200.202301161003/tools/bin/../lib/gcc/arm-none-eabi/10.3.1/../../../../arm-none-eabi/lib/thumb/v7e-m+fp/hard\libc_nano.a(lib_a-dtoa.o)
                0x0000000008010860                _dtoa_r
 .text._localeconv_r
                0x000000000801143c        0x8 c:/st/stm32cubeide_1.12.1/stm32cubeide/plugins/com.st.stm32cube.ide.mcu.externaltools.gnu-tools-for-stm32.10.3-2021.10.win32_1.0.200.202301161003/tools/bin/../lib/gcc/arm-none-eabi/10.3.1/../../../../arm-none-eabi/lib/thumb/v7e-m+fp/hard\libc_nano.a(lib_a-localeconv.o)
                0x000000000801143c                _localeconv_r
 .text.__malloc_lock
                0x0000000008011444        0xc c:/st/stm32cubeide_1.12.1/stm32cubeide/plugins/com.st.stm32cube.ide.mcu.externaltools.gnu-tools-for-stm32.10.3-2021.10.win32_1.0.200.202301161003/tools/bin/../lib/gcc/arm-none-eabi/10.3.1/../../../../arm-none-eabi/lib/thumb/v7e-m+fp/hard\libc_nano.a(lib_a-mlock.o)
                0x0000000008011444                __malloc_lock
 .text.__malloc_unlock
                0x0000000008011450        0xc c:/st/stm32cubeide_1.12.1/stm32cubeide/plugins/com.st.stm32cube.ide.mcu.externaltools.gnu-tools-for-stm32.10.3-2021.10.win32_1.0.200.202301161003/tools/bin/../lib/gcc/arm-none-eabi/10.3.1/../../../../arm-none-eabi/lib/thumb/v7e-m+fp/hard\libc_nano.a(lib_a-mlock.o)
                0x0000000008011450                __malloc_unlock
 .text._Balloc  0x000000000801145c       0x80 c:/st/stm32cubeide_1.12.1/stm32cubeide/plugins/com.st.stm32cube.ide.mcu.externaltools.gnu-tools-for-stm32.10.3-2021.10.win32_1.0.200.202301161003/tools/bin/../lib/gcc/arm-none-eabi/10.3.1/../../../../arm-none-eabi/lib/thumb/v7e-m+fp/hard\libc_nano.a(lib_a-mprec.o)
                0x000000000801145c                _Balloc
 .text._Bfree   0x00000000080114dc       0x44 c:/st/stm32cubeide_1.12.1/stm32cubeide/plugins/com.st.stm32cube.ide.mcu.externaltools.gnu-tools-for-stm32.10.3-2021.10.win32_1.0.200.202301161003/tools/bin/../lib/gcc/arm-none-eabi/10.3.1/../../../../arm-none-eabi/lib/thumb/v7e-m+fp/hard\libc_nano.a(lib_a-mprec.o)
                0x00000000080114dc                _Bfree
 .text.__multadd
                0x0000000008011520       0x8c c:/st/stm32cubeide_1.12.1/stm32cubeide/plugins/com.st.stm32cube.ide.mcu.externaltools.gnu-tools-for-stm32.10.3-2021.10.win32_1.0.200.202301161003/tools/bin/../lib/gcc/arm-none-eabi/10.3.1/../../../../arm-none-eabi/lib/thumb/v7e-m+fp/hard\libc_nano.a(lib_a-mprec.o)
                0x0000000008011520                __multadd
 .text.__hi0bits
                0x00000000080115ac       0x40 c:/st/stm32cubeide_1.12.1/stm32cubeide/plugins/com.st.stm32cube.ide.mcu.externaltools.gnu-tools-for-stm32.10.3-2021.10.win32_1.0.200.202301161003/tools/bin/../lib/gcc/arm-none-eabi/10.3.1/../../../../arm-none-eabi/lib/thumb/v7e-m+fp/hard\libc_nano.a(lib_a-mprec.o)
                0x00000000080115ac                __hi0bits
 .text.__lo0bits
                0x00000000080115ec       0x5e c:/st/stm32cubeide_1.12.1/stm32cubeide/plugins/com.st.stm32cube.ide.mcu.externaltools.gnu-tools-for-stm32.10.3-2021.10.win32_1.0.200.202301161003/tools/bin/../lib/gcc/arm-none-eabi/10.3.1/../../../../arm-none-eabi/lib/thumb/v7e-m+fp/hard\libc_nano.a(lib_a-mprec.o)
                0x00000000080115ec                __lo0bits
 *fill*         0x000000000801164a        0x2 
 .text.__i2b    0x000000000801164c       0x2c c:/st/stm32cubeide_1.12.1/stm32cubeide/plugins/com.st.stm32cube.ide.mcu.externaltools.gnu-tools-for-stm32.10.3-2021.10.win32_1.0.200.202301161003/tools/bin/../lib/gcc/arm-none-eabi/10.3.1/../../../../arm-none-eabi/lib/thumb/v7e-m+fp/hard\libc_nano.a(lib_a-mprec.o)
                0x000000000801164c                __i2b
 .text.__multiply
                0x0000000008011678      0x154 c:/st/stm32cubeide_1.12.1/stm32cubeide/plugins/com.st.stm32cube.ide.mcu.externaltools.gnu-tools-for-stm32.10.3-2021.10.win32_1.0.200.202301161003/tools/bin/../lib/gcc/arm-none-eabi/10.3.1/../../../../arm-none-eabi/lib/thumb/v7e-m+fp/hard\libc_nano.a(lib_a-mprec.o)
                0x0000000008011678                __multiply
 .text.__pow5mult
                0x00000000080117cc       0xb4 c:/st/stm32cubeide_1.12.1/stm32cubeide/plugins/com.st.stm32cube.ide.mcu.externaltools.gnu-tools-for-stm32.10.3-2021.10.win32_1.0.200.202301161003/tools/bin/../lib/gcc/arm-none-eabi/10.3.1/../../../../arm-none-eabi/lib/thumb/v7e-m+fp/hard\libc_nano.a(lib_a-mprec.o)
                0x00000000080117cc                __pow5mult
 .text.__lshift
                0x0000000008011880       0xe0 c:/st/stm32cubeide_1.12.1/stm32cubeide/plugins/com.st.stm32cube.ide.mcu.externaltools.gnu-tools-for-stm32.10.3-2021.10.win32_1.0.200.202301161003/tools/bin/../lib/gcc/arm-none-eabi/10.3.1/../../../../arm-none-eabi/lib/thumb/v7e-m+fp/hard\libc_nano.a(lib_a-mprec.o)
                0x0000000008011880                __lshift
 .text.__mcmp   0x0000000008011960       0x38 c:/st/stm32cubeide_1.12.1/stm32cubeide/plugins/com.st.stm32cube.ide.mcu.externaltools.gnu-tools-for-stm32.10.3-2021.10.win32_1.0.200.202301161003/tools/bin/../lib/gcc/arm-none-eabi/10.3.1/../../../../arm-none-eabi/lib/thumb/v7e-m+fp/hard\libc_nano.a(lib_a-mprec.o)
                0x0000000008011960                __mcmp
 .text.__mdiff  0x0000000008011998      0x114 c:/st/stm32cubeide_1.12.1/stm32cubeide/plugins/com.st.stm32cube.ide.mcu.externaltools.gnu-tools-for-stm32.10.3-2021.10.win32_1.0.200.202301161003/tools/bin/../lib/gcc/arm-none-eabi/10.3.1/../../../../arm-none-eabi/lib/thumb/v7e-m+fp/hard\libc_nano.a(lib_a-mprec.o)
                0x0000000008011998                __mdiff
 .text.__d2b    0x0000000008011aac       0xb8 c:/st/stm32cubeide_1.12.1/stm32cubeide/plugins/com.st.stm32cube.ide.mcu.externaltools.gnu-tools-for-stm32.10.3-2021.10.win32_1.0.200.202301161003/tools/bin/../lib/gcc/arm-none-eabi/10.3.1/../../../../arm-none-eabi/lib/thumb/v7e-m+fp/hard\libc_nano.a(lib_a-mprec.o)
                0x0000000008011aac                __d2b
 .text._calloc_r
                0x0000000008011b64       0x2c c:/st/stm32cubeide_1.12.1/stm32cubeide/plugins/com.st.stm32cube.ide.mcu.externaltools.gnu-tools-for-stm32.10.3-2021.10.win32_1.0.200.202301161003/tools/bin/../lib/gcc/arm-none-eabi/10.3.1/../../../../arm-none-eabi/lib/thumb/v7e-m+fp/hard\libc_nano.a(lib_a-nano-callocr.o)
                0x0000000008011b64                _calloc_r
 .text.__ssputs_r
                0x0000000008011b90       0xb6 c:/st/stm32cubeide_1.12.1/stm32cubeide/plugins/com.st.stm32cube.ide.mcu.externaltools.gnu-tools-for-stm32.10.3-2021.10.win32_1.0.200.202301161003/tools/bin/../lib/gcc/arm-none-eabi/10.3.1/../../../../arm-none-eabi/lib/thumb/v7e-m+fp/hard\libc_nano.a(lib_a-nano-svfprintf.o)
                0x0000000008011b90                __ssputs_r
 *fill*         0x0000000008011c46        0x2 
 .text._svfprintf_r
                0x0000000008011c48      0x200 c:/st/stm32cubeide_1.12.1/stm32cubeide/plugins/com.st.stm32cube.ide.mcu.externaltools.gnu-tools-for-stm32.10.3-2021.10.win32_1.0.200.202301161003/tools/bin/../lib/gcc/arm-none-eabi/10.3.1/../../../../arm-none-eabi/lib/thumb/v7e-m+fp/hard\libc_nano.a(lib_a-nano-svfprintf.o)
                0x0000000008011c48                _svfiprintf_r
                0x0000000008011c48                _svfprintf_r
 .text.__assert_func
                0x0000000008011e48       0x3c c:/st/stm32cubeide_1.12.1/stm32cubeide/plugins/com.st.stm32cube.ide.mcu.externaltools.gnu-tools-for-stm32.10.3-2021.10.win32_1.0.200.202301161003/tools/bin/../lib/gcc/arm-none-eabi/10.3.1/../../../../arm-none-eabi/lib/thumb/v7e-m+fp/hard\libc_nano.a(lib_a-assert.o)
                0x0000000008011e48                __assert_func
 .text.fprintf  0x0000000008011e84       0x24 c:/st/stm32cubeide_1.12.1/stm32cubeide/plugins/com.st.stm32cube.ide.mcu.externaltools.gnu-tools-for-stm32.10.3-2021.10.win32_1.0.200.202301161003/tools/bin/../lib/gcc/arm-none-eabi/10.3.1/../../../../arm-none-eabi/lib/thumb/v7e-m+fp/hard\libc_nano.a(lib_a-fprintf.o)
                0x0000000008011e84                fiprintf
                0x0000000008011e84                fprintf
 .text.__retarget_lock_init_recursive
                0x0000000008011ea8        0x2 c:/st/stm32cubeide_1.12.1/stm32cubeide/plugins/com.st.stm32cube.ide.mcu.externaltools.gnu-tools-for-stm32.10.3-2021.10.win32_1.0.200.202301161003/tools/bin/../lib/gcc/arm-none-eabi/10.3.1/../../../../arm-none-eabi/lib/thumb/v7e-m+fp/hard\libc_nano.a(lib_a-lock.o)
                0x0000000008011ea8                __retarget_lock_init_recursive
 .text.__retarget_lock_acquire_recursive
                0x0000000008011eaa        0x2 c:/st/stm32cubeide_1.12.1/stm32cubeide/plugins/com.st.stm32cube.ide.mcu.externaltools.gnu-tools-for-stm32.10.3-2021.10.win32_1.0.200.202301161003/tools/bin/../lib/gcc/arm-none-eabi/10.3.1/../../../../arm-none-eabi/lib/thumb/v7e-m+fp/hard\libc_nano.a(lib_a-lock.o)
                0x0000000008011eaa                __retarget_lock_acquire_recursive
 .text.__retarget_lock_release_recursive
                0x0000000008011eac        0x2 c:/st/stm32cubeide_1.12.1/stm32cubeide/plugins/com.st.stm32cube.ide.mcu.externaltools.gnu-tools-for-stm32.10.3-2021.10.win32_1.0.200.202301161003/tools/bin/../lib/gcc/arm-none-eabi/10.3.1/../../../../arm-none-eabi/lib/thumb/v7e-m+fp/hard\libc_nano.a(lib_a-lock.o)
                0x0000000008011eac                __retarget_lock_release_recursive
 .text.__ascii_mbtowc
                0x0000000008011eae       0x24 c:/st/stm32cubeide_1.12.1/stm32cubeide/plugins/com.st.stm32cube.ide.mcu.externaltools.gnu-tools-for-stm32.10.3-2021.10.win32_1.0.200.202301161003/tools/bin/../lib/gcc/arm-none-eabi/10.3.1/../../../../arm-none-eabi/lib/thumb/v7e-m+fp/hard\libc_nano.a(lib_a-mbtowc_r.o)
                0x0000000008011eae                __ascii_mbtowc
 .text.memmove  0x0000000008011ed2       0x34 c:/st/stm32cubeide_1.12.1/stm32cubeide/plugins/com.st.stm32cube.ide.mcu.externaltools.gnu-tools-for-stm32.10.3-2021.10.win32_1.0.200.202301161003/tools/bin/../lib/gcc/arm-none-eabi/10.3.1/../../../../arm-none-eabi/lib/thumb/v7e-m+fp/hard\libc_nano.a(lib_a-memmove.o)
                0x0000000008011ed2                memmove
 .text._realloc_r
                0x0000000008011f06       0x5e c:/st/stm32cubeide_1.12.1/stm32cubeide/plugins/com.st.stm32cube.ide.mcu.externaltools.gnu-tools-for-stm32.10.3-2021.10.win32_1.0.200.202301161003/tools/bin/../lib/gcc/arm-none-eabi/10.3.1/../../../../arm-none-eabi/lib/thumb/v7e-m+fp/hard\libc_nano.a(lib_a-nano-reallocr.o)
                0x0000000008011f06                _realloc_r
 .text.__sfputc_r
                0x0000000008011f64       0x2e c:/st/stm32cubeide_1.12.1/stm32cubeide/plugins/com.st.stm32cube.ide.mcu.externaltools.gnu-tools-for-stm32.10.3-2021.10.win32_1.0.200.202301161003/tools/bin/../lib/gcc/arm-none-eabi/10.3.1/../../../../arm-none-eabi/lib/thumb/v7e-m+fp/hard\libc_nano.a(lib_a-nano-vfprintf.o)
 .text.__sfputs_r
                0x0000000008011f92       0x24 c:/st/stm32cubeide_1.12.1/stm32cubeide/plugins/com.st.stm32cube.ide.mcu.externaltools.gnu-tools-for-stm32.10.3-2021.10.win32_1.0.200.202301161003/tools/bin/../lib/gcc/arm-none-eabi/10.3.1/../../../../arm-none-eabi/lib/thumb/v7e-m+fp/hard\libc_nano.a(lib_a-nano-vfprintf.o)
                0x0000000008011f92                __sfputs_r
 *fill*         0x0000000008011fb6        0x2 
 .text._vfprintf_r
                0x0000000008011fb8      0x260 c:/st/stm32cubeide_1.12.1/stm32cubeide/plugins/com.st.stm32cube.ide.mcu.externaltools.gnu-tools-for-stm32.10.3-2021.10.win32_1.0.200.202301161003/tools/bin/../lib/gcc/arm-none-eabi/10.3.1/../../../../arm-none-eabi/lib/thumb/v7e-m+fp/hard\libc_nano.a(lib_a-nano-vfprintf.o)
                0x0000000008011fb8                _vfprintf_r
                0x0000000008011fb8                _vfiprintf_r
 .text.__swbuf_r
                0x0000000008012218       0xa4 c:/st/stm32cubeide_1.12.1/stm32cubeide/plugins/com.st.stm32cube.ide.mcu.externaltools.gnu-tools-for-stm32.10.3-2021.10.win32_1.0.200.202301161003/tools/bin/../lib/gcc/arm-none-eabi/10.3.1/../../../../arm-none-eabi/lib/thumb/v7e-m+fp/hard\libc_nano.a(lib_a-wbuf.o)
                0x0000000008012218                __swbuf_r
 .text.__ascii_wctomb
                0x00000000080122bc       0x1a c:/st/stm32cubeide_1.12.1/stm32cubeide/plugins/com.st.stm32cube.ide.mcu.externaltools.gnu-tools-for-stm32.10.3-2021.10.win32_1.0.200.202301161003/tools/bin/../lib/gcc/arm-none-eabi/10.3.1/../../../../arm-none-eabi/lib/thumb/v7e-m+fp/hard\libc_nano.a(lib_a-wctomb_r.o)
                0x00000000080122bc                __ascii_wctomb
 *fill*         0x00000000080122d6        0x2 
 .text.__swsetup_r
                0x00000000080122d8       0xdc c:/st/stm32cubeide_1.12.1/stm32cubeide/plugins/com.st.stm32cube.ide.mcu.externaltools.gnu-tools-for-stm32.10.3-2021.10.win32_1.0.200.202301161003/tools/bin/../lib/gcc/arm-none-eabi/10.3.1/../../../../arm-none-eabi/lib/thumb/v7e-m+fp/hard\libc_nano.a(lib_a-wsetup.o)
                0x00000000080122d8                __swsetup_r
 .text.abort    0x00000000080123b4        0xe c:/st/stm32cubeide_1.12.1/stm32cubeide/plugins/com.st.stm32cube.ide.mcu.externaltools.gnu-tools-for-stm32.10.3-2021.10.win32_1.0.200.202301161003/tools/bin/../lib/gcc/arm-none-eabi/10.3.1/../../../../arm-none-eabi/lib/thumb/v7e-m+fp/hard\libc_nano.a(lib_a-abort.o)
                0x00000000080123b4                abort
 *fill*         0x00000000080123c2        0x2 
 .text.__sflush_r
                0x00000000080123c4      0x10c c:/st/stm32cubeide_1.12.1/stm32cubeide/plugins/com.st.stm32cube.ide.mcu.externaltools.gnu-tools-for-stm32.10.3-2021.10.win32_1.0.200.202301161003/tools/bin/../lib/gcc/arm-none-eabi/10.3.1/../../../../arm-none-eabi/lib/thumb/v7e-m+fp/hard\libc_nano.a(lib_a-fflush.o)
                0x00000000080123c4                __sflush_r
 .text._fflush_r
                0x00000000080124d0       0x78 c:/st/stm32cubeide_1.12.1/stm32cubeide/plugins/com.st.stm32cube.ide.mcu.externaltools.gnu-tools-for-stm32.10.3-2021.10.win32_1.0.200.202301161003/tools/bin/../lib/gcc/arm-none-eabi/10.3.1/../../../../arm-none-eabi/lib/thumb/v7e-m+fp/hard\libc_nano.a(lib_a-fflush.o)
                0x00000000080124d0                _fflush_r