../Core/Src/gps_neoM9N.c:25:9:ublox_i2c_bus_init	8	static
../Core/Src/gps_neoM9N.c:57:6:ublox_tick	16	static
../Core/Src/gps_neoM9N.c:92:19:ubloxInit	16	static
../Core/Src/gps_neoM9N.c:110:19:ubloxNmeaGGA_set_refresh_rate	16	static
../Core/Src/gps_neoM9N.c:114:9:ubloxRead	32	static
../Core/Src/gps_neoM9N.c:139:9:parseNMEA	56	static
../Core/Src/gps_neoM9N.c:208:13:calcChecksum	24	static
../Core/Src/gps_neoM9N.c:232:19:sendI2Cmessage	64	static
../Core/Src/gps_neoM9N.c:250:19:setPortOutput	40	static
../Core/Src/gps_neoM9N.c:263:19:ubloxSaveConfiguration	24	static
../Core/Src/gps_neoM9N.c:275:19:ubloxLoadConfiguration	24	static
../Core/Src/gps_neoM9N.c:287:19:ubloxResetConfiguration	24	static
../Core/Src/gps_neoM9N.c:301:19:getPortSettings	40	static
../Core/Src/gps_neoM9N.c:322:19:getMessageSettings	40	static
../Core/Src/gps_neoM9N.c:345:19:configureNMEA	32	static
../Core/Src/gps_neoM9N.c:358:19:powerOffWithInterrupt	32	static
../Core/Src/gps_neoM9N.c:386:19:setPowerSaveMode	24	static
../Core/Src/gps_neoM9N.c:398:19:powerModeGet	40	static
../Core/Src/gps_neoM9N.c:419:19:createBackup	16	static
../Core/Src/gps_neoM9N.c:430:19:restoreBackupData	16	static
../Core/Src/gps_neoM9N.c:441:19:resetReceiver	24	static
../Core/Src/gps_neoM9N.c:455:6:init_gps_data	8	static
../Core/Src/gps_neoM9N.c:470:19:UbloxI2CWriteReadPolling	40	static
