../Core/Src/main.c:116:5:main	128	static
../Core/Src/main.c:221:6:StartDefaultTask	16	static
../Core/Src/main.c:234:6:calcHeadingTask	72	static
../Core/Src/main.c:252:6:readMemsTask	56	static
../Core/Src/main.c:266:6:printOutTask	88	static
../Core/Src/main.c:288:6:getCoorsTask	16	static
../Core/Src/main.c:310:6:SystemClock_Config	96	static
../Core/Src/main.c:361:13:MX_GPIO_Init	48	static
../Core/Src/main.c:566:6:HAL_TIM_PeriodElapsedCallback	16	static
../Core/Src/main.c:583:6:Error_Handler	8	static,ignoring_inline_asm
