../Core/Src/main.c:111:5:main	128	static
../Core/Src/main.c:214:6:StartDefaultTask	16	static
../Core/Src/main.c:227:6:calcHeadingTask	72	static
../Core/Src/main.c:245:6:readMemsTask	56	static
../Core/Src/main.c:257:6:printOutTask	88	static
../Core/Src/main.c:279:6:getCoorsTask	16	static
../Core/Src/main.c:299:6:SystemClock_Config	96	static
../Core/Src/main.c:350:13:MX_GPIO_Init	48	static
../Core/Src/main.c:555:6:HAL_TIM_PeriodElapsedCallback	16	static
../Core/Src/main.c:572:6:Error_Handler	8	static,ignoring_inline_asm
